аарон
аборт
аварийна
авиационна
австралиецът
австралийската
австралийски
австроунгария
автомат
ад
азиатски
азия
алах
алжирски
алкохолик
алкохол
аллахска
аллахски
аллах
алла
алцхаймер
амбициозен
американец
американската
американска
американски
америка
амин
амок
амфетамини
анален
аналният
аналния
анархистична
английски
англиканската
англичанин
англичани
англосаксонски
андеш
анджелино
анджело
анджи
анимационен
антибългарин
антихриста
анус
анцузи
апостолическа
арабин
арабите
араби
арабската
арабска
арестуван
аритмия
аркадий
арогантен
арогантна
артилерийския
асоциален
атаката
атака
атеистите
атентат
атомни
африканска
африкански
африканци
африка
афроамериканец
ащите
баира
байко
баламурник
бандерол
бандитите
бандити
бандит
банкенска
банкнота
бан
бардак
бардаците
баща
бебета
бебе
бедните
бедността
бедност
бедстваща
бежанец
бежански
безделник
бездомно
безкористен
безкруполен
безнравственост
безперспективност
безпокоя
безработица
безстопанственост
белгийски
белезникав
бенин
бенямин
бен
бермудите
бесен
биберон
библията
библия
бидон
биен
бизнесменка
бийвъс
бийч
бикини
билo
бин
биологичен
бисексуалните
бисексуални
бисексуалността
бисквити
битката
битка
бито
бия
благосъстоянието
благосъстояние
блестяща
блондинките
блонди
блудства
блуза
бобър
богатите
бога
богинята
богохулник
бог
боец
боже
бозае
бозки
боката
боклук
боклуци
болен
болести
болест
болна
болния
болногледачка
болшевизма
болшевишки
бомбардировачи
бомбардировката
бомбардировка
бомбардировки
бомбата
бомба
бомби
бордей
бордеро
борисову
бот
брадат
брада
брадва
брадичка
брадясали
браковете
бран
брат
брегович
бременни
британска
британски
бронетранспортьори
бронираните
брониран
броня
брутален
брутен
брутният
брутния
бръкни
бсп
будете
будистска
буламач
булката
буля
бунак
бунт
бутафория
бутилка
буфер
буца
бушмилс
бълвоч
бърдак
бътхед
бял
вагина
вагини
вайцзекер
ваксина
варварски
варена
варен
варят
вар
ватикана
вбесява
вдъхновила
великобритания
велосипедист
вентилатор
верея
верски
весел
вечерям
вечното
вещицата
взрива
взрив
вибратори
вибратор
вигенин
видеоигрите
виетконг
виждани
византийско
викторович
винкели
винт
винцето
високоскоростно
вишеградската
включат
включват
включващ
включва
включи
владичество
влачил
влечуго
влога
влог
влюбена
водка
военноморския
военолюбците
возещ
войнстващ
вой
вокалист
волю
вонящи
вопие
врабчетата
врагът
враг
вредно
вродени
врява
всеобщото
втълпяване
вулва
вундеркинд
възбуден
възелът
възира
възкликна
възклицание
възобнови
възпалени
възрастен
възрастни
възседнали
външният
вържете
вярата
вяра
вярвате
вярващият
гаден
гадни
гадняр
гадост
галина
галош
галя
гаменски
гамен
гангстер
гаргамуните
гаф
гащите
гвоздеи
гевреци
генерирайки
геноцид
геостратегическия
герберастче
гербериадата
герберска
герги
германец
германия
германската
гето
гибел
главорез
главчо
гласиш
глупав
глупак
глупец
глуповат
глупости
глух
глътнах
гнидо
гнусен
гнусна
гняв
говедо
говореща
гои
голем
голия
голямо
гол
гомор
горчица
горяло
горя
господи
господ
граби
градини
градински
грандиозен
грандомани
гранит
гринго
гробище
грубиян
гръдния
гръд
гръцка
губерня
гъба
гъза
гъз
гърда
гърмяни
гърне
гьотверен
гюрултия
даго
дай
далавераджия
далекобойност
двойка
двойно
двупосочен
дебелак
дебилизъм
деветгодишни
девица
дезинформация
демократ
демон
денито
депозита
депозит
детенце
дете
детските
детски
децата
деца
деяние
деяния
джавка
джебчии
джебчия
джин
джихадист
джохарчо
диво
дига
дигне
диен
динг
добрее
добре
дозвукови
долен
долнопробна
доминиращ
донг
дон
доста
досъдебното
досъдебно
досъсипе
дпс
дразни
дребен
дребничка
дрешки
дружини
дръвник
дрънкането
дрънкане
дрямката
дряновица
дупетатин
дупе
дупката
дупка
духач
душичка
дънер
държавен
държавици
дърта
дърт
дъщеря
дяволите
дявол
дядка
еад
евреин
евреиски
евреите
еврейската
еврейска
еврейските
еврейски
еврогейове
еврогейска
европайска
европейският
европейския
евтиния
евтино
евтин
единородния
едничко
еее
езика
език
езици
екзекутиран
екскременти
експлозиви
експлозията
експлозия
екстаз
екстремистите
екстремисти
ексхибиционизъм
ексцентричен
елф
емблемите
енергичен
епигон
епитети
епос
ерекция
ескорт
естествена
етап
етиопски
етническите
етнически
еякулация
жаргонно
желание
желе
жените
жени
женски
женствено
жертвани
жертвата
жесток
животно
жилка
житница
жито
журналистиката
жълтите
жъ
забави
заблуда
заболяванията
заболявания
забрадени
забрадка
завит
завишените
завой
завоя
завършен
загинал
загина
загубеняк
заден
задника
задник
задница
задниците
задници
задявал
зайко
заключвайте
закопае
закоравял
закръглен
закупиш
закърнял
заледен
заловен
заложник
замеряна
замъглена
запалителна
запои
запънало
запъртък
заразен
зариф
заслепено
застраховка
застрелва
застрелян
застреля
затва
затъмнение
захлас
звучен
звяр
зелен
злия
злобар
злобен
зловоние
зловонна
злополука
злорадстваш
злоупотреба
злоупотреби
зомбирана
зоопарковете
зоофилията
зрели
зурли
зъбни
зърно
игра
идиотия
идиот
ид
избегнати
избиване
избива
избистрена
изверг
извратен
извършва
извършени
извършено
извърши
изгладняли
издънка
изказана
изклати
изкукал
излагащи
измама
измамите
измами
измамник
измет
измиваш
измий
измислица
измръзнал
изнасилване
изнасилена
изолация
изпражнения
изпълнението
изпълнение
изпълни
изпълнявам
изпълняват
изпълнява
изпълня
израелският
израелския
израел
изрод
изстрели
изсъхнат
изтезаван
изтезание
изтребители
изтребление
изхвърлям
изхождайки
изхожда
изцепка
изчака
изчезвай
изчерпателен
иии
иисус
имиграция
инаква
инвест
индииски
индийски
индийци
индоевропейски
индоктриниран
индуси
индус
инсинуации
интересен
интерсексуалните
инфекции
инфекция
информационно
инък
иранци
иран
ирландци
иронизиране
ислямистите
ислямистки
ислямската
ислямски
испанец
испански
испанци
истанбулския
исус
италианец
италианска
италианци
итонг
йорданците
йота
кабаев
кагебеец
казахстански
казвате
казно
каишката
каишка
какту
калитко
калъпа
кал
камионетката
канабис
канадски
канонизиран
капини
капиталист
каракачанка
карикатурист
картаполов
картечен
картечница
касетъчни
каскети
катинското
католицизма
католиците
католици
католическата
католическа
католически
катурне
кашлица
квартален
кебапчия
келнерката
кенийци
кептън
керемида
кесят
кибик
кикотене
кикот
кипарис
кирки
китаец
китайски
китайци
кифла
киха
кихот
кланетата
клането
клане
клементе
клепар
клизма
клитора
клиширани
клозета
клюн
книжовен
коалициика
коалицийка
кобурготска
ковънтри
козички
кокаина
кокаин
кокосови
кокошарника
кокошкар
коктейли
коктейл
колани
коледното
колибри
комарджия
комбинезон
комбинизон
компетентни
комуникирам
комунистическа
комунистическите
комунистическият
комунистическия
комунистически
комунистка
комунист
комуняшка
конгоанци
конкурентноспособен
консервативен
консерватор
конспирация
контраадмирал
контрибуция
конфедерална
конфедеративна
конфитюр
коняк
кон
координационен
копам
копеле
копитата
копторите
корана
коранът
коран
кореец
корейска
корейски
корейци
коремче
коренен
кори
корупция
коса
космати
космат
косми
котенца
котенце
коцкар
крада
крадец
крадците
крадци
кражба
крайнодесни
краката
краставите
краставица
кратуни
крача
крачета
краче
крачоли
креационизъм
кренвирш
крепостен
кретенията
крещя
кристиан
крихте
кръвопиец
кръвосмешение
кръговрата
кръстоносец
крясък
ксенофоб
кузманова
кука
кукичка
кукуш
кули
културист
кумица
кум
кунг
куража
кураж
курва
курви
курешки
куршума
кур
куту
куче
кучка
кучки
къзълай
кървав
късам
късоглед
кътче
кът
кьоре
ладен
лайнар
лайна
лайно
лакей
лакомо
лаком
лакочистител
лалугери
лалугер
ламарина
лампа
лапа
лапне
ласка
латиносите
латинос
латино
латински
лашкаш
лебеди
леб
лезбийка
лекарство
ленинистка
лепяха
лесбийка
лесбийките
лесбийки
лесбийски
ле
либерален
либералния
либералност
либераст
либидо
ливан
лигав
ликвидиран
ликвидира
лик
лилавата
лилава
линейка
линчуване
листна
лицемерен
лойола
локва
лолита
лосион
луд
лунатик
луцифер
лъжицата
лъжи
лъскам
лъскаше
лъчезарни
льольо
любителски
любовника
любовник
любов
любопитен
мааш
мавруд
магарета
магаре
магданоз
мадами
мазна
мазнина
майка
майничка
майонеза
майчица
макак
македонец
македонист
македонка
малевич
малодушен
малолетна
малоумен
малоумнико
малтретиране
малтретиран
малцинства
малцинство
мангала
манджа
маниак
манипулации
манипулация
мантията
маргаритки
марионетка
марихуана
масиран
масло
масов
мастурбира
матка
матрос
мафиот
мафията
мафия
маца
мачкал
машалах
мексикански
мексиканци
меллето
ментален
мерене
мерзавец
месарско
месар
метастази
метеорология
метли
мет
мигач
мигаш
милиметър
милиционерче
миличката
минет
министър
миризливо
миротворец
мислещи
мистична
митничарчета
мишена
младеж
младенеца
млад
многопластов
много
могадишо
мозъко
мойш
мол
момиченца
момиченце
момичета
момиче
момченце
момчета
момче
мормон
моряк
мотики
мохамеданин
мошеник
мръднала
мръсен
мръсник
мулат
мусаши
мускули
мусолини
мустаци
мутра
мутрички
мухльо
мухлясал
муцуна
мушморок
мъжете
мъже
мъжки
мъжът
мъртъв
мъчителен
мъчител
мюсулманин
мюсюлманин
мюсюлманка
мюсюлманските
мюсюлмански
мязаха
набиите
наблъскани
навес
навигира
навлизане
нагарча
нададе
надушват
наивен
наивник
найдат
найлонова
найлонов
наказание
наклон
наковалнята
налапахте
наложеното
намерение
намерен
намибия
намокриха
намразих
намушкал
нанасянето
нападам
нападението
нападение
напоен
наполеон
наречено
наркозависимите
наркоманите
наркоман
наркотик
наркотици
наркотичен
народчето
нарушителят
нарушителя
нарушител
нарязал
население
насилието
насилие
насилник
насреща
насрещното
наташа
натегач
натоварено
натриване
натъпкан
нахален
нахлупи
нацизма
нацистка
нацистки
нашета
наща
небесата
небръснати
неверниците
неволю
неврологични
невъоръжения
невъоръжен
негра
негри
негроиди
негро
негъра
негърските
негърски
негърче
негърът
негър
недай
незареден
неизлечимо
неизпълнение
некадърник
нелегалната
нелегална
нелицеприятен
немец
немска
немски
неонацистите
неонацисти
неопитен
неохим
непокварен
непредумишлено
неприятен
неработоспособност
неравномерното
нервя
нескопосана
несретник
несъвършен
неуравновесен
неуспех
неутрализиране
неуязвима
нехранимайко
нещастници
нигерийски
нигерийци
нигер
нимой
нимфа
нимх
нискочела
нихилист
ниe
нож
норвежец
носен
носилка
нсамо
нунан
някава
обвинения
обезпокоена
обезпокоен
обжалване
обиграна
обигран
обидя
обиждам
обикновен
оближеш
облиза
обличам
облякла
образувано
обрат
обрулена
обръснал
обсъдил
обсъжда
обусловени
общоприето
общуване
обятията
огледални
оженя
озверялата
оказващ
окачествена
окъсани
олелия
олигарх
олигофрен
омраза
онанизъм
онли
ооо
ооп
опитни
оплакваш
оправяй
опушена
орален
орално
оргазъм
организацийка
оргии
оргия
орел
ореолче
ориентации
ориентиран
орк
оръжие
оръжия
оръфляк
осама
османско
особняк
останките
останки
остатъците
остатъци
осъждане
осъзнати
осъществява
осъществят
отвличане
отводнени
отвратителното
отвращава
отвял
отдалечава
откачалник
отклоняване
откровени
отломка
отломки
отнасяне
отразяване
отрепка
отслужена
отстоявам
отхапва
отхвърляне
оун
охранен
оцветен
оцелял
оценен
оценят
паветата
павета
пагубното
пазителка
пакистанец
пакистански
пакистанци
палачинка
палач
палестинец
палестинската
палестинска
палестинските
палестински
палестинците
палестинци
панаирджийска
панталеймон
папа
паплач
парадиране
параноичен
параноя
парафин
парий
парка
паркинзите
паркирам
парк
пародия
пасете
пасифик
пасквил
пасмина
патка
патриотка
патриции
патрулка
пауни
пача
паяци
педерастия
педераст
педофилия
пееш
пекат
пениса
пениси
пенис
пенке
пенявиш
пепелника
перверзник
период
перла
персийци
петел
петица
петли
петорно
пианист
пикаене
пикам
пикая
пикня
пикочния
пинчер
пистолета
пистолет
питейно
пичове
пищенето
пищови
пияна
пияница
пияници
пиян
плакат
план
платна
платно
плевать
плейбой
пленен
плешива
пловдивчанин
пловдив
плода
плочки
плувайте
плуралистично
плюнка
пляскам
плячка
победа
побойник
побъркан
повръщам
повръщане
погачата
погледаме
поглъщат
поговорките
погребален
погребан
погребение
погребе
подбедрица
подводници
подводни
подготвени
подкупен
подлец
подмазвач
подмятания
подражател
подразбиране
подскачал
подскачащ
подсмихвам
подстрекателства
подъл
подяволите
поетика
поетична
пожар
познат
покерджия
полицаят
полови
полово
полов
положени
поляк
поляризацията
помилване
помлян
помощница
пом
понасям
понятие
поплювали
поредният
порнография
порното
порно
поробените
портата
португалци
поръчвам
посетител
последовател
посягане
потапяне
потници
потребност
потъпкване
похищение
почерпен
починала
починал
почина
пощадиха
появя
православен
православието
православната
православна
православни
прав
прасе
праснал
прасна
прашката
прашки
пребиваващ
пребита
превари
прегръща
предателю
предвижда
преден
предизвикателство
предлага
предозирали
предумишлено
предшественик
преждевременен
презастраховал
презерватив
презирана
премена
преодолеят
преосмислят
препаска
препил
препятствие
престояла
престъплението
престъпление
престъпления
престъпник
престъпниците
престъпници
претоварвания
преуспяло
прецака
преча
прибери
приемайки
приемно
признак
приказен
приклад
прикриване
прилагане
припев
приспособенци
присъда
притеснена
причинена
причинено
причинен
приятелката
приятелка
приятелче
приятел
приятен
провалът
провал
проверяване
прогнила
програмен
продажник
продукт
производство
прокажена
прокажен
проклетата
проклета
проклет
проклятие
прокурватурата
пролет
пролука
проляли
проникването
проникване
пропаганда
пропагандна
пропеят
пророка
просиш
проститутка
проститутките
проститутки
прости
простотии
простъпката
протестанска
протестански
протестантите
протестанти
протестантска
протестантските
протестантски
противник
професионалисти
прочут
прояви
пръдня
пръскаш
прътове
психическият
психично
психопат
публицист
пудинг
пуловера
путинославието
путка
путя
пушача
пушел
пушеците
пушилка
пущате
пу
пшеница
пъзльо
пъкления
пъклен
пърдиш
пърдят
пюре
рабочий
равин
радикалите
радикали
радикал
разбойник
разбрал
развалите
развалям
разведчици
развъждане
разграничава
раздухвате
разлъка
размахал
разнасяш
разочарова
разплакани
разпознавам
разпространявал
разруши
разсипе
разсмея
ракети
ракетната
рак
рамената
ранен
раничките
ранобудник
ранява
расист
расна
расов
рахманинов
раци
рашки
рви
реабилитиран
реализиран
реваншист
ревла
рев
рейнфелд
рекал
рекла
рекох
ректум
репресии
републикански
ресторант
решавай
риали
ридание
римокатолическата
рис
рицар
робство
роб
ровове
рогов
рог
родители
родопа
рождеството
ромел
росене
роска
ростовския
румънец
рунтав
рупай
русе
руските
руски
рускоговорящо
руснак
русото
русофоб
рушветчия
ръчна
савецка
сагласи
сажди
саксии
салон
самандов
самовлюбена
самовлюбен
самозащита
самозванец
самонадеян
саморазправата
самоубийство
самохвалко
санкци
сапогите
сатаната
сатана
сбърканяк
свастиката
свастика
свастики
сват
свд
светлини
светофари
свещеник
свиня
свиркам
свирка
сводник
своето
сган
сговорна
сгъваем
сдържате
северноазиатска
седнах
сеира
сеири
сеир
сексапилен
сексапил
сексуален
сексуалният
сексуалното
сексуално
секс
секцио
селище
селяк
селяндур
селянин
семейната
семейства
семейството
семпла
сенат
сенегалци
сенегал
серат
сере
сериозно
серсем
сестро
сибирска
сигурен
сигур
сидеров
силно
симетрично
синатра
сириец
сифилиса
сифилис
скандалче
скандинавска
скапана
скапан
скара
скариди
скачам
скачаща
скептичен
скинар
скине
скитник
склад
скотщина
скръндза
скръцна
скъперник
скъпоплатени
скъп
скърцане
скърцат
слабите
слабоумен
славянин
славяни
славянски
сладост
слепи
сливен
слуга
слуз
слязох
сляп
смекчаване
смелост
смешници
смотаняк
смуче
смърдя
смъртта
смърт
смятате
снайпер
снаряди
снежинки
сноват
содомията
содомия
содом
сокчета
сок
сомалиец
сопа
сопол
социалистически
социопат
соцлагер
спазвам
спазва
сперматозоиди
сперма
спин
спирала
сплашване
сприхав
срамната
срам
средство
стагниране
стаена
стакан
сталинизма
сталин
станкова
старец
старица
старогръцки
старому
старчок
статут
стингър
стойностна
стомана
стомашно
странен
страха
страхотен
страхуваш
страх
стрела
стрелбата
стрелба
стрелям
ступор
стъпиш
сувенир
сукалчета
султанати
сунната
сурогатна
сутеньорът
сутиен
сушени
схемаджия
счупена
счупен
съветска
съветския
съветски
съветът
съвецка
съвкупление
съвместен
съгласен
съгласие
съгрешил
съдбоносно
съдържащите
съдържащи
съзидание
съпричастие
сърбеж
сърдит
сърпове
съселянин
съска
съфинансиран
съюзник
табу
такана
тактичен
талибан
талмуда
тампон
тамян
таньо
таню
тан
тартюф
татарин
тачер
твърдите
текна
телеграфни
телесно
телосложение
теменуги
тениска
тениски
тенкс
терора
терорист
терор
тесногръд
тестиси
тестис
техеран
теченията
течност
тиквеник
тиквички
тиранин
тичам
тлер
тоалетната
тоалетна
токчето
топки
тора
торба
тормоз
торс
тоталитарен
тоталитарния
тошо
травестит
тракаш
тракийски
транзистор
транссексуален
транссексуални
транссексуалността
тревожа
триене
трипер
трици
тройка
тройно
тропическите
троянският
троянския
троянски
троянското
троянско
трудно
трудова
труженички
трупове
туковиж
туловище
тумбак
тургенев
турил
турското
турци
турчин
тъжният
тъмен
тъпако
тъпак
тъпанар
тъпотии
тъпоумен
тъп
тържището
търпение
тюрбани
тютюн
убедена
убеден
убивам
убиване
убиван
убиват
убива
убиец
убие
убийството
убийство
убийци
убитата
убита
убит
убият
убождане
убръкал
уверен
увито
удари
ударник
ударните
ударя
удар
удряло
узита
уили
уиски
украински
улегнал
уличница
ултранационалистически
улучвам
умен
умирам
умница
умничък
уморен
умра
умри
умрях
унизителен
уницеф
унищожава
унищожи
упражнение
уравновесени
урина
уринирам
уродлив
урод
уруд
усилил
ускори
усмихнат
установи
устнички
усуква
утев
утка
ухилена
участва
учена
учуден
ушички
ушла
уязвимите
файман
фалос
фанатик
фарисей
фарове
фарс
фатах
фашисткия
фашистки
фашист
фашкия
феи
фекалии
фелацио
феодал
фетиш
фея
филийка
филипински
филми
фистинг
фнимавай
фолксвагени
фосфорни
фотографът
франциск
франция
французин
френски
фуча
фу
фъндък
фърлих
хаааа
хааа
хазяйката
хайвер
халифската
хамаз
хамас
хамерикански
ханъма
харем
хартия
хашиш
хей
херметично
хероин
херпес
хетеросексуален
хетеросексуална
хехе
хив
хидрология
химическите
химически
химическо
хитлеризма
хитлеристка
хитлеристки
хитлер
хи
хлабава
хладнокръвно
хлад
хлапе
хлебарка
холандия
холдинг
хомосексуален
хомосексуализмът
хомосексуалист
хомосексуалните
хомосексуалност
хомофоб
хорър
хотел
хо
хрисим
християнин
християнската
християнска
христос
хрумка
хубав
художник
хулиганство
хулиган
хуманист
ххх
хъски
цайсите
цапам
цапнат
царвул
цвети
цвецо
цвят
цейлон
целувам
целува
цепнатина
цербер
цианкалий
цивилизована
цигане
циганин
циганче
цигара
цигари
цигарка
цикория
цинизми
цистерна
цистерни
циците
цици
църквата
църква
църна
чад
чалгар
чалдисали
чаровен
частица
чатала
чатал
чекиджия
чело
чепиците
червени
червенокоси
червен
черен
черния
чернокожите
чернокожи
чернокож
черупка
чесаха
четворка
четворно
четина
чиба
чик
чип
чистя
чифте
човечето
човешкото
чоплене
чорбица
чукам
чука
чукове
чупи
чупка
чупя
чутурата
чшш
шаблон
шалове
шалчета
шалче
шамар
шаран
шарени
шареното
шваба
шведска
шейтан
шестнайсети
шестотин
шибаната
шибана
шибаняк
шибаняци
шибан
шише
шиш
шницел
шовинистично
шопар
шорти
шостакович
шоу
шофьор
шумен
шут
шушумига
щеката
щука
юдаистска
южна
южноафриканци
южнокорейската
ядосан
ядрените
ядрени
язиди
яки
як
янки
японец
японска
японски
японци
ясли
яхния
antirubladjiq
dnevnikar
judas
orbi