
австралиецът
австралийската
азиатски
мастурбирам
айки
аллах
алла
американец
американската
англичанин
анджи
арабин
араби
арабската
африка
баптист
библията
близкия изток
близък изток
бог
боец
боже
боуган
бунге
буфер
бътхед
вагини
ватикана
великобритания
виетконг
гинджо
гол
господи
гук
даго
дамско бельо
дамър
дебелак
джак изкормвача
джин
дикс
динк
ду ду
ду-ду
дълбоко гърло
евреин
еврейски
европейският
език в анус
етиопски
еякулират
жените
женски
животно
жилка
задна седалка
задник
зрели
идиот
иевус
израелският
израел
индуски
испанци
исус
исус
христос
каишка
католиците
католическата
кике
китайски
копеле
кристиан
кум
курви
куун
кучи син
къминг
латински
лесбийките
лесбийски
лолита
луган
лунатик
луцифер
магистър blaster
магическа пръчка
майка
мангала
масов
мексикански
мормон
мохамеданин
мюсюлмански
нацистки
негроиден
негрос
негър
немски
нигерийски
нигерийци
нигер
ние не успя
нощно гърне
нунан
обиждам
осама
пакистански
палестинската
пенис
период
пикси
полово
полоцк
почина
празнене
предно платно
престъпниците
приказен
припев
проклет
проклятие
проститутка
протестантски
пун
пу
радикалите
раци
руски
сбал
сгхг
сатаната
секс играчки
сепо
славянски
содом
сорго
стаг
старица
стифи
съветски
тантра
тан
таф
транссексуални
троянски
тъпак
тя се изкикоти
ударните
удар
уили
ухапи ме
фарове
фатах
фелчинг
фелч
филипински
фок
фу
фъджпакър
хив
хайми
хамас
хеба
хитлер
хорни
христос
цигари
църква
чав
челно шибаняци
черен
чукове
шест шест шест
янки
японски
аборт
ад
азиатски
анален
англичанин
анус
арабин
арабите
ареолата
атака
африканска
африка
бавноразвиващ се
бандит
бан
бардак
бебета
бебе
бедност
бежанец
безделник
безпокоене
безпокоя
белезникав
бенки
биберон
библия
бикини
бисексуални
битка
бия
благосъстояние
блестяща
блудства
блъскам се
бобър
бозки
боклук
болен
болест
бомбардировачи
бомбардировка
бомба
бомби
бонг
бордей
брада
брутен
бунак
буца
бълвоч
бяло пране
бял боклук
вагина
варен
вар
вбесява
весел
вибратори
вибратор
вид индийско дърво
винт
включва
включи
влагалищен
вой
волю
враг
време е за шоу
време за шоуто
врява
вулва
възбуден
възкликна
възклицание
възрастен
върви по дяволите
вяра
гаден
гадняр
галя
гангстер
гаф
генитален
гибел
глупав
глупак
глупости
гмуркам се
гои
голо тяло
гол
горя
гринго
гробище
груба грешка
грубиян
гъба
гъбичка
гърда
гърлен
гърне
дамско бельо
двадесет и четири
двуполов
двупосочен
девица
демон
депозит
дете
детски
деца
джебчия
джин
дига
добре
долнопробна
донг
дон
дребен
дръвник
дрънкане
дупка
духач
дяволите
дявол
дядка
евреин
еврейска
евтин
език
екзекутиран
екскременти
експлозия
екстаз
ексцентричен
елф
енергичен
ерекция
ескорт
етиопски
етнически
еякулират
желание
женски
жесток
жълтите
забави
забавям се
заболявания
завой
заврънгачка
завършен
загубеняк
задирам
задната врата
задната седалка
задната част
задна врата
задника
задника дяволите
задник
задница
задници
задния вход
заедно с
заложник
затъмнение
звънтене
звяр
злобен
злополука
злоупотреба
зумер
зърно
идиот
извратен
извършва
издуват
издънка
изкикоти
измама
измамник
измет
изнасилване
изнасилена
изпражнения
изпълнение
изпълнявам
изпълнява
изтезание
изтичвам
изхвърлям
изхожда
изчезвай
изяж ме
иии
индианка
индус
италианец
йота
каймаклия
канадски
канички
католици
католическа
кикотене
кикотене на
кикот
кикот-х
китаец
китайци
клане
клизма
клитора
клитор
клозет в двора
клъвване
клюн
коитус
кокаин
кокошарника
коктейл
колан с пенис
колибри
комунистическия
комунистически
комунист
консервативен
конски фъшкии
конспирация
копеле
копулирам
корупция
котенца
котенце
крак курва
крак-курва
кренвирш
креп
кръвосмешение
крясък
кука
кули
кумкуат
кунилингус
куплунг
кураж
курва
курешки
кур
куче
кучка
кучки
късам
кът
кяфир
лайна
лайно
лактат
лапа
ласка
латино
лекарство
лесбийка
ле
либерален
либидо
лико
линчуване
лосион
луд
лъжи
любителски
любовник
любопитен
магарета
магаре
магическа пръчка
мадафака
мазнина
майка
майната ти
малцинство
мамино детенце
мамка му
марихуана
маструбирам
мастурбиране
мастурбира
матка
мафия
махам се
маца
между различни раси
мексикански
метеоризъм
мет
мигач
мигащ
миеща мечка
минет
мозъчен инсулт
мойш
мол
момичета
момиче
монтирам
мормон
моряк
мотики
мошеник
мръсен
мръсник
мулат
мутра
мухльо
мъртъв
мъчител
мюсюлманин
навес
надникнем шоу
наемен убиец
най-гледаното време
наклон
нападение
напуквам
наркозависимите
наркоман
наркотик
наркотичен
нарушител
насилие
насилник
неблагословен
негра
негри
негроиден
негро
негъра
негърски
негърче
негър
негър му
некро
нелегалната
несретник
неуспех
нефрит
нехранимайко
улучвам
нигерийци
нигра
нимфа
нисък живот
нисък стандарт на живот
нож
носилка
обезпокоен
обратно омокряне
общуване
онанизъм
опашата лъжа
оплакваш
орално
оргазъм
орга
оргии
оргия
оребрена
оръжие
оръжия
останки
остатъци
отвличане
отхвърляне
оцветен
пакостлив
палачинка
палач
парка
пача
педерастия
педераст
пениса
пениси
пенис
перверзник
перинеум
период
перла
петел
петли
пикаене
пикая
пикня
пикочен
пикочния
пистолет
пиш-пиш
пиян
пиян-залян
плюнка
пляскам
плячка
победи излитане
побойник
повръщам
повръщане
поглъщат
погребан
погребение
погребе
подбедрица
подпорна греда
подхлъзвам
подяволите
пожар
полови сношения
полово
положени
поляк
помилване
пом
порнография
порно
посягане
потапяне
починал
по дяволите
по-голям
по-добре
по-трудно
прав
преден
преждевременен
презерватив
преодолеят
препуциум
препятствие
престъпление
престъпления
престъпник
престъпници
прецака
пречиствам
приклад
причинен
приятелка
приятел
производство
проклетата
проклета
проклятие
пролука
проникване
пропаганда
проститутка
проститутките
проститутки
протестантска
професионалисти
пръдня
пудинг
путка
пърдиш
пърдят
равин
радикали
радикал
разбойник
рак
расист
расов
раци
ректум
републикански
ридание
рис
робство
роб
роб на водача
рогов
рог
рошава коса
ръцете хранителни ял
сакрум
самомнителен
самоубийство
сатана
свастика
свещена война
свирка
сводник
сеир
сексапилен
секси-тънък
сексуален
секс
серат
сере
силно
синигер
сифилис
скапана
скара
скитник
скотщина
скротум
скръндза
скута танц
скъперник
скъперник си
скъпернически
скъперничеството си
скъперничество
слабите
слабоумен
славянин
сладост
слуга
слуз
сляп
смешници
смърт
снайпер
содомит
содомия
сопол
сперматозоиди
сперма
срамната
стомни
странен
страх
стрела
стрелба
стрелям
сутиен
суча
счупен
съветска
съвместен
сърбеж
табу
такелажник
тампон
тантра
танц на скута
твърдите
теменуги
терорист
терор
тестиси
тестис
течност
тоалетна
топки
торба с лайна
травестит
транзистор
транссексуален
транссексуални
трето око
трипер
триплекс
трипътен
трите хикса
трицветна теменуга
тройка
тройно
троянски
тънки устни
тъпако
тъпанар
тъп
убивам
убиване
убива
убиец
убие
убийство
убит
убождане
уверен
ударник
удар
уиски
уличница
умирам
умствена изостаналост
унищожи
урина
уринирам
фарове
феи
фелацио
фелчинг
фетиш
фея
филипински
фистинг
фланец
фуча
харем
хей
хероин
херпес
хетеросексуална
химен
хитлеризма
хитлеристка
хлабава
хладнокръвно
хлапе
хлебарка
хомосексуалист
хо
ххх
хъски
цвят
цепнатина
циганин
цигара
цигара с марихуана
цинизми
циците
цици
църква
частица
чатал
чекиджия
челно взрив
челно дяволите
челно шибаняк
челно шибаняци
червена светлина
червеногуша
черен
чернокожите
чернокож
четворка
чука
чупка
шамар
шваба
шестдесет и девет
шибаната
шибаняк
шибаняци
шибан
шиш
шляпвам
шумен
щеката
юници
яде ми
ядосан
ядрени
оръжия
язовирна стена
янки
японец
японска