АВСТРАЛИЯ
АВСТРИЯ
АЗЕРБАЙДЖАН
АЛБАНИЯ
АЛЖИР
АМЕРИКАНСКА САМОА 
АМЕРИКАНСКИ ВИРДЖИНСКИ ОСТРОВИ 
АНГИЛА 
АНГЛО-НОРМАНДСКИ ОСТРОВИ
АНГОЛА
АНДОРА
АНТАРКТИКА
АНТИГУА И БАРБУДА
АРЖЕНТИНА
АРМЕНИЯ
АРУБА 
АФГАНИСТАН
БАНГЛАДЕШ
БАРБАДОС
БАХАМСКИ ОСТРОВИ
БАХРЕЙН
БЕЛАРУС
БЕЛГИЯ
БЕЛИЗ
БЕНИН
БЕРМУДА 
БИРМА
БОЛИВИЯ
БОСНА И ХЕРЦЕГОВИНА
БОТСУАНА
БРАЗИЛИЯ
БРИТАНСКИ ТЕРИТОРИИ В ИНДИЙСКИЯ ОКЕАН 
БРУНЕЙ
БУВЕ, ВЖ. OСТРОВ БУВЕ
БУРКИНА ФАСО
БУРУНДИ
БУТАН
БЪЛГАРИЯ
ВАНУАТУ
ВАТИКАН
ВЕНЕЦУЕЛА
ВИЕТНАМ
БРИТАНСКИ ВИРДЖИНСКИ ОСТРОВИ 
ГАБОН
ГАМБИЯ
ГАНА
ГВИАНА
ГВАДЕЛУПА 
ГВАТЕМАЛА
ГВИНЕЯ
ГВИНЕЯ БИСАУ
ГЕРМАНИЯ
ГИБРАЛТАР 
ГРЕНАДА
ГРЕНЛАНДИЯ 
ГРУЗИЯ
ГУАМ 
ГЪРНЗИ 
ГЪРЦИЯ
ДАНИЯ
ДЕМОКРАТИЧНА РЕПУБЛИКА КОНГО 
ДЖИБУТИ
ДЖЪРСИ 
ДОМИНИКА
ДОМИНИКАНСКА РЕПУБЛИКА
ЕГИПЕТ
ЕЛ САЛВАДОР
ЕКВАДОР
ЕКВАТОРИАЛНА ГВИНЕЯ
ЕРИТРЕЯ
ЕСТОНИЯ
ЕТИОПИЯ
ЗАМБИЯ
ЗАПАДНА САХАРА 
ЗИМБАБВЕ
ИЗРАЕЛ
ИЗТОЧЕН ТИМОР
ИНДИЯ
ИНДОНЕЗИЯ
ИРАК
ИРАН
ИРЛАНДИЯ
ИСЛАНДИЯ
ИСПАНИЯ
ИТАЛИЯ
ЙЕМЕН
ЙОРДАНИЯ
КАБО ВЕРДЕ
КАЗАХСТАН
КАЙМАНОВИ ОСТРОВИ 
КАМБОДЖА
КАМЕРУН
КАНАДА
КАТАР
КЕНИЯ
КИПЪР
КИРГИЗСТАН
КИРИБАТИ
КИТАЙ
КЛИПЕРТОН 
КОКОСОВИ ОСТРОВИ 
КОЛУМБИЯ
КОМОРСКИ ОСТРОВИ
КОНГО
КОНГО 
КОРЕЯ
КОСТА РИКА
КОТ Д’ИВОАР
КУБА
КУВЕЙТ
КУК
КЮРАСАО 
ЛАОС
ЛАТВИЯ
ЛЕСОТО
ЛИБЕРИЯ
ЛИБИЯ
ЛИВАН
ЛИТВА
ЛИХТЕНЩАЙН
ЛЮКСЕМБУРГ
МАВРИТАНИЯ
МАВРИЦИЙ
МАДАГАСКАР
МАЙОТ 
МАКАО 
МАКЕДОНИЯ
МАЛАВИ
МАЛАЙЗИЯ
МАЛДИВСКИ ОСТРОВИ
МАЛИ
МАЛКИ ОТДАЛЕЧЕНИ ОСТРОВИ НА СЪЕДИНЕНИТЕ ЩАТИ 
МАЛТА
МАРОКО
МАРТИНИКА 
МАРШАЛОВИ ОСТРОВИ
МЕКСИКО
МИАНМАР/БИРМА
МИКРОНЕЗИЯ
МОЗАМБИК
МОЛДОВА
МОНАКО
МОНГОЛИЯ
МОНТСЕРАТ  
НАМИБИЯ
НАУРУ
НЕПАЛ
НИГЕР
НИГЕРИЯ
НИДЕРЛАНДИЯ 
НИКАРАГУА
НИУЕ 
НОВА ЗЕЛАНДИЯ
НОВА КАЛЕДОНИЯ 
НОРВЕГИЯ
НОРФОЛК
ОБЕДИНЕНИ АРАБСКИ ЕМИРСТВА
ОБЕДИНЕНО КРАЛСТВО
OСТРОВ БУВЕ 
ОСТРОВ МАН 
OСТРОВ НОРФОЛК 
OСТРОВ РОЖДЕСТВО 
OСТРОВИ КУК 
OСТРОВИ ОЛАНД 
OСТРОВИ ПИТКЕРН 
ОМАН
ПАКИСТАН
ПАЛАУ
ПАНАМА
ПАПУА-НОВА ГВИНЕЯ
ПАРАГВАЙ
ПЕРУ
ПИТКЕРН
ПОЛША
ПОРТУГАЛИЯ
ПУЕРТО РИКО 
РЕЮНИОН 
РОЖДЕСТВО
РУАНДА
РУМЪНИЯ
РУСИЯ
САМОА
САН МАРИНО
САО ТОМЕ И ПРИНСИПИ
САУДИТСКА АРАБИЯ
СВАЗИЛЕНД
СВАЛБАРД И ЯН МАЙЕН  
СВЕТА ЕЛЕНА, ВЪЗНЕСЕНИЕ И ТРИСТАН ДА КУНЯ 
СВЕТИЯ ПРЕСТОЛ/
ГРАД ДЪРЖАВА ВАТИКАН 
СЕВЕРНА КОРЕЯ
СЕВЕРНИ МАРИАНСКИ ОСТРОВИ 
СЕЙНТ ВИНСЪНТ И ГРЕНАДИНИ
СЕЙНТ КИТС И НЕВИС
СЕЙНТ ЛУСИЯ
СЕЙШЕЛСКИ ОСТРОВИ
СЕН БАРТЕЛЕМИ 
СЕН МАРТЕН 
СЕН ПИЕР И МИКЕЛОН 
СЕНЕГАЛ
СИЕРА ЛЕОНЕ
СИНГАПУР
СИНТ МАРТЕН 
СИРИЯ
СЛОВАКИЯ
СЛОВЕНИЯ
СОЛОМОНОВИ ОСТРОВИ
СОМАЛИЯ
СУДАН
СУРИНАМ
СЪЕДИНЕНИ ЩАТИ
СЪРБИЯ
ТАДЖИКИСТАН
ТАЙВАН
ТАЙЛАНД
ТАНЗАНИЯ
ТОГО
ТОКЕЛАУ 
ТОНГА
ТРИНИДАД И ТОБАГО
ТУВАЛУ
ТУНИС
ТУРКМЕНИСТАН
ТУРЦИЯ
ТЪРКС И КАЙКОС 
УГАНДА
УЗБЕКИСТАН
УКРАЙНА
УНГАРИЯ
УОЛИС И ФУТУНА 
УРУГВАЙ
ФАРЬОРСКИ ОСТРОВИ 
ФИДЖИ
ФИЛИПИНИ
ФИНЛАНДИЯ
ФОЛКЛАНДСКИ ОСТРОВИ 
ФРАНЦИЯ
ФРЕНСКА ГВИАНА 
ФРЕНСКА ПОЛИНЕЗИЯ 
ФРЕНСКИ ЮЖНИ И АНТАРКТИЧЕСКИ ТЕРИТОРИИ 
ХАИТИ
ХОНДУРАС
ХОНКОНГ 
ХЪРВАТИЯ
ХЪРД И МАКДОНАЛД 
ЦЕНТРАЛНОАФРИКАНСКА РЕПУБЛИКА
ЧАД
ЧЕРНА ГОРА
ЧЕШКА РЕПУБЛИКА
ЧИЛИ
ШВЕЙЦАРИЯ
ШВЕЦИЯ
ШРИ ЛАНКА
ЮЖЕН СУДАН
ЮЖНА АФРИКА
ЮЖНА ДЖОРДЖИЯ И ЮЖНИ САНДВИЧЕВИ ОСТРОВИ 
ЮЖНА КОРЕЯ 
ЯМАЙКА
ЯПОНИЯ