Авиодиспечер
Авиоинженер
Авиолекар
Авиометеоролог
Авиомеханик
Авиомоторист
Авиотехник
Автоконтрольор
Автомеханик
Автомонтьор
Автотенекеджия
Агент
Агент осигуряване
Агент - купувач
Агломератчик
Агроном
Адвокатски сътрудник
Адвокат
Административен секретар
Администратор
Администратор база данни
Администратор по клинични изпитвания
Аеродинамик
Акомпаниатор
Акордьор
Акробат
Актьор
Актюер
Акушерка
Алерголог
Амалгамчик
Амбулантен търговец
Анализатор
Анализатор/Контрольор
Аналитик
Анатом
Аниматор
Анкетьор
Антрополог
Апаратчик
Апелативен прокурор
Апретурист
Аранжор
Арбитър
Аргончик
Арматурист
Армировчик
Артистичен секретар
Артист
Артист-солист
Артист-хорист
Археолог
Архивар
Архивист
Архивист 
Архиепископ
Архитект
Архитект на плавателни съдове
Асистент
Асистент на лекар по дентална медицина
Асистент одитор
Астролог
Астроном
Астрофизик
Асфалтаджия
Асфалтьор на метални изделия
Аташе
Аташе в задгранично представителство
Аукционер
Бавачка
Байцвач
Бактериолог
Бакърджия
Балансьор
Балансьор-коректор
Балерина/балетист
Балетен репетитор
Балетмайстор
Балировач-пакетировач
Балсаматор - гримьор
Бандажьор
Банков служител
Барман
Басейнчик
Бемберист
Берач
Бетонджия
Библиограф
Библиограф - експерт
Библиограф-информатор
Библиотекар
Библиотекар - експерт
Библиотекар-специалист
Бижутер
Бизнес анализатор
Билкоберач
Билкопроизводител
Биограф
Биоенерго терапевт
Биолог
Биометрик
Биофизик
Биохимик
Бисмутчик
Бласьор
Бобиньор
Болногледач
Бомбаджия 
Боргвергист
Борден съпроводител
Ботаник
Боцман
Бояджия
Бродировач
Брокер
Бронзировач
Брояч
Бръснар
Букмейкър
Бункерист
Вагонен инструктор
Вагоноописвач
Вадач
Ваксаджия
Вакуумимпрегнатор
Вакуумоператор
Валцовчик
Варогасач
Варосвач
Ватман
Вахтен механик
Вахтен помощник-капитан
Вдевач
Везнар
Велосипедист
Ветеринарен ваксинатор
Ветеринарен лекар
Ветеринарен осеменител
Ветеринарен фелдшер
Ветеринар
Видеомонтажист
Видеотекар
Викарий
Вирусолог
Висш дипломатически служител
Висш служител на друго регистрирано вероизповедание
Вицепрезидент
Вицепрезидент на Републиката
Влагоизмерител
Владика
Влаков диспечер
Водач
Водач на малък кораб в местно плаване
Водач на малък кораб за спорт и развлечение по вътрешни водни пътища
Водач на несамоходен кораб
Водач 
Водолаз
Водолечител
Водопроводчик
Водопроводчик 
Водопроводчик-мазутчик
Водопроводчици по поддръжка на водопроводните съоръжения в метрополитен
Вокален педагог
Временно управляващ посолство
Втори асистент
Втори механик
Втори помощник - капитан
Втори секретар в задгранично представителство
Вулканолог
Въвеждащ
Въглищар
Въглищар-сгураджия
Въжар
Възпитател
Възпитател методик
Възстановител-металист
Вътрешен коректор
Вътрешен одитор
Гадател
Газголдерчик
Газовчик
Газорезчик
Газоспасител
Галванизатор
Галванотехник
Галтовчик
Гардеробиер
Генеалог
Генерален директор
Генерален директор на Българска телеграфна агенция
Генерален консул
Генерален секретар
Генетик
Географ
Геодезист
Геолог
Геомагнетист
Геоморфолог
Геофизик
Геофизичен оператор
Гилюшьор
Гипсаджия
Главен авиоинженер
Главен аналитик
Главен архивист
Главен архитект
Главен асистент
Главен библиограф
Главен библиотекар
Главен възпитател
Главен вътрешен одитор
Главен готвач
Главен данъчен инспектор
Главен директор
Главен диригент
Главен държавен здравен инспектор
Главен експерт
Главен експерт застрахователна дейност
Главен енергетик
Главен икономист
Главен инженер
Главен инспектор
Главен камериер/камериерка
Главен касиер
Главен консерватор/ реставратор
Главен конструктор
Главен лекар
Главен лесничей
Главен методолог
Главен механик
Главен митнически специалист
Главен мюфтия
Главен научен секретар
Главен одитор
Главен одитор по чл. 45
Главен пилот
Главен програмен селекционер
Главен прокурор
Главен публичен изпълнител
Главен ревизор
Главен ревизор по безопасността;
Главен редактор
Главен режисьор
Главен секретар
Главен сервитьор
Главен сладкар
Главен специалист
Главен стюард/стюардеса
Главен счетоводител
Главен технически сътрудник
Главен технически сътрудник – домакин
Главен технически сътрудник – оръжейник
Главен технолог
Главен уредник
Главен уредник в музей
Главен учител
Главен учител спортна подготовка
Главен финансов инспектор
Главен финансов ревизор
Главен хормайстор
Главен художествен ръководител
Главен художник
Главен юрисконсулт
Главна акушерка
Главна медицинска сестра
Главно надзорно лице
Гладач
Глазировач
Гланцировач
Гледач
Гмуркач
Говорител
Говорител на Министър-председателя
Горски пазач
Горски работник
Горски стражар
Гостилничар
Готвач
Гравьор
Гравьор-печатар
Градинар
Градски прокурор
Градуировач
Граничен ветеринарен инспектор
Граничен контрольор
Гранульор
Графичен дизайнер
Графолог
Гресировач
Гримьор
Гробар
Грундировач
Грундировач-байцвач на дърво
Грънчар
Гувернантка
Гъбар
Дактилоскопист
Данъчен инспектор
Девиатор
Дегустатор и окачествител на храни и напитки
Дезинсектор
Дезинфектатор
Дезинфектор
Дезинфектор в железопътен транспорт
Декан
Декоратор
Деловодител
Демограф
Демонстратор
Депомайстор
Дератизатор
Дестилатор
Детегледачка
Детектив
Дефектоскопист
Дефектоскопист по железния път и съоръженията
Джазов певец
Диагностик
Дивечовъд
Диетолог
Дизайнер
Дизайнер на автомобили
Дизайнер на самолети
Дизайнер-график
Диктовач-коригировач
Дилър
Динамомеханик
Дипломатически куриер
Дипломатически служител - I степен
Дипломатически служител - II степен
Дипломатически служител - III степен
Дипломатически служител - IV степен
Дипломиран експерт счетоводител
Директор
Директор дирекция
Директор за връзки с инвеститорите
Директор на Национална здравно-осигурителна каса
Директор на банков клон
Директор на дирекция в Столична община
Директор на културна организация/ културен институт
Директор на музей/ галерия
Директор на юридическо лице по чл. 60 от Закона за администрацията
Директор продукция 
Директор териториална дирекция
Директор териториално поделение
Диригент
Дисководещ
Диспечер
Дистрибутор
Дограмаджия
Дозиметрист
Дозировач
Дозировчик
Докер
Документалист
Домакин
Домакин 
Домакин-чистач
Домашен майстор
Домашен санитар
Домашен чистач
Домашна майка
Домашна помощница
Домоуправител
Дооформител
Доцент
Драматург
Дресьор
Дресьор 
Духач
Дървар
Дърводелец
Дърворезбар
Държавен вътрешен одитор
Държавен експерт
Държавен инспектор
Държавен одитор по чл. 45
Държавен публичен изпълнител
Държавен съветник
Държавен съдебен изпълнител
Държавен съкровищник
Държавен финансов инспектор
Евангелист
Еквилибрист
Еколог
Екскурзовод
Експедитор
Експериментатор
Експерт
Експерт застрахователна дейност
Експерт концертна дейност
Експерт по корабоплаване 
Експерт спедиторска дейност
Екстрактьор
Екструдерист
Електровакуумист
Електродчик
Електроерозист
Електрозаварчик
Електролизьор
Електролитчик
Електромеханик
Електромеханошлосер
Електромонтьор
Електрончик
Електропещар
Електротерапевт
Електротипер
Електрофорезчик
Електрошлосер
Елетромонтьор
Емайлировач
Ембриолог
Енорийски работник
Енорийски свещеник
Ентомолог
Епидемиолог
Епизоотолог
Епископ
Епископ на Католическата църква в България
Ергоном
Ерготерапевт
Есеист
Естраден певец
Етикеровач
Етикетировач 
Етимолог
Етнолог
Ецер
Железопътен посредник
Животновъд
Жокей
Жонгльор
Журналист
Жътвар
Заварчик
Завеждащ
Завеждащ архивохранилище 
Завеждащ бюро
Завеждащ кореспондентски пункт
Завеждащ лаборатория
Завеждащ морска регистрация
Завеждащ отдел
Завеждащ регистратура за класифицирана информация
Завеждащ регистратура за криптографски средства и материали
Завеждащ регистратура за некласифицирана информация
Завеждащ редакция
Завеждащ учебна работилница
Завеждащ филиал
Завивач
Заготвител
Заготовчик
Закалител
Залесител
Заливач
Замервач
Заместник – главен ревизор
Заместник – председател
Заместник главен директор
Заместник главен счетоводител
Заместник директор
Заместник ръководител/директор
Заместник - главен редактор
Заместник - окръжен прокурор
Заместник - председател
Заместник-генерален директор
Заместник-главен инспектор
Заместник-главен лекар
Заместник-главен прокурор
Заместник-декан
Заместник-директор
Заместник-директор на банков клон
Заместник-директор на дирекция
Заместник-директор на музей/ галерия
Заместник-директор териториална дирекция
Заместник-изпълнителен директор
Заместник-кмет
Заместник-министър
Заместник-министър-председател
Заместник-началник
Заместник-областен управител
Заместник-омбудсман
Заместник-председател
Заместник-председател на Народно събрание
Заместник-председател на комисия
Заместник-председател управителен съвет
Заместник-ректор
Заместник-ръководител
Заместник-управител
Занитвач
Запойчик
Зареждач
Застрахователен агент
Застрахователен брокер
Затиловчик
Захранвач
Зачиствач на люкове и врати
Звуков дизайнер
Звукоинженер
Звукооператор
Звукорежисьор
Звукотехник
Здравен инспектор
Здравен медиатор
Зеленчукопроизводител
Земеделски демонстратор
Земекопач
Земемер
Земеустроител
Зидаромазач
Зидар
Зидар при горещ ремонт на металургични пещи и съоръжения
Златар
Зооинженер 
Зоолог
Зъботехник
Извивач
Извозвач
Изготвител
Издател
Издирвач на адреси
Изкупчик 
Изкуствовед
Излъсквач
Измервач
Измерител
Изпитател
Изпитател на бойни припаси и специални пиротехнически средства
Изпитател на  въоръжение
Изпълнителен директор
Изпълнителен секретар
Изпълнител
Изпълнител на бюджета
Изпълнител с марионетки
Изтегляч
Изтърсвач
Изцепвач
Изчислител
Икономист
Икономически директор
Иконом
Илюзионист
Илюстратор
Имам
Имитатор
Импрегнатор
Импресарио
Имунолог
Инвестиционен консултант
Инженер
Инженер вибродиагностика
Инженер дефектоскопист
Инженер осигурителна техника
Инженер поддръжка
Инженер по авиационно материално техническо снабдяване
Инженер 
Инженер-инспектор балнеотехнически съоръжения
Инженер-технолог
Инкасатор
Инспектор
Инспектор ведомствен технически надзор
Инспектор картно бюро
Инспектор на оркестър
Инспектор на хор
Инспектор подготовка на кадри
Инспектор по рехабилитация
Инспектор по управление на движението в железопътен транспорт
Инспектор 
Инструктор
Инструменталист
Инструменталчик
Инфекционист
Информатор
Информатор/ културна организация/ културен институт
Историк
Ихтиолог
Кабелен муфаджия
Каландрист
Калибровчик
Калиграф
Калкулант
Калолечител
Каменар
Каменоделец
Каменодълбач
Каменоредач 
Каменотрошач
Камериер/камериерка
Каналджия
Кантарджия
Кантонер
Капелан
Капитан
Капитан на влекач
Карикатурист
Картограф
Картонажист
Картооформител
Картотекар
Каруцар
Касиер
Каскадьор
Категоризатор
Катодчик
Квестор
Кесонен работник
Кинезитерапевт
Кинолог
Киномеханик
Кислородчик
Клавиатурист
Климатолог
Клисар
Клоун
Ключар
Кметски наместник
Кмет
Книговезец
Книговезец-подвързвач 
Книговодител
Ковач
Ковчежник
Кожар
Кожар-полировач на кожи
Кожухар
Козметик
Коксосортировач
Колар
Колач
Колонист
Колорист
Командир
Командир на моторен катер
Командос
Коментатор
Комик
Коминочистач
Комисионер
Компаньонка
Комплектовач
Композитор
Конверторчик
Кондуктор
Консерватор/реставратор
Конструктор
Консултант
Консултант 
Консул
Контрольор
Контрольор по редовността на пътниците
Контурист
Конфекционер
Конферансие
Концертмайстор
Координатор
Координатор програмна дейност
Координатор производство
Копировач
Копист
Копринар
Корабен агент
Корабен брокер
Корабен електрозаварчик
Корабен електроник
Корабен електротехник
Корабен изолировач
Корабен кофражист
Корабен моторист 
Корабен огняр
Корабен помпиер
Корабен радиомонтьор
Корабен ремонтчик
Корабен формовчик
Корабоводител
Коректор
Корепетитор
Кореспондент
Коригировач
Кормчия
Корнировач
Корпусник
Котлочистач
Котляр
Кофаджия
Кофражист
Кранист
Кранист 
Крепач 
Криминолог
Критик
Крояч
Крупие
Куриер
Кюре
Лаборант
Лакировач
Ландшафтен архитект
Ледолог 
Лекар
Лекар по дентална медицина
Лекар - медицински представител
Лекар - ръководител във фармацевтичната компания
Лексикограф
Лектор
Лепач
Лепач на афиши
Лепиловар
Лепилоприготвител
Лесничей
Лесозащитник
Лесоинженер
Летец – борден инженер
Летец – пилот
Летец - борден радист
Летец - втори пилот
Летец - пилот
Летец - щурман
Лечител
Лечител чрез билки
Леяр
Лингвист
Линеен мениджър
Литературен сътрудник
Лихвар
Личен асистент
Ловен надзирател
Ловец
Логопед
Лодкар
Лозар
Лоцман
Луголечител
Лютиер
Магазинер
Магистър фармацевт
Маг
Майстор
Майстор миньор
Майстор-готвач
Майстор-гравьор
Майстор-кожар
Майстор-сладкар
Макетист
Мамолог
Маневрист
Манекен
Маникюрист
Манипулант
Манипулатор
Маркировач
Масажист
Математик
Материалчик 
Матировач
Матричар
Мачтовик
Машинен боцман
Машинен оператор
Машинен оператор транспортно-технологична машина 
Машинист
Машинист на насипообразувател
Машинист на претоварач
Машинист на разтоварна стрела на многокофов багер
Машинист на разтоварно устройство на насипообразувател
Машинист спомагателни съоръжения
Машинист транспортни съоръжения
Машинист-инструктор
Машинописец
Медицинска сестра
Медицински лаборант
Медицински секретар
Мелач
Мениджър маркетинг и продажби
Мениджър продажби
Мениджър проучване на пазари
Месач
Метач
Метеоролог
Методист
Методист спортна дейност
Метранпаж
Метролог
Механик
Механик по жп механизация
Механик. поддържащ електронна апаратура
Механошлосер
Мехатроник
Мехеник
Миколог
Микробиолог
Микропалеонтолог
Миксеровач
Минен надзирател
Минен работник
Минен спасител
Минералог
Министър
Министър-председател
Миньор
Мисионер
Митнически брокер
Митнически дознател
Митнически инспектор
Митнически сътрудник
Митрополит
Мияч
Младши автоконтрольор
Младши адвокат
Младши възпитател
Младши вътрешен одитор
Младши детектив
Младши експерт
Младши инспектор
Младши инструктор
Младши митнически специалист
Младши одитор по чл. 45
Младши прокурор
Младши публичен изпълнител
Младши районен инспектор
Младши специалист
Младши счетоводител
Младши съдия
Младши учител
Младши учител спортна подготовка
Младши финансов инспектор
Младши юрисконсулт
Млекар
Моделиер
Моделиер-конструктор
Моделчик
Модел
Мозайкаджия
Монахиня
Монах
Монотипер
Монтажист
Монтажник
Монтьор
Монтьор-механик по специално въоръжение и техника
Морфолог
Моряк
Моряк-моторист
Моторист-изпитател
Моторист-изпитател на корабни силови уредби
Мрежови администратор
Музикален аранжор
Музикален оформител
Музикален продуцент
Музикален редактор
Музикален ръководител
Музикант
Музиковед
Музиколог
Мюфтия
Наблюдател
Наборчик
Навивач
Нагревач
Надзирател
Надзорник
Надписвач
Найстройчик-оператор
Наливач
Наплавчик
Народен представител
Насипвач
Настойник
Настойчик-оператор
Настройчик
Настройчик-оператор
Настройчик/тестер
Научен секретар
Научен сътрудник
Началник
Началник главно управление
Началник група
Началник кабинет
Началник машинотракторен парк
Началник наземна метростанция
Началник на политически кабинет
Началник на ремонтно звено
Началник отдел
Началник отдел технически и качествен контрол
Началник парк
Началник парк в метрополитен
Началник подземна метростанция
Началник производство
Началник протокол
Началник регионална дирекция
Началник сектор
Началник служба в метрополитен
Началник управление
Началник участък
Невропатолог
Носач
Носач-товарач
Нотам
Нотариус
Нотограф
Нототекар
Обгорвач
Обеззаразител
Областен управител
Обредник
Обрезвач
Обрушвач
Обслужващ
Обслужващ работник
Обущар
Обществен посредник
Общински съветник
Общ работник
Овоскопист
Овощар
Огнеборец
Огняр
Огъвач
Одитор
Озеленител
Окачествител
Окачествител-опаковач
Океанограф
Окръжен прокурор
Оксиженист
Окултист
Омбудсман
Опаковач
Оперативен дежурен
Оператор
Оператор избелителни разтвори
Оператор на дезинфекционна рамка
Оператор обезводняване
Оператор по обслужване на бойни припаси и специални пиротехнически средства
Оператор по обслужване на  специално въоръжение и техника
Оператор по ремонт на бойни припаси и специални пиротехнически средства
Оператор по ремонт на въоръжение
Оператор производство на листова целулоза
Оператор производство на целулоза
Оператор субтитри
Оператор сушене и  балиране
Оператор - галтовчик
Оператор eтерификация
Оператор/координатор
Описвач
Определител
Оптик
Опушвач
Организатор
Организатор аварии и застраховки
Организатор каргорекламации
Организатор карго внос/износ
Организатор корабно снабдяване
Организатор на полетите
Организатор обучение
Организатор офис
Организатор по труда
Организатор склад под митнически контрол
Оркестрант
Оркестратор
Орнитолог
Ортопедичен техник
Осветител
Отговорен магистър фармацевт
Отговорен секретар
Отговорник
Отговорник диспечери
Отговорник изпитателна станция
Отговорник куриери
Отговорник митническа обработка
Отговорник митнически брокери
Отговорник телефонни продажби
Отливач
Отчетник
Офицер по сигурността
Офортист
Офортист-печатар
Охрана
Охранител
Оценител
Пазач
Пакетировач
Палеонтолог
Паразитолог
Парафинист
Парафиньор
Паркетчия
Парламентарен секретар
Парографик и термографик
Паспортист
Пастир
Пастор
Патологоанатом
Патолог
Патриарх на Българската православна църква
Патрул
Патрул 
Певец
Педагогически съветник
Педагог
Педагог в музей/ галерия
Педикюрист
Пекар
Пенолог
Перач
Перукер
Петролог
Печатар
Печатар върху керамика
Пещар
Пивовар
Пиколо
Пилозъбчик
Пилот
Пирографист
Пирометрист
Пиротехник
Писател/поет
Плазморезчик
Плазовчик
Плакировач
Планински водач/гид
Планински спасител
Планопазител
Пласьор
Плетач
Плетач на една кука
Подвързвач
Подготвител
Подуправител
Полевъд
Полиграфист
Полировач
Полировчик
Политически директор
Политолог
Полицай
Полицейски командир
Полски пазач - пъдар
Получател
Помолог
Помощник
Помощник в амбулатория
Помощник на учителя
Помощник - одитор
Помощник - реставратор
Помощник-възпитател
Помощник-възпитател в детска градина
Помощник-готвач
Помощник-директор
Помощник-капитан
Помощник-концертмайстор
Помощник-лекар по дентална медицина
Помощник-майстор
Помощник-машинист
Помощник-оператор
Помощник-ректор
Помощник-сладкар
Помощник-топитьор
Помощник-треньор
Помощник-управител
Помощник-фармацевт
Помощник-частен съдебен изпълнител
Помощник- нотариус
Помпиер
Поп
Портиер
Посланик
Посланик за специални поръчения
Посредник
Постановчик
Постоянен секретар
Потребител на криптографско средство
Почиствач
Пощенски раздавач 
Правен съветник
Правителствен агент
Правителствен преводач
Прахосъбирач
Преводач
Преводач - говорител
Преводач-редактор
Превозвач
Предач
Предприемач
Предприемач в строителството
Председател
Председател на Български олимпийски комитет
Председател на Икономически и социален съвет
Председател на Конституционен съд
Председател на Народно събрание
Председател на Съвет по криминологични изследвания
Председател на комисия
Председател на отделение
Председател на управителен съвет на Централен кооперативен съюз
Председател отделение
Представител
Президент
Президент на Република България
Прелезопазач
Премахвач
Пренавивач
Преносвач
Преносвач 
Препаратор
Преподавател
Пресовчик
Пресьор
Приготвител
Придружител
Приемчик
Приемчик на специално въоръжение и техника
Приемчик-разпределител
Призовкар
Прикачвач
Прима-балерина/Премиер-балетист
Припойчик
Природолечител
Прислужник
Пристанищен работник
Пристанищен хамалин
Пробивач
Пробовземач
Проверител
Прогнозист на време
Програмен директор
Програмен експерт
Програмист
Продавач
Продавач - консултант
Продуцент
Проектант
Производител
Прокурист 
Прокурор
Пропарчик
Проповедник
Просветлител
Противопригарчик
Протиргчик
Професионален консултант
Професионален спортист
Професор
Прочиствач-шмиргелист
Проявител
Психолог
Птицевъд
Пчелар
Пълнач
Пълномощен министър
Пълномощен министър в задгранично представителство
Първи асистент
Първи асистент на оператора
Първи асистент на режисьора
Първи асистент на сценографа
Първи секретар в задгранично представителство
Пясъкоструйчик
Работник
Работник в стопанство
Работник зареждане корообелващ барабан
Работник по преработка на чугун
Работник по ремонт на въоръжението
Работник производство
Работник-валцьор
Работник-копач
Работник-печатар
Работници по поддръжка и ремонт на железопътните съоръжения в тунел на метрополитен
Работници по поддръжка и ремонт на инженерните съоръжения в тунел на метрополитен
Равин
Радиаторджия
Радиоастроном
Радиоелектроник за Световната морска система за бедствие и безопасност
Радиооператор за Световната морска система за бедствие и безопасност
Раздавач
Раздробвач
Разкройвач
Разкройчик
Разливач
Размножител
Разносвач
Разносвач на храна
Разопаковач
Разпоредител
Разпределител
Разтоварач
Разузнавач
Разфасовач
Районен инспектор
Районен прокурор
Рамаджия
Рафиньор
Реагентчик
Ревизор
Ревизор вагони
Регионален застрахователен координатор
Регионален застрахователен представител
Регионален мениджър
Регулировчик
Редактор
Редактор стилист на нормативни актове
Редактор-координатор
Редач
Режисьор
Режисьор на монтаж
Режисьор пулт
Резач
Резач – полировач
Резач на оптично стъкло
Резач-очуквач
Резбошлифовчик
Реквизитор
Рекламен агент
Ректор
Релейчик
Религиозен работник
Рентгенов лаборант
Рентгенов оператор
Рентгенометрист
Репортер
Репродукционен фотограф за фотоформи
Ресораджия
Ретушьор
Рехабилитатор
Рецензент
Рецепционист
Рибар
Риболовен надзирател
Риболог
Ринач-копач
Рулеви
Ръководещ обреди и ритуали
Ръководител
Ръководител вътрешен одит
Ръководител група
Ръководител движение
Ръководител движение наземна метростанция в метрополитен
Ръководител движение подземна метростанция в метрополитен
Ръководител екипи
Ръководител екип
Ръководител звено
Ръководител звено правителствени агенти
Ръководител инспекторат
Ръководител интегрирана система за управление
Ръководител кабинен състав
Ръководител минноспасителна служба
Ръководител направление
Ръководител на експлоатацията
Ръководител на задгранично представителство по чл. 23
Ръководител на инспектората
Ръководител на лаборатория за консервация и реставрация
Ръководител на организация за поддържане на непрекъсната летателна годност
Ръководител на организация за техническо обслужване
Ръководител на отдел в музей/ галерия
Ръководител на участък
Ръководител отдел
Ръководител подвижни радиорелейни/телевизионни станции
Ръководител подземен обект
Ръководител полети
Ръководител полети/смяна
Ръководител постановъчна част
Ръководител по безопасност на полетите
Ръководител пресслужба
Ръководител програма
Ръководител проект/проекти
Ръководител радио/телевизионни станции
Ръководител сектор
Ръководител сектор в метрополитен
Ръководител сектор в териториално поделение
Ръководител служба
Ръководител смяна
Ръководител технологии
Ръководител участък
Ръководител участък в метрополитен
Ръководител филиал
Ръководител художествено осветление
Ръководител/директор
Ръководител/началник сектор
Салонен управител
Санитар
Сапанджия
Сараф
Сарач
Сватбен агент
Свилар
Сдатъчен капитан
Сдатъчен механик
Сезонен работник
Сеизмолог
Секач
Секретар
Секретар на Столична община
Секретар на кметство
Секретар на съвет по чл. 21 от Закона за администрацията
Секционен майстор
Семасиолог
Семеберач-семесъбирач
Семеен терапевт
Семепроизводител
Сенситометрист
Сервитьор
Сернировач
Серум-продуцент
Сигналист
Сигналист-маневрист
Синдик
Сиропчия
Системен администратор
Системен анализатор
Системен архитект
Системен контрольор
Системен оператор
Ситопечатар
Ски-учител
Склададжия
Скриптер
Скробвач
Скулптор
Сладкар
Следовател
Словослагател
Служител
Служител по сигурността на информацията
Смазочник
Смесител на влакна
Смесоприготвител
Сметосъбирач
Смоловар
Снабдител
Сновач
Солист-оркестрант
Солодобивчик
Сондьор
Сортировач
Сортировач-опаковач
Сортировач-опаковчик
Сосретушьор
Социален асистент
Социален работник
Социолог
Спасител
Спасител на ски-писта
Спасител при бедствия
Спедитор
Спедиционен посредник
Специален координатор
Специалист
Специалист застрахователна дейност
Специалист металограф
Специалист по мониторинг на клинични изпитвания
Специалист продажби
Спирач
Стажант
Стажант - сътрудник
Стажант-адвокат
Стажант-аташе
Стажант-музикален редактор
Стажант-одитор
Стажант-редактор
Стажант-репортер
Стажант-специалист
Стажант-съдия
Стандартизатор
Стартьор
Старша акушерка
Старша медицинска сестра
Старшина
Старши анализатор
Старши асистент
Старши банков служител
Старши възпитател
Старши вътрешен одитор
Старши граничен контрольор
Старши данъчен инспектор
Старши дипломатически служител - I степен
Старши дипломатически служител - II степен
Старши експерт
Старши инспектор
Старши командос
Старши медицински лаборант
Старши митнически инспектор
Старши митнически специалист
Старши моряк
Старши научен сътрудник
Старши одитор
Старши одитор по чл. 45
Старши оператор производство на целулоза
Старши пожарникар
Старши полицай
Старши полицейски командир
Старши помощник одитор
Старши помощник-капитан
Старши преподавател
Старши публичен изпълнител
Старши разузнавач
Старши ренгенов лаборант
Старши рехабилитатор
Старши специалист
Старши счетоводител
Старши сътрудник
Старши технически сътрудник
Старши треньор
Старши учител
Старши учител спортна подготовка
Старши финансов инспектор
Старши финансов ревизор
Старши юрисконсулт
Статистик
Статистик 
Статист
Стенограф
Стереотипер
Стифадор
Стифьор
Стоковед
Стомановар
Стратиграф
Стрелочник
Строителен импрегнатор
Строител
Стругар
Стъклар
Стъкломияч
Стъргалчик
Стюард/стюардеса
Сулфитьор
Супервайзор
Суфльор
Сушилчик
Сценарист
Сценичен работник
Сценичен управител
Сценограф
Счетоводител
Събирач
Съветник
Съветник в задгранично представителство
Съдебен документатор
Съдия
Съдия по вписванията
Съдържател
Съединител
Сърцар
Сърцар-формовчик
Съставител
Сътрудник
Сътрудник на интелектуалец/ръководно лице с увреждания
Табелчик
Таксономист
Талиман
Танцьор
Тапетаджия
Тапицер
Тарифьор
Тахографик и термографик
Театър-майстор
Телеграфен техник
Телефонен техник
Телефонист
Теляк
Темперист
Темперовчик
Тенекеджия
Теолог
Терапевт
Термист
Тефлонизатор
Техник
Техник-металург
Техник-металург 
Техник-механик
Техник/дефектоскопист/ по контрол без разрушаване
Технически експерт
Технически изпълнител 
Технически организатор 
Технически ревизор
Технически ръководител
Технически секретар
Технически сътрудник
Технически сътрудник 
Технолог
Технолог вибродиагностика
Технолог в железопътен транспорт
Технолог по безразрушителен контрол
Технолог-оператор
Типографер 
Товарач
Токсиколог
Тонинженер
Тоноператор
Тонрегулатор
Тонрежисьор
Тонтехник
Топилчик
Топитьор
Топограф
Торкретист
Точилар
Травилчик
Тралмайстор
Транжор
Трасировчик
Треньор
Трети механик
Трети помощник-капитан
Трети секретар
Трети секретар в задгранично представителство
Трошач
Трудов посредник
Трудотерапефт
Тръбар
Тъкач
Търговски агент
Търговски директор
Търговски помощник
Търговски посредник
Търговски представител
Търговски пътник
Търговски сътрудник
Тютюнопроизводител
Увеличител на снимки
Уеб дизайнер
Уеб програмист
Управител
Управител на Национален осигурителен институт
Управител на банков клон
Управител 
Урбанист
Уредник
Уредник на зооколекция в зоологическа градина
Уредник сграда
Участъков инспектор в железопътен транспорт
Учител
Учител спортна подготовка
Учител-методик
Файтонджия
Фактурист
Фармаколог
Фармаколог - токсиколог
Фармацевт
Фармацевт - медицински представител
Фармацевт - ръководител във фармацевтичната компания
Фелдшер
Ферментатор
Фермер
Феросплавчик
Фиданкопроизводител
Физик
Физиолог
Физиотерапевт
Филмотекар
Филолог
Философ
Филтърджия
Финансов директор
Финансов контрольор
Финансов мениджър
Финансов ревизор
Финишист
Фирмописец
Фитолог
Флотационен работник
Флотиер
Флюсовар
Флюсодобивчик
Фолклорист
Фондохранител
Фонолог
Фонотекар
Формовчик
Фотогравьор
Фотограф
Фотомодел
Фотонаборчик
Фоторепортер
Фоторетушьор
Фототекар
Фотоцинкограф
Фрезист
Фрезист-монтажист
Френолог
Фризьор
Фуражир
Фурнирослепвач
Фускаджия
Футеровчик
Хелингист
Хелиографист
Хигиенист
Хидроакустик
Хидробиолог
Хидрогеолог
Хидроизмерител
Хидроизолаторчик
Хидролог
Хидрометеорологичен/агрометеорологичен наблюдател
Хидронаблюдател
Химикалист
Химик
Химик - аналитик
Химик - фармацевт
Хипнотизатор
Хиромант
Хирург
Хистолог
Хистопатолог
Хладилен мебелист
Хомеопат
Хореограф
Хормайстор
Хост 
Хромолитограф
Хронометражист
Художествен редактор
Художествен ръководител
Художествен ръководител балет
Художник
Художник-декоратор
Художник-оцветител
Цветопроизводител
Ценовик
Цепач
Циментатор
Цитолог
Частен детектив
Частен съдебен изпълнител
Чертожник
Четвърти механик
Четинар
Чистач
Читалищен секретар
Член
Член на Акредитационен съвет
Чугунодобивчик
Шапкар
Шевмонтажник
Шелист
Шивач
Шинар
Шифровчик
Шихтовчик
Шкипер
Шлайфист
Шлаковчик
Шлифовчик
Шлосер
Шлосер-електрозаварчик
Шлосер-монтьор
Шмиргелист
Шофьор
Шофьор-инструктор
Шпакловчик
Щанцьор
Щурман
Юрисконсулт
Ясновидец