двадесет
двадесет и две
двадесет и девет
двадесет и един
двадесет и осем
двадесет и пет
двадесет и седем
двадесет и три
двадесет и четири
двадесет и шест
дванадесет
две
два
деветдесет
деветдесет и две
деветдесет и девет
деветдесет и осем
деветдесет и пет
деветдесет и първа
деветдесет и седма
деветдесет и три
деветдесет и четири
деветдесет и шест
деветнадесет
девет
десет
единадесет
един
една
едно
милиард
милиарди
милиарда
милион
милиони
милиона
хиляда
хиляди
нула
осемдесет
осемдесет и две
осемдесет и девет
осемдесет и една
осемдесет и осем
осемдесет и пет
осемдесет и седем
осемдесет и три
осемдесет и четири
осемдесет и шеста
осемнадесет
осем
петдесет
петдесет и две
петдесет и девет
петдесет и един
петдесет и осем
петдесет и пет
петдесет и седем
петдесет и три
петдесет и четири
петдесет и шест
петнадесет
пет
седемдесет
седемдесет и две
седемдесет и девет
седемдесет и едно
седемдесет и осем
седемдесет и пет
седемдесет и седем
седемдесет и три
седемдесет и четири
седемдесет и шест
седемнадесет
седем
сто
тридесет
тридесет и две
тридесет и девет
тридесет и един
тридесет и осем
тридесет и пет
тридесет и седем
тридесет и три
тридесет и четири
тридесет и шест
тринадесет
три
хиляда
четиридесет
четиридесет и две
четиридесет и девет
четиридесет и една
четиридесет и осем
четиридесет и пет
четиридесет и седем
четиридесет и три
четиридесет и четири
четиридесет и шест
четиринадесет
четири
шейсет
шестдесет и две
шестдесет и девет
шестдесет и един
шестдесет и осем
шестдесет и пет
шестдесет и седем
шестдесет и три
шестдесет и четири
шестдесет и шест
шестнадесет

Двадесет
Двадесет И Две
Двадесет И Девет
Двадесет И Един
Двадесет И Осем
Двадесет И Пет
Двадесет И Седем
Двадесет И Три
Двадесет И Четири
Двадесет И Шест
Дванадесет
Две
Два
Деветдесет
Деветдесет И Две
Деветдесет И Девет
Деветдесет И Осем
Деветдесет И Пет
Деветдесет И Първа
Деветдесет И Седма
Деветдесет И Три
Деветдесет И Четири
Деветдесет И Шест
Деветнадесет
Девет
Десет
Единадесет
Един
Една
Едно
Милиард
Милиарди
Милиарда
Милион
Милиони
Милиона
Хиляда
Хиляди
Нула
Осемдесет
Осемдесет И Две
Осемдесет И Девет
Осемдесет И Една
Осемдесет И Осем
Осемдесет И Пет
Осемдесет И Седем
Осемдесет И Три
Осемдесет И Четири
Осемдесет И Шеста
Осемнадесет
Осем
Петдесет
Петдесет И Две
Петдесет И Девет
Петдесет И Един
Петдесет И Осем
Петдесет И Пет
Петдесет И Седем
Петдесет И Три
Петдесет И Четири
Петдесет И Шест
Петнадесет
Пет
Седемдесет
Седемдесет И Две
Седемдесет И Девет
Седемдесет И Едно
Седемдесет И Осем
Седемдесет И Пет
Седемдесет И Седем
Седемдесет И Три
Седемдесет И Четири
Седемдесет И Шест
Седемнадесет
Седем
Сто
Тридесет
Тридесет И Две
Тридесет И Девет
Тридесет И Един
Тридесет И Осем
Тридесет И Пет
Тридесет И Седем
Тридесет И Три
Тридесет И Четири
Тридесет И Шест
Тринадесет
Три
Хиляда
Четиридесет
Четиридесет И Две
Четиридесет И Девет
Четиридесет И Една
Четиридесет И Осем
Четиридесет И Пет
Четиридесет И Седем
Четиридесет И Три
Четиридесет И Четири
Четиридесет И Шест
Четиринадесет
Четири
Шейсет
Шестдесет И Две
Шестдесет И Девет
Шестдесет И Един
Шестдесет И Осем
Шестдесет И Пет
Шестдесет И Седем
Шестдесет И Три
Шестдесет И Четири
Шестдесет И Шест
Шестнадесет

ДВАДЕСЕТ
ДВАДЕСЕТ И ДВЕ
ДВАДЕСЕТ И ДЕВЕТ
ДВАДЕСЕТ И ЕДИН
ДВАДЕСЕТ И ОСЕМ
ДВАДЕСЕТ И ПЕТ
ДВАДЕСЕТ И СЕДЕМ
ДВАДЕСЕТ И ТРИ
ДВАДЕСЕТ И ЧЕТИРИ
ДВАДЕСЕТ И ШЕСТ
ДВАНАДЕСЕТ
ДВЕ
ДВА
ДЕВЕТДЕСЕТ
ДЕВЕТДЕСЕТ И ДВЕ
ДЕВЕТДЕСЕТ И ДЕВЕТ
ДЕВЕТДЕСЕТ И ОСЕМ
ДЕВЕТДЕСЕТ И ПЕТ
ДЕВЕТДЕСЕТ И ПЪРВА
ДЕВЕТДЕСЕТ И СЕДМА
ДЕВЕТДЕСЕТ И ТРИ
ДЕВЕТДЕСЕТ И ЧЕТИРИ
ДЕВЕТДЕСЕТ И ШЕСТ
ДЕВЕТНАДЕСЕТ
ДЕВЕТ
ДЕСЕТ
ЕДИНАДЕСЕТ
ЕДИН
ЕДНА
ЕДНО
МИЛИАРД
МИЛИАРДИ
МИЛИАРДА
МИЛИОН
МИЛИОНИ
МИЛИОНА
ХИЛЯДА
ХИЛЯДИ
НУЛА
ОСЕМДЕСЕТ
ОСЕМДЕСЕТ И ДВЕ
ОСЕМДЕСЕТ И ДЕВЕТ
ОСЕМДЕСЕТ И ЕДНА
ОСЕМДЕСЕТ И ОСЕМ
ОСЕМДЕСЕТ И ПЕТ
ОСЕМДЕСЕТ И СЕДЕМ
ОСЕМДЕСЕТ И ТРИ
ОСЕМДЕСЕТ И ЧЕТИРИ
ОСЕМДЕСЕТ И ШЕСТА
ОСЕМНАДЕСЕТ
ОСЕМ
ПЕТДЕСЕТ
ПЕТДЕСЕТ И ДВЕ
ПЕТДЕСЕТ И ДЕВЕТ
ПЕТДЕСЕТ И ЕДИН
ПЕТДЕСЕТ И ОСЕМ
ПЕТДЕСЕТ И ПЕТ
ПЕТДЕСЕТ И СЕДЕМ
ПЕТДЕСЕТ И ТРИ
ПЕТДЕСЕТ И ЧЕТИРИ
ПЕТДЕСЕТ И ШЕСТ
ПЕТНАДЕСЕТ
ПЕТ
СЕДЕМДЕСЕТ
СЕДЕМДЕСЕТ И ДВЕ
СЕДЕМДЕСЕТ И ДЕВЕТ
СЕДЕМДЕСЕТ И ЕДНО
СЕДЕМДЕСЕТ И ОСЕМ
СЕДЕМДЕСЕТ И ПЕТ
СЕДЕМДЕСЕТ И СЕДЕМ
СЕДЕМДЕСЕТ И ТРИ
СЕДЕМДЕСЕТ И ЧЕТИРИ
СЕДЕМДЕСЕТ И ШЕСТ
СЕДЕМНАДЕСЕТ
СЕДЕМ
СТО
ТРИДЕСЕТ
ТРИДЕСЕТ И ДВЕ
ТРИДЕСЕТ И ДЕВЕТ
ТРИДЕСЕТ И ЕДИН
ТРИДЕСЕТ И ОСЕМ
ТРИДЕСЕТ И ПЕТ
ТРИДЕСЕТ И СЕДЕМ
ТРИДЕСЕТ И ТРИ
ТРИДЕСЕТ И ЧЕТИРИ
ТРИДЕСЕТ И ШЕСТ
ТРИНАДЕСЕТ
ТРИ
ХИЛЯДА
ЧЕТИРИДЕСЕТ
ЧЕТИРИДЕСЕТ И ДВЕ
ЧЕТИРИДЕСЕТ И ДЕВЕТ
ЧЕТИРИДЕСЕТ И ЕДНА
ЧЕТИРИДЕСЕТ И ОСЕМ
ЧЕТИРИДЕСЕТ И ПЕТ
ЧЕТИРИДЕСЕТ И СЕДЕМ
ЧЕТИРИДЕСЕТ И ТРИ
ЧЕТИРИДЕСЕТ И ЧЕТИРИ
ЧЕТИРИДЕСЕТ И ШЕСТ
ЧЕТИРИНАДЕСЕТ
ЧЕТИРИ
ШЕЙСЕТ
ШЕСТДЕСЕТ И ДВЕ
ШЕСТДЕСЕТ И ДЕВЕТ
ШЕСТДЕСЕТ И ЕДИН
ШЕСТДЕСЕТ И ОСЕМ
ШЕСТДЕСЕТ И ПЕТ
ШЕСТДЕСЕТ И СЕДЕМ
ШЕСТДЕСЕТ И ТРИ
ШЕСТДЕСЕТ И ЧЕТИРИ
ШЕСТДЕСЕТ И ШЕСТ
ШЕСТНАДЕСЕТ

