АБЕНА
АБЛЕНА
АВА
АВАНТА
АВГИЯ
АВГУСТА
АВГУСТИАНА
АВГУСТИНА
АВЕ
АВИГЕЯ
АВЛИГА
АВРЕЛИЯ
АВРОРА
АВТОНОМКА
АВТОРКА
АГАПИЯ
АГАТА
АГЕНТУРА
АГЛАИДА
АГЛАЯ
АГЛЕЯ
АГЛИАДА
АГЛИКА
АГЛИЯ
АГЛОИДА
АГНА
АГНЕНА
АГНЕС
АГНЕСА
АГНЕШКА
АГНИЦА
АГРИПИНА
АДА
АДАЛИЯ
АДАМИНА
АДЕЛА
АДЕЛАИДА
АДЕЛИНА
АДИ
АДРА
АДРЕАНА
АДРЕЯНА
АДРИАНА
АДРИАНА-МАРИЯ
АДРИАНИА
АДРИАННА
АДРИЯНА
АДРИЯННА
АДРОМАХА
АЕЛА
АЕЛИТА
АЕНА
АЕРОЗОЛА
АЗЕЛА
АЙРЕН
АКАГА
АКАЦИЯ
АКСЕЛА
АКСЕНИЯ
АКСЕНТИЯ
АКСИНИЯ
АКЧЕ
АЛА
АЛАНА
АЛАНИЯ
АЛАЯ
АЛБА
АЛБЕНА
АЛБЕРТА
АЛБИНА
АЛВРОРА
АЛЕКСА
АЛЕКСАНА
АЛЕКСАНДРА
АЛЕКСАНДРИНА
АЛЕКСАНДРИЯ
АЛЕКСЕНИЯ
АЛЕКСЕНКА
АЛЕКСЕЯ
АЛЕКСИА
АЛЕКСИНА
АЛЕКСИЯ
АЛЕКСОСИЯ
АЛЕНА
АЛЕНКА
АЛЕСИЯ
АЛЕТА
АЛЕХАНДРА
АЛЖИРКА
АЛИАНА
АЛИВИЯ
АЛИНА
АЛИС
АЛИСА
АЛИСИЯ
АЛИЯ
АЛЛА
АЛМА
АЛОНДРА
АЛТАЯ
АЛТИМИРА
АЛЯ
АМАЛИЯ
АМАРЕЛА
АМБЪР
АМЕЛИ
АМЕЛИЯ
АМИДАЛА
АМИНА
АМОРИЯ
АМРИТА
АМУРКА
АН МАРИЯ
АНА
АНА МАРИЯ
АНАБЕЛА
АНАВРИН
АНАНИЯ
АНАСТАСИЯ
АНАТОЛИЯ
АНАХИД
АНГЕЛА
АНГЕЛИКА
АНГЕЛИНКА
АНГЕЛКА
АНДЖЕЛА
АНДЖЕЛИКА
АНДЖЕЛИНА
АНДЖИ
АНДИКА
АНДОНИЯ
АНДРЕАНА
АНДРЕЛИНА
АНДРЕЯ
АНДРИАНА
АНДРИЯ
АНДРОГЕНА
АНДРОМЕДА
АНДРОНИЯ
АНЕЛИНА
АНЕЛИЯ
АНЕЛКА
АНЕЛЯ
АНЕСТИАНА
АНЕТА
АНЖЕЛА
АНЖЕЛИ
АНЖЕЛИКА
АНЖЕЛИНА
АНЗА
АНИ
АНИЕЛА
АНИКА
АНИЛА
АНИМИРА
АНИНА
АНИСИЯ
АНИСЛАВА
АНИТА
АНИЦА
АНИЧКА
АНКА
АННА
АННА-МАРИЯ
АНОМАЛИЯ
АНРИ-МАРИ
АНТЕЯ
АНТИЛЕТА
АНТИНА
АНТОАЛИНА
АНТОАНА
АНТОАНЕЛА
АНТОАНЕТА
АНТОАНИЕТА
АНТОНЕЛА
АНТОНИЕЛА
АНТОНИК
АНТОНИНА
АНТОНИЯ
АНУША
АНУШКА
АНФИСА
АНХЕЛИКА
АНХЕЯ
АНХЕЯ-МЕЙ
АНЮТА
АНЯ
АПАРАТУРА
АПОЛИНА
АПОЛИНАРИЯ
АПОСТОЛИЦА
АПРИЛИНА
АПРИЛИЯ
АРАКСИ
АРАЛИЯ
АРДА
АРИАНА
АРИЕТА
АРИНА
АРКАДИЯ
АРКО
АРМЕНУХИ
АРМИНА
АРНИКА
АРСЕНА
АРСЕНИЯ
АРТЕМИДА
АРТИНА
АРТИНКА
АСЕЛИНА
АСЕНИЯ
АСЕНКА
АСИА
АСИАНА
АСИФА
АСПАЗИЯ
АСПАСИЯ
АСПИРИНКА
АСРИАНА
АСТРОМЕРИЯ
АСЯ
АТАНАСИЯ
АТАНАСКА
АТИЛИЯ
АТИНА
АТИЯ
АТОМА
АТОМНА
АТУШКА
АУРОРА
АФРОДИТА
АХИНОРА
АЯ
АЯНА
БАГРА
БАГРЕНА
БАГРЯНА
БАЛАСА
БАЛЕТКА
БАЛИНА
БАЛОМИРА
БАНА
БАНИЕ
БАРБАЛЕТА
БАРОМИРА
БАЦИСЛАВА
БЕАНА
БЕАНЕТА
БЕАТА
БЕАТРИГА
БЕАТРИС
БЕАТРИСА
БЕГОНИЯ
БЕЗЦЕННА
БЕКАПЕНКА
БЕЛА
БЕЛАДОНА
БЕЛГИНА
БЕЛИМИРА
БЕЛИНА
БЕЛИСИМА
БЕЛИСЛАВА
БЕЛИЦА
БЕЛЛА
БЕЛМИН
БЕЛОМИРА
БЕЛОСЛАВА
БЕЛЯНА
БЕНА
БЕНА-ЕЛЕНА
БЕНАЛГИНА
БЕНЕЛЕНА
БЕНИСЛАВА
БЕНКА
БЕРИМИРА
БЕРИНА
БЕРИСЛАВА
БЕРТА
БЕСЕПИНА
БЕТА
БЕТИ
БЕЯ
БИАНА
БИАНКА
БИДКА
БИЕЛА
БИЛЕНА
БИЛЯНА
БИНА
БИНКА
БИСА
БИСЕРА
БИСЕРКА
БИСТРА
БИТКА
БИЦА
БИЯНКА
БЛАГА
БЛАГИНА
БЛАГОВЕСКА
БЛАГОВЕСТА
БЛАГОДАТКА
БЛАГОЙКА
БЛАГОМИРА
БЛАГОРОДКА
БЛАГОРОДНА
БЛАГОСВЕТА
БЛАГОЯ
БЛАЖКА
БЛЕНИКА
БОГАТИНА
БОГДАЛИНА
БОГДАНА
БОГДАНКА
БОГОЛЮБА
БОГОМИЛА
БОГОРОДКА
БОГОСЛАВА
БОГОЯ
БОГОЯВЛЕНА
БОДИНКА
БОДУРКА
БОЖАНА
БОЖЕНА
БОЖИ-ДАРА
БОЖИДАРА
БОЖИДАРА-СИЛВЕСТРА
БОЖИДАРИЯНА
БОЖИДАРКА
БОЖИКА
БОЖИНА
БОЖИНЕЛА
БОЖИНИЯ
БОЖКА
БОЖОЛИНА
БОЖУРА
БОЖУРКА
БОЙКА
БОЙЧИНКА
БОНА
БОНЕЛИЯ
БОНЕТА
БОНИФАЦИЯ
БОНИФИЦИЯ
БОНКА
БОРА
БОРБА
БОРЕНА
БОРИКА
БОРИМИРА
БОРИНА
БОРИНКА
БОРИСКА
БОРИСЛАВА
БОРКА
БОРОМИРА
БОРЯНА
БОРЯНКА
БОСИЛА
БОСИЛКА
БОСКА
БОТА
БОЦА
БОЦИСЛАВА
БОЦКА
БОЯНА
БРАНИМИРА
БРИГИТА
БРИЗЕИДА
БРИЛЯНТИНА
БРИТОНКА
БРОНЗОМИРА
БРОНИСЛАВА
БРУТА
БУДИМИРА
БУДИНКА
БУКЕТКА
БУНА
БУРЕНА
БУРЯ
БУРЯНА
БУЦА
БУЧА
БУШКА
БЪЛГАРАНА
БЪЛГАРИЯ
БЪНКА
БЪРЗА
БЪРЗАНА
БЯЛА
БЯЛКА
ВАЙА
ВАКЛА
ВАКЛИНА
ВАКСИНА
ВАЛЕНА
ВАЛЕНСИЯ
ВАЛЕРИНА
ВАЛЕРИЯ
ВАЛЕСА
ВАЛИНА
ВАЛИСА
ВАЛОНА
ВАЛЯ
ВАНАЯ
ВАНГА
ВАНГЕЛИНА
ВАНГЕЛИЦА
ВАНГЕЛИЯ
ВАНДА
ВАНЕСА
ВАНИЛКА
ВАНИНА
ВАНУХИ
ВАНЧА
ВАНЯ
ВАРВАРА
ВАРДЕЛИНА
ВАРТА
ВАРТУХИ
ВАРЯ
ВАСА
ВАСЕНА
ВАСЕНКА
ВАСИЛА
ВАСИЛЕНА
ВАСИЛЕСА
ВАСИЛИАНА
ВАСИЛИНА
ВАСИЛИСА
ВАСИЛИЯ
ВАСИЛКА
ВАСИЯНА
ВАСКА
ВАСЯ
ВАТА
ВАЦА
ВАЦКА
ВАШИЛЯ
ВАЯ
ВАЯНА
ВЕДА
ВЕДРИНА
ВЕЖДА
ВЕЖИХА
ВЕЙКА
ВЕЛА
ВЕЛЕНА
ВЕЛИАНА
ВЕЛИЗАРА
ВЕЛИКА
ВЕЛИМИРА
ВЕЛИНА
ВЕЛИННА
ВЕЛИСЛАВА
ВЕЛИЧКА
ВЕЛИЯ
ВЕЛИЯНА
ВЕЛИЯНКА
ВЕЛКА
ВЕЛМИРА
ВЕЛЯНА
ВЕНА
ВЕНДА
ВЕНЕЛИНА
ВЕНЕМИРА
ВЕНЕРА
ВЕНЕТА
ВЕНЕЦИЯ
ВЕНИАМИНА
ВЕНИАНА
ВЕНИЗ
ВЕНИМИРА
ВЕНИСЛАВА
ВЕНКА
ВЕНЦЕСЛАВА
ВЕНЦИСЛАВА
ВЕНЦИСЛАВИЯ
ВЕНЧИСЛАВА
ВЕРА
ВЕРГИЛИЯ
ВЕРГИНИЯ
ВЕРДИДА
ВЕРЕНА
ВЕРЖИНИЯ
ВЕРИЕТА
ВЕРИМИРА
ВЕРИНДА
ВЕРИСЛАВА
ВЕРИЯНА
ВЕРКА
ВЕРОНИКА
ВЕРОСЛАВА
ВЕСА
ВЕСЕЛА
ВЕСЕЛИА
ВЕСЕЛИАДА
ВЕСЕЛИНА
ВЕСЕЛИНКА
ВЕСЕЛКА
ВЕСЕЛЯНА
ВЕСИСЛАВА
ВЕСКА
ВЕСНА
ВЕСТИМИРКА
ВЕСТИЯНА
ВЕТИНА
ВЕТКА
ВЕЦА
ВИВИАН
ВИВИАНА
ВИДА
ВИДЕЛИНА
ВИДИМА
ВИДКА
ВИДЛЕНА
ВИДОСЛАВА
ВИЗА
ВИКТОРИЯ
ВИКТОРИЯ-КРИСТИНА
ВИЛИАНА
ВИЛИМИРА
ВИЛИСЛАВА
ВИЛИЯ
ВИЛИЯНА
ВИЛМА
ВИЛМИРА
ВИЛОРИНА
ВИЛХЕМА
ВИЛЯНА
ВИНКА
ВИНОНА
ВИОЛА
ВИОЛЕТА
ВИОЛЕТКА
ВИОЛИНА
ВИОЛИТА
ВИРГИНИЯ
ВИРЖИНИЯ
ВИРНА
ВИСЛА
ВИТАЛИЯ
ВИТКА
ВИТОМИРА
ВИТОША
ВИХРА
ВИХРОГОНКА
ВИХРУШКА
ВИШКА
ВЛАДА
ВЛАДАЯ
ВЛАДЕНА
ВЛАДИАНА
ВЛАДИЛЕНА
ВЛАДИНА
ВЛАДИНЕЛА
ВЛАДИСАЯ
ВЛАДИСЛАВА
ВЛАДЛЕНА
ВЛАСТА
ВЛАХИНКА
ВЛАЯ
ВЛЪДИМЕНА
ВОДИЦА
ВОДИЧКА
ВОЖА
ВОЗКРЕСИЯ
ВОЙКА
ВОЙНКА
ВОЛГА
ВОЛЯ
ВРАНА
ВРЪБКА
ВУЛА
ВУНА
ВУНКА
ВУЧА
ВЪБКА
ВЪЗКРЕСЕНИЯ
ВЪЗКРЕСИЯ
ВЪЛА
ВЪЛКА
ВЪЛКАНА
ВЪЛЬО
ВЪРБА
ВЪРБИНИКА
ВЪРБИНКА
ВЪРБОНЕТА
ВЪРБУНКА
ВЪРТУХИ
ВЪТА
ВЪТЕЛИНА
ВЪТКА
ВЪЦА
ВЪЦКА
ВЪЧКА
ВЯРА
ВЯРКА
ГАБИ
ГАБРИЕЛА
ГАДЯ
ГАЛА
ГАЛАТЕЯ
ГАЛЕНА
ГАЛИА
ГАЛИЕНА
ГАЛИЛЕЯ
ГАЛИМИРА
ГАЛИНА
ГАЛИНКА
ГАЛИЦА
ГАЛИЯНА
ГАЛКА
ГАЛЯ
ГАНА
ГАНЕТА
ГАНКА
ГАНКО
ГАНУЦА
ГАРДЕНИЯ
ГАЦА
ГАЦКА
ГАЯ
ГВОЗДЕЙКА
ГЕВА
ГЕВЕЗИЯ
ГЕЛА
ГЕМА
ГЕНА
ГЕНИКА
ГЕНИСЛАВА
ГЕНКА
ГЕНОВЕВА
ГЕОРГЕЛЕНА
ГЕОРГЕНА
ГЕОРГИНА
ГЕОРГИНКА
ГЕОРГИТА
ГЕОРГИЦА
ГЕОРГИЯ
ГЕРА
ГЕРАДКА
ГЕРАСИМКА
ГЕРГА
ГЕРГАЛИНА
ГЕРГАНА
ГЕРГАНЕЛА
ГЕРГИНА
ГЕРДАНА
ГЕРМАНИЯ
ГЕРНА
ГЕРОЙКА
ГЕРТРУД
ГЕРТРУДА
ГЕТА
ГЕЦА
ГЕЯ
ГИЗДАВА
ГИЗДАНА
ГИНКА
ГИТА
ГИЦА
ГИЦКА
ГИЧКА
ГЛАДИОЛКА
ГЛОРИЯ
ГОВОРАЯ
ГОРАНКА
ГОРДАНА
ГОРИНА
ГОРИЦА
ГОРИЦИЯ
ГОРИЧКА
ГОРИЯ
ГОРЯН
ГОРЯНА
ГОСПОДИНКА
ГОСПОЖИЦА
ГОЦА
ГРАСИ
ГРАСИЕЛА
ГРАФИЕЛА
ГРАФИНЯ
ГРАФИЦА
ГРАФКА
ГРАЦИЕЛА
ГРЕЙС
ГРЕМИЯ
ГРЕТА
ГРИГОРИАНА
ГРИГОРИНКА
ГРИГОРИЯ
ГРИЖА
ГРИЛЕНА
ГРИМЯНА
ГРИМЯНЯ
ГРОЗДАЛЕНА
ГРОЗДАНКА
ГРОЗДЕНКА
ГРОЗДИНКА
ГРОНИКА
ГРУДА
ГРУДКА
ГУГУТКА
ГУНА
ГУНКА
ГУЦА
ГЪБЕНА
ГЪБКА
ГЪДА
ГЪЗИНА
ГЪЛА
ГЪЛАБИНА
ГЪЛЪБИНА
ГЪЛЪБИЦА
ГЪРБИЦА
ГЪРГОРИНКА
ГЪРЛА
ГЬОРКА
ГЮГРА
ГЮЛКА
ГЮРА
ГЮРГА
ГЮРГЕНА
ГЮРГЯ
ДАВИДКА
ДАВИНА
ДАВЛИНА
ДАГЕА
ДАКОТА
ДАЛИНА
ДАЛИТА
ДАЛИЯ
ДАМАЯНТИ
ДАМЯНА
ДАНА
ДАНАЕЛА
ДАНАИЛА
ДАНАЙА
ДАНЕЛИНА
ДАНЕЛИЯ
ДАНИЕЛА
ДАНИКА
ДАНИЛА
ДАНИМИРА
ДАНИНА
ДАНИРА
ДАНИСЛАВА
ДАНИТА
ДАНКА
ДАННА
ДАНЦОЛИНА
ДАР
ДАРА
ДАРДАНЕЛА
ДАРЕНА
ДАРИАНА
ДАРИНА
ДАРИНЕЛА
ДАРИЯ
ДАРКА
ДАРЯ
ДАРЯНА
ДАФИНА
ДАФИНКА
ДАФНЕ
ДАША
ДАЯ
ДАЯНА
ДЕА
ДЕАНА
ДЕБОРА
ДЕВА
ДЕВЕНА
ДЕВИ
ДЕВИНА
ДЕВОРА
ДЕЙНА
ДЕЛА
ДЕЛИАНА
ДЕЛИНДА
ДЕЛИННА
ДЕЛКА
ДЕЛФИНА
ДЕЛЯ
ДЕМЕТРА
ДЕМИ
ДЕМИНКА
ДЕМИРА
ДЕМИРЕЛА
ДЕМИЧКА
ДЕМНА
ДЕНА
ДЕНЕЛИНА
ДЕНИАНДРА
ДЕНИЕЛА
ДЕНИЗА
ДЕНИМИРА
ДЕНИСЛАВА
ДЕНИСЛАВЕНА
ДЕНИТА
ДЕНИЦА
ДЕНКА
ДЕНМА
ДЕННИЦА
ДЕНОРА
ДЕРКАЛИЛА
ДЕСИ
ДЕСИЛИНА
ДЕСИМИЛЯНА
ДЕСИМИРА
ДЕСИСВЕТА
ДЕСИСЛАВА
ДЕСИТА
ДЕСИЯНА
ДЕСПА
ДЕСПИНА
ДЕТЕЛИНА
ДЕФКА
ДЕФЛОРИНА
ДЕФРОСИНА
ДЕЧКА
ДЕША
ДЕШКА
ДЕЯ
ДЕЯМИРА
ДЕЯНА
ДЕЯНИРА
ДЕЯНИСЛАВА
ДЖАНА
ДЖЕНА
ДЖЕНИ
ДЖЕНКА
ДЖИНА
ДЖИНЕВРА
ДЖОНА
ДЖОРДЖИЯ
ДЖУДИТ
ДЖУЛИАНА
ДЖУЛИЯ
ДЗУНДЗУЛА
ДИАВЕНА
ДИАМАНТА
ДИАНА
ДИАНА-МАРИЯ
ДИВА
ДИВДЕНА
ДИВЕНА
ДИВНА
ДИДА
ДИДИАНА
ДИДОНА
ДИЛБЕРА
ДИЛЕНА
ДИЛМАНА
ДИЛЯНА
ДИЛЯРА
ДИМА
ДИМАНА
ДИМИТРА
ДИМИТРАНКА
ДИМИТРИЙКА
ДИМИТРИНА
ДИМИТРИНКА
ДИМИТРИЧКА
ДИМИТРИЯ
ДИМКА
ДИМЯНА
ДИНА
ДИНИЛИЯ
ДИНКА
ДИННА
ДИЦА
ДИЯНА
ДОБРА
ДОБРЕНА
ДОБРИАНА
ДОБРИНА
ДОБРИНКА
ДОБРОМИЛА
ДОБРОМИРА
ДОБРОСЛАВА
ДОЙКА
ДОЙЧИНА
ДОЛИ
ДОЛОРЕС
ДОЛЯ
ДОМЕНИКА
ДОМИНА
ДОМНА
ДОНА
ДОНЕЛИЯ
ДОНИКА
ДОНИЦА
ДОНКА
ДОННА
ДОРА
ДОРА-АННА
ДОРЕМИ
ДОРЕТА
ДОРИАНА
ДОРИКА
ДОРИНА
ДОРИСЛАВА
ДОРОСТЕЛА
ДОРОТЕЯ
ДОСА
ДОСИНА
ДОСТА
ДОСТЕНА
ДОТАМИРА
ДОЦА
ДОЦКА
ДОЧА
ДОЧКА
ДРАГА
ДРАГАНА
ДРАГИНКА
ДРАГИЦА
ДРАГОМИРА
ДРАГОСТИНА
ДРАЖА
ДРАЦЕНА
ДРЕНКА
ДРУЗИЛА
ДРУМА
ДРУСЛА
ДРЯНА
ДУДА
ДУКЕНА
ДУНДА
ДУХНЕНКА
ДУШАНА
ДУШКА
ДЪБИНА
ДЪГА
ДЪМША
ДЪРВОЛЕТА
ДЮКЯНА
ДЮЛКА
ДЮЛЯ
ЕВА
ЕВАНА
ЕВАНГЕЛИНА
ЕВАНДЖЕЛИНА
ЕВГА
ЕВГЕНИЯ
ЕВДА
ЕВДОКИЯ
ЕВЕЛИНА
ЕВКА
ЕВЛОГИЯ
ЕВРЕСИМКА
ЕВРИДИКА
ЕВРОПА
ЕВТИМКА
ЕДЕЛВАЙС
ЕДЕЛИНА
ЕДИТА
ЕДРЕНКА
ЕЗЕРКА
ЕЙМИ
ЕКАТЕРИНА
ЕЛ
ЕЛА
ЕЛВАНА
ЕЛВЕНА
ЕЛВИРА
ЕЛДОРА
ЕЛЕГИЯ
ЕЛЕНА
ЕЛЕНА-МАРИЯ
ЕЛЕНИ
ЕЛЕНИЦА
ЕЛЕНИЯ
ЕЛЕНКА
ЕЛЕНСИЯ
ЕЛЕНТИНА
ЕЛЕОНЕТА
ЕЛЕОНОР
ЕЛЕОНОРА
ЕЛЖАНА
ЕЛЗА
ЕЛИ
ЕЛИА
ЕЛИАНА
ЕЛИДА
ЕЛИДОРА
ЕЛИЗ
ЕЛИЗА
ЕЛИЗАБЕТА
ЕЛИЗАРА
ЕЛИКРА
ЕЛИНА
ЕЛИНИ
ЕЛИНИЦА
ЕЛИНОР
ЕЛИС
ЕЛИСА
ЕЛИСАВЕТА
ЕЛИСАНДРА
ЕЛИСЛАВА
ЕЛИТА
ЕЛИЦА
ЕЛИЯ
ЕЛИЯНА
ЕЛКА
ЕЛЛА
ЕЛМА
ЕЛМАЗ
ЕЛМИРА
ЕЛОНА
ЕЛОРА
ЕЛФИДА
ЕЛФИНА
ЕМА
ЕМА-НИКОЛ
ЕМАНУЕЛА
ЕМАНУИЛА
ЕМЕЛА
ЕМИЛИ
ЕМИЛИЯ
ЕМИЛИЯНА
ЕММА
ЕМОНА
ЕНЕСА
ЕНИСЛАВА
ЕНИТА
ЕНИЦА
ЕНИЯ
ЕНКА
ЕНОЛА
ЕНОРА
ЕРГАНА
ЕРЕДИНКА
ЕРИКА
ЕРКА
ЕРМЕНА
ЕРМИЛЯ
ЕРНЕСТИНА
ЕСЛИЦА
ЕСМА
ЕСМЕРАЛДА
ЕСТЕЛА
ЕСТЕР
ЕСТЕФАНИЯ-ГЕРГАНА
ЕТЕР
ЕТНА
ЕФИМЕНА
ЕФИМИЯ
ЕФРОСЕЛЕНА
ЕФРОСИМКА
ЕФРОСИНА
ЕФРОСИНИЯ
ЕФРУСИНА
ЕФТИМИЯ
ЖАДИ
ЖАДИМИРА
ЖАКЛИН
ЖАНА
ЖАНЕТ
ЖАНЕТА
ЖАНИА
ЖАНИН
ЖАНИНА
ЖАНКА
ЖАННА
ЖАНУАРИЯ
ЖАРА
ЖАРИНА
ЖАРКА
ЖАРТИЕРКА
ЖАСМИНА
ЖЕЙНА
ЖЕКА
ЖЕЛА
ЖЕЛАНА
ЖЕЛКА
ЖЕЛЯЗКА
ЖЕЛЯНА
ЖЕНДА
ЖЕНЕТА
ЖЕНИ
ЖЕНИМИРА
ЖЕНИНА
ЖЕНЯ
ЖЕРИНА
ЖЕЧКА
ЖИВА
ЖИВАНА
ЖИВЕЛИНА
ЖИВКA
ЖИВКА
ЖИВОМИРА
ЖИВОТ
ЖИКА
ЖИЛКА
ЖИРМА
ЖИЧКА
ЖОАНА
ЖОЗЕФИНА
ЖОРЕТА
ЖОРЖЕТА
ЖОРКА
ЖУЖЕФИНА
ЖУЖОБИНА
ЖУЛА
ЖУЛВЕНА
ЖУЛИАНА
ЖУЛИЕТА
ЖУЛИЯ
ЖУЛИЯНА
ЗАВИНАГИ
ЗАЕКА
ЗАЕРЯНА
ЗАНА
ЗАНДАЛИ
ЗАНИЧКА
ЗАНКА
ЗАПРЯНКА
ЗАРА
ЗАРИНА
ЗАРКА
ЗАФА
ЗАФИРА
ЗАФИРКА
ЗАХАРА
ЗАХАРИНА
ЗАХАРИНКА
ЗАЯ
ЗВЕЗДА
ЗВЕЗДАЛИНА
ЗВЕЗДЕЛИНА
ЗВЕЗДЕМИРА
ЗВЕЗДИСЛАВА
ЗВЕЗДИЦА
ЗВЕЗДОЛЕТА
ЗДРАВА
ЗДРАВЕЛИНА
ЗДРАВЕМИРА
ЗДРАВЕНА
ЗДРАВИНА
ЗДРАВКА
ЗДУХОСТИНА
ЗЕФИРА
ЗИБА
ЗИЗУ
ЗИНА
ЗИНАИДА
ЗИНИЯДА
ЗИЯ
ЗЛАТЕМИРА
ЗЛАТЕНА
ЗЛАТЕЯ
ЗЛАТИНА
ЗЛАТИНКА
ЗЛАТИСЛАВА
ЗЛАТИЦА
ЗЛАТКА
ЗЛАТНА
ЗЛАТОДАРА
ЗЛАТОЕЛА
ЗЛАТОЗАРА
ЗЛАТОМИРА
ЗЛАТОРОЗА
ЗЛАТОСВЕТА
ЗЛАТОСЛАВКА
ЗОИЦА
ЗОИЧКА
ЗОЙКА
ЗОРА
ЗОРЕНА
ЗОРИЦА
ЗОРКА
ЗОРНИЦА
ЗОЯ
ЗУЖА
ЗУЗИ
ЗУЗИЧКА
ЗЮМБЮЛА
ЗЮМБЮЛКА
ИВАЖЕЛА
ИВАЙЛИРА
ИВАЛЕНА
ИВАЛЕТА
ИВАЛИНА
ИВАЛИНКА
ИВАМИЛА
ИВАМИНА
ИВАНА
ИВАНА-МАРИЯ
ИВАНАЯ
ИВАНГЕЛИНА
ИВАНЕЛА
ИВАНЕСА
ИВАНЕТА
ИВАНЖЕЛИНА
ИВАНИНА
ИВАНИЦА
ИВАНИЧКА
ИВАНКА
ИВАННА
ИВАНУЕЛА
ИВАЯ
ИВЕАНА
ИВЕЛЕНА
ИВЕЛИАНА
ИВЕЛИНА
ИВЕЛИЯ
ИВЕНА
ИВЕТ
ИВЕТА
ИВИНКА
ИВИЯ
ИВКА
ИВОМИРА
ИВОН
ИВОНА
ИВОНЕЛА
ИВОНИКА
ИВОСЛАВА
ИГЛИКА
ИДАЛИЯ
ИДАРИЯ
ИДЕЛИАНА
ИЗАБЕЛ
ИЗАБЕЛА
ИЗИДА
ИЗИДОРА
ИЗЛОЖБА
ИЛАЙДА
ИЛАНА
ИЛВИНА
ИЛЕАНА
ИЛЕЙН
ИЛЕН
ИЛЕЯНА
ИЛИАНА
ИЛИАННА
ИЛИДИЯ
ИЛИЙКА
ИЛИЙЦА
ИЛИНА
ИЛИНДА
ИЛИНКА
ИЛИСА
ИЛИТ
ИЛИЯНА
ИЛКА
ИЛОНА
ИЛОНА-МИРОСВЕТА
ИЛОНКА
ИНА
ИНАН
ИНГЛИЗА
ИНДИРА
ИНДРИЖИШКА
ИНЕЛА
ИНЕС
ИНЕСА
ИНЕСИЯ
ИНКА
ИННА
ИНОНА
ИПКА
ИРА
ИРЕН
ИРЕНА
ИРЕЯ
ИРИАНА
ИРИН
ИРИНА
ИРИНКА
ИРИСА
ИРКА
ИРЛА
ИРМЕНА
ИРНИКЕ
ИРРА
ИСИДОРА
ИСИХИЯ
ИСКРА
ИСКРЕНА
ИСКРИНА
ИСТАЛИАНА
ИСТИЛИЯНА
ИТКА
ИЯ
ЙЕНА
ЙОАЛИТА
ЙОАНА
ЙОАНА-ГАЛИНА
ЙОАНА-СИМОНА
ЙОАНЕЛА
ЙОАНЕТА
ЙОАННА
ЙОАННА-ГЛОРИЯ
ЙОВА
ЙОВАЛИНА
ЙОВАНА
ЙОВАНКА
ЙОВЕЛИНА
ЙОВИНА
ЙОВКА
ЙОЗЕФИНА
ЙОКО
ЙОЛАНА
ЙОЛАНДА
ЙОЛАНТА
ЙОЛИ
ЙОЛИНА
ЙОЛИНТА
ЙОЛИНТАА
ЙОЛИТА
ЙОЛМИРА
ЙОНА
ЙОНЕЛИ
ЙОНЕЛИЯ
ЙОНЕТА
ЙОНИДА
ЙОНИКА
ЙОНИСЛАВА
ЙОНКА
ЙОРДАНА
ЙОРДАНИТА
ЙОРДАНКА
ЙОРИТА
ЙОТКА
ЙОФКА
ЙОХАНА
ЙОХАННА
ЙОЦА
ЙОШКА
КАБРИОЛЕТА
КАДАИФКА
КАДИФЕЙКА
КАДИФЕЯ
КАЛА
КАЛВИЯ
КАЛЕОПА
КАЛЕЯ
КАЛИ
КАЛИАНА
КАЛИЗАРА
КАЛИКА
КАЛИНА
КАЛИНА-НИКОЛАЯ
КАЛИНКА
КАЛИОПА
КАЛИПСО
КАЛИСА
КАЛИСТА
КАЛИЧКА
КАЛИЯ
КАЛОЯНА
КАЛУДА
КАЛУТКА
КАЛЯ
КАМЕЛИЯ
КАМЕНА
КАМЕЯ
КАНА
КАННА
КАНТА
КАНТАЛЕНА
КАНУША
КАПКА
КАПКА ЛЮБОВ
КАПРИС
КАРАМЕЛИНА
КАРАМЕЛИТА
КАРАМФИЛА
КАРАМФИЛКА
КАРЕЛИЯ
КАРИ
КАРИНА
КАРЛА
КАРМЕЛА
КАРОЛИНА
КАСАНДА
КАСИДИ
КАСИЕРКА
КАСИЯ
КАТАЛИНА
КАТАРИНА
КАТАСТРОФА
КАТЕЛИНА
КАТЕРИНА
КАТИНА
КАТИНЕЛА
КАТИНКА
КАТРИН
КАТРИНА
КАТЮША
КАТЯ
КАУНКА
КАЧУРКА
КАЯ
КАЯНА
КВЕТА
КВЕТОСЛАВА
КЕВА
КЕРА
КЕРАНА
КЕРАНЕА
КЕРАНКА
КЕРАЦА
КЕРКА
КЕТА
КЕТЕЛИНА
КЕТИ
КЕТКА
КЕФИРКА
КИАРА
КИНА
КИНО
КИНЧА
КИПРИЯНА
КИРА
КИРИЛКА
КИРКА
КИРНА
КИРЯНА
КИТА
КИТКА
КИТЧИЦА
КИФЛИЦА
КИЦА
КИЧКА
КЛАВДИЯ
КЛАРА
КЛЕАНТИЯ
КЛЕМЕНТИНА
КЛЕОНИКА
КЛЕОПАТРА
КЛЕУНА
КЛИМЕНТИНА
КЛОЕ
КЛОЗЕТ
КЛОИ
КЛОЯ
КЛЯСА
КОВНЕ
КОЙКА
КОЙНА
КОКИМИРА
КОКОНИЦА
КОКОНЯ
КОЛИЦА
КОЛОНЕЛА
КОМАРА
КОМНЯ
КОНА
КОНКА
КОНСТАНТА
КОНСТАНТИНА
КОНСТАНТИНКА
КОНСТАНЦА
КОПРИНКА
КОРИНА
КОРНЕЛИЯ
КОРТЕЗА
КОСАРА
КОСЕНА
КОСКА
КОСТАДИНКА
КОСТАКЕЦА
КОСТАНТИНА
КОТКА
КРАЙНА
КРАЛИНА
КРАЛИСА
КРАМОЛА
КРАСЕНА
КРАСИГОРА
КРАСИДАРА
КРАСИМА
КРАСИМИМА
КРАСИМИРА
КРАСИНА
КРАСИЯНА
КРАСНА
КРАСОЦВЕТА
КРЕМЕНА
КРЕОЛИНА
КРИСИ
КРИСИАНА
КРИСИТО
КРИСМИСЛАВА
КРИСТА
КРИСТА-МАРИЯ
КРИСТАБЕЛА
КРИСТАЛ
КРИСТАЛИНА
КРИСТЕЛ
КРИСТЕНА
КРИСТИАНА
КРИСТИАНА-ЙОАНА
КРИСТИНА
КРИСТИНА-ВИКТОРИЯ
КРИСТИСЛАВА
КРИСТИЯ
КРИСТИЯНА
КРОСТАЛЕНА
КРУЕЛА
КРЪСТАНА
КРЪСТАНКА
КРЪСТЕЛИАНА
КРЪСТИНА
КРЪСТИНКА
КРЪСТИСЛАВА
КСАНДРИНИЯ
КСЕНИЯ
КУЛА
КУМКА
КУНА
КУНКА
КЪДРИНКА
КЪНА
КЪНКА
КЪТИНА
КЬНИНА
КЮРАНА
ЛАВИНА
ЛАВИНИЯ
ЛАГОДА
ЛАДА
ЛАДУНКА
ЛАЗАРИНА
ЛАЗАРИНКА
ЛАЗЕТА
ЛАЗУРА
ЛАЙЗА
ЛАЙЛА
ЛАКА
ЛАЛИТА
ЛАЛКА
ЛАМБИЯ
ЛАНА
ЛАРА
ЛАРИНА
ЛАРИСА
ЛАСКА
ЛАТИНА
ЛАТИНКА
ЛАУРА
ЛАЦА
ЛЕА
ЛЕВЕНА
ЛЕВИНА
ЛЕДА
ЛЕКА
ЛЕНА
ЛЕНИ
ЛЕНИНА
ЛЕНИНКА
ЛЕНЧЕ
ЛЕОНИДА
ЛЕОНОРА
ЛЕТА
ЛЕТИ
ЛЕТИСИЯ
ЛЕТКА
ЛЕФТЕРА
ЛЕЯ
ЛИАНА
ЛИБЕРТА
ЛИВИЯ
ЛИГИЯ
ЛИДА
ЛИДИАНА
ЛИДИЙКА
ЛИДИЯ
ЛИЗА
ЛИЗБЕТ
ЛИЙЛА
ЛИКА
ЛИЛА
ЛИЛАНА
ЛИЛИ
ЛИЛИТА
ЛИЛИЯ
ЛИЛИЯН
ЛИЛИЯНА
ЛИЛКА
ЛИЛЯНА
ЛИЛЯНКА
ЛИМНА
ЛИМОНКА
ЛИН
ЛИНА
ЛИНДА
ЛИНКА
ЛИТА
ЛИТИЦИЯ
ЛИЧКА
ЛИЯ
ЛИЯ-АНДРЕЯ
ЛИЯНА
ЛОАНА
ЛОЗА
ЛОЗАНКА
ЛОЗЕНА
ЛОРА
ЛОРА-АЛЕКСАНДРА
ЛОРЕН
ЛОРЕНА
ЛОРИАНА
ЛОРИНА
ЛОРИТА
ЛОСКА
ЛОТИ
ЛУИЗА
ЛУКАНА
ЛУКРЕЦИЯ
ЛУЛА
ЛУЛИВЕРА
ЛУНА
ЛУСИТА
ЛУША
ЛУШКА
ЛЪЧЕЗАРА
ЛЪЧЕЗАРА-МАРИНКА
ЛЪЧЕЗАРКА
ЛЬОНИ
ЛЮБА
ЛЮБЕНА
ЛЮБИМКА
ЛЮБИНА
ЛЮБИНКА
ЛЮБИЦА
ЛЮБКА
ЛЮБЛЕНА
ЛЮБЛИНА
ЛЮБЛЯНА
ЛЮБОВ
ЛЮБОМИЛА
ЛЮБОМИРА
ЛЮБОСЛАВА
ЛЮБЯНА
ЛЮДА
ЛЮДМИЛА
ЛЮЛИНА
ЛЮЛЯНА
ЛЮРЕТА
ЛЮСИ
ЛЮСИЕНА
ЛЮСИЛ
ЛЮСИЛА
ЛЮСИЯ
ЛЮСИЯНА
ЛЮЦА
ЛЯЛКА
ЛЯНКА
МOМА
МАБЕЛ
МАВРУДИЯ
МАГДА
МАГДАЛЕНА
МАГДАЛИЯНА
МАГДЕЛЕНА
МАГДЕЛИНА
МАГИЯ
МАДЛЕН
МАДЛЕНА
МАДОНА
МАЙА
МАЙОЛА
МАЙЯ
МАКАРИНА
МАКЕДОНКА
МАКРЕНА
МАКРИНА
МАКСИМИЛИЯНА
МАКСИН
МАЛАМА
МАЛАМКА
МАЛВИНА
МАЛЕНА
МАЛИКА
МАЛИНА
МАЛИНКА
МАЛТА
МАЛТИНА
МАНИ
МАНИЯ
МАНКА
МАНОЛА
МАНОЛИНА
МАНУЕЛА
МАНЬОНКА
МАНЯ
МАРА
МАРА-АНТОАНЕТА
МАРАЯ
МАРГА
МАРГАРЕТА
МАРГАРИТА
МАРГИТ
МАРГИТА
МАРГО
МАРГРЕТ
МАРГРЕТА
МАРЕН
МАРЕНИЕЛА
МАРЕОЛИНА
МАРЕТА
МАРИ-АНА
МАРИ-АНРИ
МАРИАНА
МАРИАННА
МАРИЕЛА
МАРИЕТА
МАРИЙКА
МАРИКА
МАРИЛЕНА
МАРИНА
МАРИНЕЛА
МАРИНЕТА
МАРИНКА
МАРИОЛА
МАРИОНЕЛА
МАРИОРА
МАРИОТКА
МАРИСЛАВА
МАРИТА
МАРИТЯНА
МАРИЦА
МАРИЯ
МАРИЯ-АНАБЕЛА
МАРИЯ-АНАСТАСИЯ
МАРИЯ-ВИКТОРИЯ
МАРИЯ-ДЕСИСЛАВА
МАРИЯ-ЕЛЕНА
МАРИЯ-ЙОАНА
МАРИЯ-КИАРА
МАРИЯ-ЛУИЗА
МАРИЯ-МАГДАЛЕНА
МАРИЯ-ХУАНА
МАРИЯНА
МАРКИРСИЯ
МАРКРИТ
МАРЛЕН
МАРЛЕНА
МАРТА
МАРТИНА
МАРТИНЕЛА
МАРУЛКА
МАРУСЯ
МАРУЦА
МАРУШКА
МАРЧЕЛА
МАРЧЕЛА-БЕЛА
МАСА
МАТА
МАТЕНА
МАТЕЯ
МАТИНА
МАТКА
МАТКА
МАТРЬОНА
МАТЯ
МАХНА
МАША
МАЯ
МЕГЛЕНА
МЕДЕЯ
МЕДИ
МЕДИХА
МЕЙБЪЛ
МЕЙЗИ
МЕЙСИ
МЕЛАНИ
МЕЛАНИЯ
МЕЛИА
МЕЛИНА
МЕЛИНДА
МЕЛИСА
МЕЛЪДИ
МЕНДА
МЕРАЛИНА
МЕРЕЛИН
МЕРИАН
МЕРЛИНА
МЕРОПА
МЕТОДЕЯ
МЕТОДИЯ
МИА
МИГДАЛЕНА
МИГЛЕНА
МИГУЕЛА
МИЕЛА
МИКА
МИКАЕЛА
МИЛА
МИЛАДА
МИЛАКА
МИЛАНЕЛА
МИЛАНКА
МИЛАРА
МИЛАРКА
МИЛВА
МИЛВАНА
МИЛВЕНА
МИЛДА
МИЛДИЯ
МИЛЕВА
МИЛЕНА
МИЛЕТА
МИЛЕТКА
МИЛИАНА
МИЛИЦА
МИЛКА
МИЛКАНА
МИЛЛА
МИЛОСТ
МИЛОТИНА
МИЛЯНА
МИМИ
МИМИКА
МИМОЗА
МИМОЛЕТКА
МИНА
МИНАЯ
МИНЕСЛАВА
МИНКА
МИННА
МИННЕТ
МИРА
МИРАБЕЛ
МИРАНЗА
МИРАНИНА
МИРАЯ
МИРЕЙ
МИРЕЛА
МИРЕНА
МИРИАМ
МИРКА
МИРОЗАРА
МИРОЛЮБА
МИРОПА
МИРОСЛАВА
МИРОЦАЯ
МИРЦЕЛА
МИРЯНА
МИСЛА
МИТАНКА
МИТЕНА
МИТИНА
МИТКА
МИТОШКА
МИТРА
МИХАЕЛА
МИХАЕЛЕНА
МИХАЕЛИНА
МИХАЙЛЕНА
МИЦА
МИШЕЛ
МИШЕЛА
МИШЕЛИН
МИШКА
МИЯ
МЛАДЕНА
МЛАДЕНИЯ
МЛАДЕНКА
МЛАДЛЕНА
МОЙРА
МОЛИНА
МОЛИЯ
МОЛОВКА
МОМЕРА
МОМИЦА
МОМКА
МОМЯНА
МОНА
МОНИКА
МОНИСЛАВА
МОРАВА
МОРЕЙН
МОРЕНА
МОРТАДЕЛА
МОРУНА
МОЦА
МРЯНКА
МУСАКА
МУШАНА
МУШКА
МЪЛВИНА
МЪРМОРИЦА
МЪРОВИНА
НАВОДНЕНКА
НАДЕЖДА-МАРИНКА
НАДЕЛИНА
НАДИН
НАДИНА
НАДКА
НАДЮША
НАДЯ
НАЗАБРАВКА
НАЗЛА
НАЙДА
НАЙДЕНА
НАЙЯ
НАКИТКА
НАНА
НАНИ
НАНКА
НАНСИ
НАРАНЗА
НАРЦИС
НАСТИЯ
НАСЯ
НАТАЛИ
НАТАЛИНА
НАТАЛИЯ
НАТАША
НАЦА
НАЧКА
НАЯ
НЕВЕЛИНА
НЕВЕНА
НЕВИ
НЕВРИЯ
НЕВЯНА
НЕВЯНКА
НЕГРА
НЕГРИТА
НЕДА
НЕДЕЛИНА
НЕДЕЛКА
НЕДЕЛЯ
НЕДЕЛЯНА
НЕДКА
НЕДЯЛКА
НЕДЯНА
НЕЗАБРАВКА
НЕЙКА
НЕЛА
НЕЛЕНА
НЕЛИ
НЕЛИ-МИШЕЛ
НЕЛИДА
НЕЛИНА
НЕЛИСЛАВА
НЕЛИЯ
НЕЛКА
НЕЛЛА
НЕЛЛИ
НЕЛМА
НЕНА
НЕНКА
НЕОЛИНА
НЕРАНЗА
НЕЦА
НЕЧА
НЕША
НЕШКА
НЕЯ
НИАНА
НИВА
НИВЕЛИНА
НИГРИТА
НИДЕЛИНА
НИДЕЛИЯ
НИКИТА
НИКОДИМА
НИКОЕЛА
НИКОЛ
НИКОЛАЯ
НИКОЛЕТ
НИКОЛЕТА
НИКОЛИНА
НИКОЛИНКА
НИНА
НИНА-ГЕРГИНО
НИНКА
НИОНИЛА
НИТКА
НИЦА
НИЧКА
НИЯ
НОНА
НОНКА
НОННА
НОРА
НОРИНА
НОРКА
НОРМА
НОСИМИРА
НОЦА
НУРЕЛ
НУРЕТА
НУШКА
НЯНКА
ОБРЪНИЯ
ОГИНА
ОГНЕНА
ОГНЯНА
ОДА
ОДИЛИЯ
ОКСАНА
ОКТАВИЯ
ОЛА
ОЛГА
ОЛЕНА
ОЛЕСИЯ
ОЛИВЕРА
ОЛИМПИЯ
ОЛИНКА
ОЛИЧКА
ОЛЯ
ОМАНА
ОМАЯ
ОНЕЛИЯ
ОРЕОЛА
ОРКА
ОРЛЕАНА
ОРЛИНА
ОРНЕЛА
ОРНЕЛИЯ
ОРФЕЛИЯ
ОРХИДЕЯ
ОТАЦИЛИЯ
ОТИЛИЯ
ОФЕЛИЯ
ПАВЕЛА
ПАВИЛИЯ
ПАВИЛМА
ПАВЛА
ПАВЛЕНА
ПАВЛЕТА
ПАВЛИНА
ПАВЛИНКА
ПАВУНА
ПАГАНЕ
ПАГОНКА
ПАЛВИРА
ПАЛМА
ПАЛМИНА
ПАЛМИРА
ПАЛОМА
ПАЛОМИНА
ПАМЕЛА
ПАНА
ПАНАЦЕЯ
ПАНГЕЯ
ПАНДА
ПАНДЕЛА
ПАНДОРА
ПАНКА
ПАНОРА
ПАНТЕРА
ПАНЧА
ПАОЛА
ПАРАСКЕВА
ПАРАШКЕВА
ПАРАШКЕВИЦА
ПАРВОЛЕТА
ПАРИСА
ПАРКА
ПАРСКЕВА
ПАРУНКА
ПАРУШКА
ПАСИОНАРИЯ
ПАТА
ПАТОШКА
ПАТРИОТКА
ПАТРИЦИЯ
ПАТУШКА
ПАТЯ
ПАУЛА
ПАУЛИНА
ПАУНА
ПАУНДИЛА
ПАУНКА
ПАУТАЛИЯ
ПАЦА
ПАША
ПЕДОФИЛИЯ
ПЕЙКА
ПЕЙКЯ
ПЕЙОЛИНА
ПЕЙСТИЯН
ПЕКА
ПЕЛАГИЯ
ПЕЛАГОНИЯ
ПЕЛИНА
ПЕНА
ПЕНЕЛОПА
ПЕНКА
ПЕПА
ПЕПЕЛОТА
ПЕПЕРУНКА
ПЕПИНА
ПЕПИНИЯ
ПЕПИТА
ПЕРИАНА
ПЕРСА
ПЕРСИ
ПЕРСИДА
ПЕРСИЯНА
ПЕРУНА
ПЕРУНИКА
ПЕТА
ПЕТИЛЕТКА
ПЕТИНА
ПЕТИНКА
ПЕТКА
ПЕТКАНА
ПЕТРА
ПЕТРАНКА
ПЕТРИЙКА
ПЕТРИНА
ПЕТРИНКА
ПЕТРИЯ
ПЕТРОМИЛА
ПЕТРОМИРА
ПЕТРОНИЯ
ПЕТРОСЛАВА
ПЕТРУНА
ПЕТРУША
ПЕТРУШКА
ПЕТЯ
ПЕТЯНА
ПЕЦА
ПЕША
ПЕШКА
ПЕЯ
ПИЕРЕТА
ПИНА
ПИРИНКА
ПЛАМЕНА
ПЛАМЕНКА
ПЛАМЕННА
ПЛАМКА
ПЛЕНИМИРА
ПЛОДОВИТКА
ПЛУМКА
ПОБЕДА
ПОЕТЕСА
ПОЛА
ПОЛЕКСИНА
ПОЛЕТА
ПОЛИ
ПОЛИКСЕНА
ПОЛИКСЕНИЯ
ПОЛИН
ПОЛИНА
ПОЛИТИМИ
ПОЛЯ
ПОПОВ
ПРАВДА
ПРАВДОЛЮБКА
ПРАВОСЛАВА
ПРАСКОВА
ПРАСЛАВА
ПРЕСА
ПРЕСИАНА
ПРЕСИЯНА
ПРЕСЛАВА
ПРЕСПИЯ
ПРИНА
ПРОЙКА
ПРОЛЕТ
ПРОЛЕТАРКА
ПРОЛЕТЕСА
ПРОЛЕТИНА
ПРОЛЕТИНКА
ПРОЛЕТКА
ПРОЛЕЦВЕТА
ПРОСВЕТА
ПРОСТИСВЕТА
ПРОСТИТУТА
ПРЪВКА
ПУЛА
ПУНДА
ПУПИ
ПЪЛА
ПЪРВА
ПЪРВАНКА
ПЪРВОЛЕТА
ПЪРВОЛЕТКА
ПЪТА
ПЪТКА
ПЪЦИ
РАВЕНА
РАДА
РАДА-МАРИЯ
РАДАНА
РАДЕЛИНА
РАДЕНА
РАДИА
РАДИАНА
РАДИЛА
РАДИЛИНА
РАДИМИЛА
РАДИМИРА
РАДИНА
РАДИНЕЛА
РАДИСЛАВА
РАДИЯНА
РАДКА
РАДМИЛА
РАДОЛИНА
РАДОМИЛА
РАДОМИРА
РАДОСВЕТА
РАДОСЛАВА
РАДОСТ
РАДОСТАЛИЯ
РАДОСТИНА
РАДОСТКА
РАДОСЦВЕТА
РАДОЦВЕТА
РАЕНА
РАЗИЯ
РАИНКА
РАИСА
РАИЦА
РАЙКА
РАЙНА
РАЙНИЧКА
РАКИНА
РАЛИНА
РАЛИЦА
РАЛКА
РАМИНА
РАМОНА
РАШКА
РАЯ
РЕБЕКА
РЕВКА
РЕГИНА
РЕЗИНКА
РЕМИНА
РЕНАТА
РЕНГИЯ
РЕНЕТА
РЕНИ
РЕНИТА
РЕЯ
РИАНА
РИБА
РИЗА
РИЛКА
РИМА
РИММА
РИНА
РИНИТА
РИСА
РИСАНА
РИЯ
РОБЕРТА
РОБЕРТА-ДИМАНА
РОДИНА
РОЖЕНА
РОЗА
РОЗАЛИНА
РОЗАЛИНДА
РОЗАЛИЯ
РОЗАМУНДА
РОЗАНА
РОЗАНКА
РОЗАРА
РОЗАФЕТКА
РОЗДИАНА
РОЗЕТА
РОЗЕТКА
РОЗИНА
РОЗИНКА
РОЗИТА
РОЗИЦА
РОЗКА
РОЗМАРИ
РОЗОЦВЕТА
РОЙКА
РОКСАЛАНА
РОКСАНА
РОМАНА
РОМАНЬОЛА
РОМЕНА
РОМИНА
РОМОЛЕТА
РОСА
РОСАЛИНА
РОСАНА
РОСАНКА
РОСЕЛИНА
РОСЕНА
РОСИМИРА
РОСИНА
РОСИНКА
РОСИСЛАВА
РОСИТА
РОСИЦА
РОСИЯНА
РОСЛАНА
РОСТИСЛАВА
РУБИ
РУЖА
РУЖЕНА
РУЖИНА
РУЖКА
РУМЕЛИНА
РУМЕЛИЯ
РУМЕНА
РУМИНА
РУМИСЛАВА
РУМЯНА
РУМЯНКА
РУСА
РУСАЛИНА
РУСАЛИЯ
РУСАЛКА
РУСАНА
РУСАНКА
РУСИМКА
РУСКА
РУСЛАНА
РУСТИСЛАВА
РУЦА
РУШДИЯ
САБИНА
САБИНА-ПАРАШКЕВА
САБРИНА
САВЕЛИА
САВЕЛИНА
САВЕТА
САВИНА
САВКА
САВКО
САКСИЯ
САЛИНА
САЛФЕТКА
САНДА
САНДРА
САНИА
САНКА
САНТАНА
САНЯ
САРА
САРАФИНА
САРАЯ
САРЕНА
САТЯ
САФИНА
САФРИДКА
САХОРИЯ
САША
САШКА
САЯ
СВАДКА
СВЕЖА
СВЕЖАНКА
СВЕЖИНА
СВЕТА
СВЕТКА
СВЕТЛА
СВЕТЛАНА
СВЕТЛИНА
СВЕТЛИНКА
СВЕТЛОЗАРА
СВЕТЛОЗАРИЯ
СВЕТЛОМИРА
СВЕТОЗАРА
СВЕТОСЛАВА
СВЕТОФАРА
СВЕЩАРА
СВИДНА
СВИЛА
СВИЛЕНА
СВИТИРКА
СВОБОДА
СВОБОДКА
СЕВА
СЕВАСТИАНА
СЕВАСТИЦА
СЕВАСТИЯ
СЕВДА
СЕВДАЛЕНА
СЕВДАЛИНА
СЕВДАНА
СЕВДАРИНА
СЕВДЕЛИНА
СЕВДЖАНА
СЕВДОМИРА
СЕВЕЛИНА
СЕВЕРИНА
СЕВЕТА
СЕДЕФКА
СЕЛИНА
СЕЛМА
СЕМА
СЕМЕНАРКА
СЕМИРА
СЕМРА
СЕНКА
СЕРАФИМА
СЕРГЕЛИНКА
СЕСИЛ
СЕСИЛИЯ
СИАНА
СИАРА
СИБИЛА
СИВЕНА
СИВЕННА
СИВИНА
СИВОЕЛА
СИЕНА
СИЙКА
СИЛВА
СИЛВАНА
СИЛВЕНА
СИЛВИ
СИЛВИАНА
СИЛВИНА
СИЛВИЧ
СИЛВИЯ
СИЛВИЯ-АЛЕКСАНДРА
СИЛВИЯНА
СИЛЕНА
СИЛЕНКА
СИЛИЯ
СИЛЯНА
СИМАРИНА
СИМЕОНА
СИМЕОНКА
СИМОН
СИМОНА
СИМОНА-ХАЙДИ-МАРИ
СИМОНЕТА
СИНЕМА
СИНОБЕЛКА
СИНТИЯ
СИРЕНА
СИРЕНКА
СИРМА
СИСКАНА
СИСОЯ
СИЯ
СИЯЙНА
СИЯНА
СИЯНА-КАЛИНА
СКАКАЛКА
СКАРЛЕТ
СКИЦА
СЛАВА
СЛАВЕНА
СЛАВЕЯ
СЛАВИАНА
СЛАВИЛА
СЛАВИНА
СЛАВИНИЯ
СЛАВИЯ
СЛАВКА
СЛАВОМИРА
СЛАВУНА
СЛАВЯНА
СЛАВЯНКА
СЛАДОЛЕДКА
СЛАДОЛИНА
СЛИВА
СМАРАГДА
СМЕЛА
СМЕХОТЕРАПИЯ
СМИЛА
СМИЛЕНА
СМИЛЯНА
СМИНА
СМИРНА
СНЕГУЛА
СНЕЖАНА
СНЕЖАНКА
СНЕЖИНА
СНЕЖИНКА
СНЕЖКА
СНИЖАНА
СОНЯ
СОНЯ-МАРИ
СОФИЙКА
СОФИЯ
СОФКА
СПАДУНА
СПАНИСЛАВА
СПАСЕНА
СПАСИАНА
СПАСИЙКА
СПАСИМИРА
СПАСИЯ
СПАСИЯНА
СПАСКА
СПАСТЕНА
СПАСУНКА
СПАСЯНА
СПИРЕЛА
СПИРКА
СПОМЕНКА
СРЕБРА
СРЕБРИНА
СТАВИСАРА
СТАВРУЛА
СТАЙКА
СТАЛАКТИТА
СТАЛИНКА
СТАМАТКА
СТАМЕНА
СТАМЕНКА
СТАМЯНА
СТАНА
СТАНИЕЛА
СТАНИЕЛА/СТЕВЕЛИНА
СТАНИЛА
СТАНИЛИЯ
СТАНИМИРА
СТАНИМИРКА
СТАНИСЛАВА
СТАНКА
СТАФАНА
СТАФИДКА
СТАША
СТАЯ
СТЕЛА
СТЕЛА-МАРИЯ
СТЕЛИАННА
СТЕЛИНА
СТЕЛИЯНА
СТЕЛЛА
СТЕЛЯНА
СТЕФАНЕЛА
СТЕФАНИ
СТЕФАНИЯ
СТЕФАНКА
СТЕФКА
СТЕФУНДРИЯ
СТЕЯНА
СТИЛИАНА
СТИЛЯНА
СТИХИЯ
СТОИЛКА
СТОИМЕНА
СТОИМЕНКА
СТОЙКА
СТОЙМИРА
СТОЙНА
СТОЛЕТКА
СТОЛИАНА
СТОЯНА
СТОЯНЕЛА
СТОЯНИНА
СТОЯНКА
СТРАХИЛКА
СТРАЦИМИРА
СТРЕЛКА
СТРУМА
СУЗАНА
СУЗИ
СУЛТАНКА
СЪБА
СЪБИНА
СЪБКА
СЪВЕСТИНА
СЪВЕТКА
СЪЛЗИЦА
СЪРБИНКА
СЪРМЕНА
СЪРМЕНКА
СЪРНЕЛА
СЮЗАН
СЯРА
ТАБЛОИДА
ТАИСИЯ
ТАЙГИНА
ТАЛИТА
ТАЛИЯ
ТАЛКА
ТАМАРА
ТАНА
ТАНАЯ
ТАНИСЛАВА
ТАНИТА
ТАНКА
ТАНЯ
ТАРА
ТАСЯ
ТАТКА
ТАТЯНА
ТАШИМИРА
ТАШИНКА
ТАШКА
ТАШОНКА
ТВОРИМИРА
ТЕА
ТЕДИСЛАВА
ТЕДРАДКА
ТЕЗГЮЛ
ТЕКЛА
ТЕЛЕФОНКА
ТЕМЕЛКА
ТЕМЕНУГА
ТЕМЕНУЖКА
ТЕМИДА
ТЕМИРА
ТЕМКА
ТЕНДЖЕРКА
ТЕОДАРА
ТЕОДОМИРА
ТЕОДОРА
ТЕОДОСИЯ
ТЕОНА
ТЕОФАНА
ТЕРЕЗА
ТЕСА
ТЕТРАДКА
ТЕЯ
ТИАДАРА
ТИАНА
ТИЛИАНА
ТИМЕНА
ТИНА
ТИНКА
ТИСИЯ
ТИТКА
ТИХА
ТИХОМИРА
ТИШКА
ТИЯНА
ТОАЛЕТКА
ТОАНЕТА
ТОДОРА
ТОДОРИНКА
ТОДОРКА
ТОЛЕНА
ТОЛИАНА
ТОЛЯ
ТОМИНА
ТОМИСЛАВА
ТОМНА
ТОНА
ТОНЕЛА
ТОНИКА
ТОНИНА
ТОНИСЛАВА
ТОНИЦВЕТА
ТОНИЯ
ТОНКА
ТОНЯ
ТОПОЛКА
ТОСКА
ТОСЯ
ТОТА
ТОТКА
ТОША
ТОШКА
ТРАЙКА
ТРАНДАФОРА
ТРАЯНА
ТРЕДА
ТРЕНДАФИЛА
ТРЕНДАФИЛКА
ТРЕПЕТЛИКА
ТРЕПКА
ТРИФА
ТРИФОНКА
ТРОЙКА
ТРОНКА
ТРОФИМИРА
ТРОХА
ТРОША
ТРОШИЦА
ТРОШКА
ТРУДА
ТРУТИЯНА
ТРУФАНА
ТРУФАНКА
ТРУФКА
ТРУШКА
ТРЪНКА
ТРЪПКА
ТУАНА
ТУМАЯ
ТУТКА
ТУФА
ТУФКА
ТУШКА
ТЮЛЯЙ
ТЯНКА
УЗУНИЯ
УЛИАНА
УЛЯ
УЛЯНА
УНКА
УРАНИЯ
УРИМА
УРСУЛА
УРШУЛА
УСТИЯНКА
УТЕХА
ФАБИЯНА
ФАНИ
ФАНИНА
ФАНКА
ФАНТА
ФАТИМЕ
ФАТМА
ФЕДЯ
ФЕЛИМОНА
ФЕНИЯ
ФЕНЯ
ФЕЯ
ФИДАНА
ФИДАНКА
ФИДЕЛИЯ
ФИКИЯ
ФИЛИМОНА
ФИЛИНКА
ФИЛИПА
ФИЛИПИНА
ФИЛИПИНИ
ФИЛКА
ФИЛОМЕНА
ФИЛОТЕЯ
ФИМА
ФИМКА
ФИНДОЛА
ФИНКА
ФИРА
ФИРКА
ФЛАВИЯ
ФЛОАРЯ
ФЛОРА
ФЛОРЕНА
ФЛОРЕТА
ФЛОРИКА
ФЛОРИНА
ФЛОРИНДА
ФЛЬОНГА
ФЛЬОРЦА
ФОТИНКА
ФОТКА
ФРАНЧЕСКА
ФРИДОЛИНА
ФРОНА
ФРОНКА
ФРОСА
ФРОСИНА
ФРОСИНИЯ
ФРОСКА
ФТЯНКА
ФУГА
ФУКА
ХАЙДИНА
ХАМОМИЛИЯ
ХАМСИЯ
ХАНА
ХАННИ
ХАРИЕТА
ХАРИТИНА
ХАРИТИЯ
ХАРИТОНИЯ
ХАСИЕНДА
ХАСИНТА
ХАСИЯ
ХЕЛЕНА
ХЕНРИЕТА
ХЕРА
ХИЛДА
ХИМЕНА
ХИМЕРА
ХИНКА
ХИСИЯНА
ХИЦА
ХЛОРОФИЛИЯ
ХЛОЯ
ХОЛИ
ХОРТЕНЗИЯ
ХРАБРА
ХРАБРИНА
ХРАНИМИРА
ХРАНИСЛАВА
ХРИЗАНТЕМА
ХРИЗАНТИНА
ХРИПСИ
ХРИСА
ХРИСАНКА
ХРИСАНТА
ХРИСЕЛА
ХРИСИАННА
ХРИСКА
ХРИСТА
ХРИСТАБЕЛА
ХРИСТАЛИНА
ХРИСТАНКА
ХРИСТЕА
ХРИСТЕЛА
ХРИСТЕНА
ХРИСТИ
ХРИСТИАНА
ХРИСТИВЕЛИНА
ХРИСТИЛИЯНА
ХРИСТИНА
ХРИСТИНКА
ХРИСТИЯНА
ХРИСТИЯНИЯ
ХРИСТОЕЛЕНА
ХРИСТОЗОРМЕНА
ХРИСТОМИЛА
ХРИСТОМИРА
ХРИСТОСЛАВА
ХРИСТЯ
ХРИСУЛА
ХРИСУЛИНА
ХРЪСТИЕРА
ХУБА
ХУБАВЕЛКА
ХУБАВЕНА
ХУБАВИНА
ХУБАНЕЛИЯ
ХУБЕНА
ЦАНЕТА
ЦАНИТА
ЦАНКА
ЦАРВУЛАНА
ЦАРЕВА
ЦАРЕВНА
ЦАРЕНА
ЦАРИНА
ЦАЦА
ЦВЕТА
ЦВЕТАНА
ЦВЕТАНЕЛИЯ
ЦВЕТАНКА
ЦВЕТАЯ
ЦВЕТЕ
ЦВЕТЕЛИНА
ЦВЕТЕЛИЯ
ЦВЕТЕМИРА
ЦВЕТЕНА
ЦВЕТЕНКА
ЦВЕТЕСЛАВА
ЦВЕТИАНА
ЦВЕТИДАРА
ЦВЕТИЛЕНА
ЦВЕТИМА
ЦВЕТИНА
ЦВЕТИСЛАВА
ЦВЕТЛЕНА
ЦВЕТЛИНА
ЦВЕТНОСКА
ЦВЕТОДАРА
ЦВЕТОЗАРА
ЦВЕТОЗАРЯ
ЦВЕТОЛИЛИЯ
ЦВЕТОЛЮБКА
ЦВЕТОМИЛА
ЦВЕТОМИРА
ЦВЕТОСЛАВА
ЦВЕТОСТИНА
ЦВЕТЯНА
ЦЕЗАРИНА
ЦЕНА
ЦЕНКА
ЦЕОЛИНА
ЦЕЦА
ЦИКА
ЦИКЛАМИЯ
ЦИКЛОПА
ЦИЯНА
ЦОЛА
ЦОЛКА
ЦОНИЕЛА
ЦОНИКА
ЦОНКА
ЦОНЯ
ЦОЧА
ЦУРА
ЧАВДАРА
ЧАЙКА
ЧАНА
ЧАНИТА
ЧАНКА
ЧАПРАСКА
ЧАРА
ЧАРДАФОНА
ЧАРИНА
ЧАРЛИНА
ЧАРОДЕЙКА
ЧАРОДЕЯ
ЧАЧИЯ
ЧАЯ
ЧАЯНА
ЧЕЗАРИНА
ЧЕПИЛИНА
ЧЕРЕША
ЧЕРЕШКА
ЧЕРИМИЛА
ЧЕРИСЛАВА
ЧЕРНОБИЛКА
ЧЕТВЪРТА
ЧЕЧИЛИЯ
ЧИКОЛЕТА
ЧИСТИНА
ЧОЙКА
ЧОНА
ЧОНКА
ЧОНЬО
ЧОЧОМИРА
ЧУБРА
ЧУБРИНА
ЧУДОМИРА
ЧУДОСЛАВА
ЧУКЧА
ЧУНА
ШАНА
ШАНЕЛ
ШАНТАЛ
ШАРЛОТА
ШЕЛИ
ШЕНА
ШЕНКА
ШЕРИ
ШЕРИЗАД
ШЕРМИН
ШЕХЕРЕЗАДА
ШИБИЛА
ШИБИЛКА
ШИЗЕЛ
ШИНА
ШИНКА
ШИРИН
ШЛЮЗДОМИРА
ШНАРКУЛИЯ
ШПИЛКА
ЩЕДРА
ЩЕДЯ
ЩЕЛИЯНА
ЩЕНА
ЩЕРА
ЩЕРИАНА
ЩЕРИОНКА
ЩЕРКА
ЩЕРОНКА
ЩЕФАНИ
ЩЕФАНИЯ
ЩЕФИ
ЩИЛКА
ЩИЛЬОНА
ЩИЛЯНА
ЩИЛЯНКА
ЩИПКА
ЩИРКА
ЩИРЯНА
ЩТЕДРА
ЩТИЛКА
ЩУКА
ЩУРКА
ЪГЛАЯ
ЪГЛЕНА
ЪГЛЕНКА
ЪГЛИКА
ЪЛЕНА
ЪЛИНА
ЪРНЕСТИНА
ЪЧКА
ЮЛА
ЮЛЕНА
ЮЛИАНА
ЮЛИАНИЯ
ЮЛИЕНА
ЮЛИЕТА
ЮЛИКА
ЮЛИНА
ЮЛИТА
ЮЛИЯ
ЮЛИЯНА
ЮЛКА
ЮНА
ЮНИАНА
ЮНОНА
ЮРА
ЮРГИТА
ЮРДЕЧКА
ЮРИЕТА
ЮРИТА
ЮРИЯ
ЮРИЯНА
ЮРКА
ЮСТИАНА
ЮСТИАННА
ЮСТИНИАНА
ЮФКА
ЯАМУР
ЯБЛЕНА
ЯБЛЕНКА
ЯБЪЛКА
ЯВЕНА
ЯВКА
ЯВЛЕНА
ЯВОРА
ЯВОРИНКА
ЯВОРКА
ЯВТИРА
ЯГЛАЯ
ЯГОДА
ЯГОДИНА
ЯГОДИНКА
ЯГОДКА
ЯКОБИНА
ЯЛИСЛАВА
ЯМБОЛА
ЯМБОЛЕНА
ЯМБОЛИНА
ЯНА
ЯНА-МАРТИНА
ЯНА-МАРИЯ
ЯНЕСЛАВА
ЯНЕТА
ЯНИКА
ЯНИНА
ЯНИНКА
ЯНИСА
ЯНИСВЕТА
ЯНИСЛАВА
ЯНИСЛАВИЯ
ЯНИТА
ЯНИЦА
ЯНИЦЯ
ЯНИЧКА
ЯНКА
ЯННА
ЯНУЛКА
ЯНУШКА
ЯРА
ЯРКА
ЯРМА
ЯРОДАРА
ЯРОМИРА
ЯРОСЛАВА
ЯСЕНА
ЯСЕНКА
ЯСМИН
ЯСМИНА
ЯСНА
ЯТАНА
ЯША