АХМЕД ДОГАН
АХМЕД ДОГСН
Александър Сталийски
Алексей Петров
Ал. Каракачанов
Ангел Джамбазки
Ангел Найденов
Андреев
Андрей Иванов
Андрей Карлович Луканов
Андрей Луканов
Антоний Гълъбов
Антон Павлов
Асен Генов
Атанас Атанасов
Атанас Фурнаджиев
Ахмед Доган
ББ
ББ.
БОЙКО
БОЙКО БОРИСОВ
БОКО
БОРИСОВ
Барека
Бареков
Бареци
Батков
Бат Бойко
Бат Сали
Бат ви Бойко
Баце
Баце Боце
Безуханова
Берлускони
Беров
Бийко Борисов
Бисеров
Близнашки
Богомил Манчев
Боев
Божидар Лукарски
Божков
Божо
Бойкооооо, Бойко
Бойко
Бойко Борисов
Бойко Борисов (Рапона)
Бойко Хорисов
Боко
Боко Тиквата
Болен
Болен Сидеров
Борислав Великов
Борислав Миланов
Борислав Стратев
Борисов
Борисо
Ботев
Боце
Боцко
Бочко
Брежнев
Брендо
Буда
Бъчварова 
Бъчварова
Б.Борисов
Б.Б
Б.Б.
Б.Данев
Б. Борисов.
Б. Лукарски
Б. Сарафов
Валентина Илиева
Валентин Захариев
Валентин Златев
Валентин Николов
Валери
Валери Димитров
Валери Симеонов
Вальо
Вальо Топлото
Вальо топлото
Вангелов
Ваньо
Ваньо Танов
Василев
Веждито
Вежди
Вежди Рашидов
Велизар Шаламанов
Великов
Велчев
Венцислав Антонов
Веселин Вучков
Веселин Пенев
Виденов
Вили Лилков
Владимир Писанчев
Владислав
Владислав Горанов
Влади Горанов
Владко
Волене
Волен
Волен Сидеров
Вучева
Вучков
В.Симеонов
В. Горанов
ГЕЧЕВ
Георги Близнашки
Георги Кадиев
Георги Първанов
Гергана Михайлова
Гергов
Герджиков
Гечев
Гечов
Гиньо Ганев
Гирша Ганчев
Гогов
Гойко
Горанов
Горано
Гоцето
Гоце
Гоцко
Гриша Ганчев
Гумен Речев
Гунев
Гунов
Гълъбов
Г-жа Манолова
Г-жо Кунева
Г-н Горанов
Г-н Йотингер
Г-н Пеевски
Г-н Плевнелиев
Г. Караджов
ДОГАН
ДП
Дано
Данчето
Данче
Данчо Ментата
Дебил Пеевски
Делчев
Делянчо
Делян
Делян Пеевски
Деян
Джамбазки
Джоузеф Доул
Дж. Дол
Диков
Димитър Димитров
Димитър Костов
Димитър Талев
Димо Спасов
Динев
Добрев
Догана
Доган
Доган-Бей
Доган/Местан
Дол
Донев
Дончев
Драгомир Стойнев
Дудука
Дъбов
Дянкова
Дянков
Д.Пеевски
Д.П
Д. П.
Екимджиев
Емел Етем
Емилия Масларова
Емил Кабаиванов
Емил Хорозов
Ердоган
Жан Виденов
Живков
Жириновски
Жозеф Дол
Заимов
Захариева
Захариев
Златанов
ИФ
Ивайло Дичев
Ивайло Московски
Ивайло Мутафчиев
Иванов
Иван
Иван Искров
Иван Костов
Ива Йорданова
Ивелина Василева
Ивето
Иво Дачев
Иво Прокопиев
Ив.Костов
Илияна Цанова
Илиян Василев
Ил. Василев
Исаков
Искоров
Искрата
Искра Фидосова
Искров
Исмааилов
Исмаилов
И.Костов
И. Иванов
И. Костов
Йовчев
Йорданова
Йордан Цонев
Йрдан Цонев
КОСТОВ
КУРнелия Нинова
Кавръкова
Кадиев
Калайджиев
Калин Христов
Калфин
Караджов
КаракОчанов
Каракачанов
Каракачански
Касим Дал
Кеворк Кеворкян
Кирил Добрев
Кирил Йорданов
Киро Йорданов
Кличко
Ковачки
Корман
Корман Исмаилов
Костов
Кралев
Красимир Горанов
Красимир Стефанов
Краси
Кристалина
Кристалина Георгиева
Кристиан Лагард
Кубрат
Кубрат Пулев
Кунева
Кунева negative
Кънев
Кюлев
ЛАЗАРОВ
Лазаров
Лазар Лазаров
Лечков
Лещарска
Лили
Лилков
Лилов
Лиляна Павлова
Лостов
Луканов
Лукарси
Лукарски
Лукар
Лютви
Лютви Местан
МАЯ
Мавродиев
Майер Ротшилд
Майчето
Майчето М.
Майче
Малинов
Манолова
Маргарита Попова
Мариана
Мариана Георгиева
Мария Капон
Марковска
Мартин Димитров
Мартин Заимов
Матросов
Мая
Мая Манолова
Меглена Кунева
Менда Стоянова
Мента
Мента Стоянова
Меркел
Местан
Метин Казак
Методи Андреев
Метсан
МикУв
Миков
Миленков
Милен Велчев
МинФин
Мирослав Найденов
Мирчев
Митов
Митхат Метин
Михаил Екимджиев
Михайлова
Младенова
Младенов
Моника
Моника Станишева
Монката Паси
Москов
Москов и Кънев
Мостоф
Муса Палев
Мустака
М димитров
М. Димитров
Надя Миланова
Найденов
Неделчо Беронов
Нигяр Джафер
Николай Василев
Николай Цонев
Николов
Нотев
Овчаров
Оглушарски
Огнян Герджиков
Октай
Орбан
Ореха
Орешарски
Орешарски, Чобанов
Орханчо
Орхан
Орхан Исмаилов
О.Исмаилов
ПИСАНЧЕВ
ПЛЕВЕНЛИЕВ
ПУТИН
Павел
Пеевски
Пеевски, Доган
Пеевск
Пенгезов
Петканов
Петьо
Петьо Еврото
Пирински
Писанчев
Пламен Орешарски
Плевенлиев
Плевнелиев
Плевненлиев
Пожарникарят
Полина Кавръкова
Поли Карастоянова
Прокопиеви,
Прокопиев
Прокопие
Професор Вучева
Пръванов
Пръмова
Пулев
Путин
Първанов
Пeeвски
РУМЕН
Радане
Раданчо
Радан
Радан Кънев
Рапан
Рашидов
Рогозин
Росен Николов
Росен Плевненлиев
Роската
Румен
Румен Йончев
Румен Овчаров
Румен Петков
Румяна
Р.Кънев
Р.Овч.
Р. Василев
Р. Гечев
Р. Кънев
СИДЕРОВ
СЦ
Сава
Сайдеров
Сали
Светлана Ломева
Свинаров
Св. Витков
Семерджиев
СерГей
Сергей
Сергей Станишев
Сергей-Гей
Сечкова
Сидеровци
Сидеров
Симеонов
Симеон Дянков
Славчо Атанасов
Сотир Цацаров
Софиянски
Срафов
Сталийски
Сталин
Станишев
Стати Статев
Стоилов
Стойнефф
Стоянчо Александров
Стоян Александров
Султана
ТИКВУН
Танев
Танчето
Татяна Буруджиева
Татяна Дончева
Теменужка
Теменужка Петкова
Тиквата
Тикво
Тодорова
Тодор Живков
Томислав Дончев
Тони Филипов
Тотев
Тошо
Трайков
Трайчо Трайков
Трайчо Трайко
Тр.Кунев
Т. Дончева
Узунов
Фандакова
Фандъкова
Фандъчка
Фидел Беев
Фидосиева
Филип Димитров
Филчев
Фратини
Фънди
Ф.Златанов
Хер Цаца
Христов
Христосков
Христо Бисеров
Христо Иванов
Хубавото Наде
ЦАЦАРОВ
ЦВАТАНОВ
ЦВ
ЦЦ
Цанова
Цацаров
Цацароооов, Цацарооооов
Цацар
Цацар Сотиров
Цацата
Цацева
Цац
Цачева
Цветанов
Цветан Василев
Цветан Василе
Цветан Гунев
Цветан Цветанов
Цвета Василев
Цветелина Бориславова
Цветко
Цветлин Йовчев
Цв.Цв
Цв.
Цв. Василев
Цв. Сърбинска
Цеко
Цеко Минев
Цецка
Цецка Тиквунева
Цецка Цачева
Цецо
Цецо Мустака
Цонев
Ц.Бориславова
Ц.Ц.
Чипев
Чобанов
Шаламанов
Шушулов
Явор Нотев
Янков
Янко Янков
Янукович
Янчулев
Янчулев,
ага Местан
бай Сали
бате Бойко
бат Бойко
бойко
бойко разбойко
боко
боратино от банкя
борисов
бялата златка
б.б.
гоцето
гоце
г-жа Мая Манолова
г-н Борисов
г-н Дол
г-н Местан
г-н Пеевски
доган
дудука
искров
лукарски
маккейн
мачо премиер
местан
орешарски
пеевски
пръмова
путин
радан
румен гечев
селянин от Банкя
серГЕЙОВЕ
тиквун
цецо крадецо
цонев
чобанов
6yy
