Гойко
тиквичко
прос
кафеварката
Гоцето
Първанката
Гоцко
Сатанишеф
Гоце
Сава
Делчев
Павел
Гоцко
Местаня
Мониката
Съселчето
Дудука
Барека
Бюрека
Бюреков
Искрата
Мента
Менда
МенТа
Владко
МинФин
Финансовото
подуправителя
Гуверньора
Мустака
мустака
Прасчо
Делянчо
Оглушарски
Орех
Олигархски
Орехов
Ореха
Орешко
Олигарски
Орешака
Пожарникарят
Артист
Буд
Рапан
Банкянският
джанката
бацето
Сава
Агент
Павел
агента
Сали
Бат
бат
Гей
Султана
османците
османлиите
Тиквата
тиквата
борисов
мутрата
Тикво
Млък
калинке
калинка
Рошко
Фънди
бирника
мязаше
яневите
ЦВ
мустака
Мустака
БОКО
Цацар
Цацаре
Безсрамник
Цацата
цацата
Цаца
Цацаратурата
Цац
зацикля
компромата
Пеевският
боко
тиквата
Тиквата
борисов
гоцето
Мутъра
Бостана
джавка
гоце
доган
бойко
местан
дудука
бюрека
Дудука
барека
тиквун
бабуин
свежарски
помпиер
Рапона
garansia
yosuf
Хер
Флик
Фикус
хер
Цаца
цаца
Цацата
Цацаратурата
Хубавото
Лошото
Интересното
Проблема
ага
Сидер
ефенди
Ага
бай
Бай
Тошо
Таньо
бате
Бате
бат
Баце
бат
Бат
бате
Сали
разбойко
евродупетат
изодзад
Шамфастъков
селянин
крепостен
селяндур
циганин
цецо
Цвъко
Боку
тиквата
БОКО
Цвъ
ШЕФЕ
СИКаджията
Барека
Дудука
Капута
Бюреков
Бареци
Барековци
бареци
лилипути
Баце
баце
Боце
Боцко
Болен
Дудука
волен
Волния
Боце
Бойку
боце
Баце
Боцко
Бочко
Бойку
Слънчо
Бочко
Боцко
Бойку
Слънчо
Буда
Гоце
Бостан
Сава
путин
Путя
Путлер
джуджето
путлер
капут
Роска
Росене
джуджето
Путя
путин
кагебиста
чехлю
чехльо
Пикаещият