АБЛАНИЦА
АБЛАНИЦА
АБЛАНИЦА
АБРИТ
АВРАМОВО
АВРАМОВО
АВРЕН
АВРЕН
АГАТОВО
АЗМАНИТЕ
АЙДЕМИР
АЙРОВО
АЙТОС
АКАНДЖИЕВО
АКАЦИЕВО
АКСАКОВО
АЛАМОВЦИ
АЛБАНЦИ
АЛВАНОВО
АЛДОМИРОВЦИ
АЛЕКО КОНСТАНТИНОВО
АЛЕКОВО
АЛЕКОВО
АЛЕКСАНДРИЯ
АЛЕКСАНДРОВО
АЛЕКСАНДРОВО
АЛЕКСАНДРОВО
АЛЕКСАНДРОВО
АЛЕКСАНДРОВО
АЛЕКСАНДРОВО
АЛЕКСАНДРОВО
АЛЕКСАНДРОВО
АЛЕКСАНДЪР СТАМБОЛИЙСКИ
АЛЕНДАРОВА
АЛИГОВСКА
АЛИНО
АЛТИМИР
АЛФАТАР
АЛЦЕК
АНГЕЛ ВОЙВОДА
АНГЕЛАРИЙ
АНГЕЛОВ
АНЕВО
АНТИМОВО
АНТИМОВО
АНТОН
АНТОНОВО
АПЛАЦИ
АПРИЛОВО
АПРИЛОВО
АПРИЛОВО
АПРИЛЦИ
АПРИЛЦИ
АПРИЛЦИ
АРБАНАСИ
АРДА
АРДИНО
АРЗАН
АРКОВНА
АРМЕНИТЕ
АРМЯНКОВЦИ
АРНАУТИТО
АРПАДЖИК
АРЧАР
АСЕН
АСЕНОВГРАД
АСЕНОВЕЦ
АСЕНОВО
АСЕНОВО
АСЕНОВО
АСЕНОВЦИ
АСПАРУХОВО
АСПАРУХОВО
АСПАРУХОВО
АСПАРУХОВО
АТИЯ
АТОЛОВО
АУСТА
АХЕЛОЙ
АХМАТОВО
АХРЯНСКО
АХТОПОЛ
БАБА ТОНКА
БАБЕК
БАБИНО
БАБИНСКА РЕКА
БАБИНЦИ
БАБИЦА
БАБЛОН
БАБОВО
БАБУК
БАБЯК
БАГАЛЕВЦИ
БАГРА
БАГРЕНЦИ
БАГРИЛЦИ
БАГРЯНКА
БАДЕВЦИ
БАДИНО
БАЕВЦИ
БАЕВЦИ
БАЖДАРИ
БАЙКАЛ
БАЙКАЛСКО
БАЙКОВО
БАЙЛОВО
БАКАЛИТЕ
БАКЬОВО
БАЛАБАНОВО
БАЛАБАНСКО
БАЛАЛЕЯ
БАЛАНИТЕ
БАЛАНОВО
БАЛВАН
БАЛВАНЦИТЕ
БАЛДЕВО
БАЛЕЙ
БАЛИК
БАЛИНОВЦИ
БАЛКАН
БАЛКАН МАХАЛА
БАЛКАНЕЦ
БАЛКАНСКИ
БАЛКАНЦИ
БАЛКАНЦИ
БАЛУЦИ
БАЛЧИК
БАЛША
БАЛЬОВЦИ
БАЛЮВИЦА
БАНАРИ
БАНГЕЙЦИ
БАНИСКА
БАНИТЕ
БАНИЦА
БАНИЧАН
БАНИЩЕ
БАНКОВЕЦ
БАНКОВЦИ
БАНКЯ
БАНКЯ
БАНОВО
БАНСКО
БАНЧОВЦИ
БАНЯ
БАНЯ
БАНЯ
БАНЯ
БАНЯ
БАРАКОВО
БАРАЦИ
БАРУТИН
БАСАРБОВО
БАСКАЛЦИ
БАТА
БАТАК
БАТАК
БАТАНОВЦИ
БАТИН
БАТИШНИЦА
БАТОВО
БАТОШЕВО
БАТУЛИЯ
БАТУЛЦИ
БАУРЕНЕ
БАХАЛИН
БАХОВИЦА
БАХРЕЦИ
БАЦОВА МАХАЛА
БАЧЕВО
БАЧКОВО
БАШЕВО
БАЩИНО
БАЩИНО
БАЩИНО
БАЯЧЕВО
БДИНЦИ
БЕБРОВО
БЕГЛЕЖ
БЕГОВО
БЕГУНОВЦИ
БЕГУНЦИ
БЕДЕН
БЕДЖЕНЕ
БЕДРОВО
БЕЖАНОВО
БЕЖАНОВО
БЕЗВОДИЦА
БЕЗВОДНО
БЕЗДЕН
БЕЗДЕНИЦА
БЕЗМЕР
БЕЗМЕР
БЕЙКОВЦИ
БЕКРИИТЕ
БЕЛ КАМЕН
БЕЛА
БЕЛА РАДА
БЕЛАНИЦА
БЕЛАСИЦА
БЕЛАЩИЦА
БЕЛГУН
БЕЛЕВ ДОЛ
БЕЛЕВЕХЧЕВО
БЕЛЕВРЕН
БЕЛЕНЕ
БЕЛЕНЦИ
БЕЛИ БРЕГ
БЕЛИ БРОД
БЕЛИ БРЯГ
БЕЛИ ВИР
БЕЛИ ДОЛ
БЕЛИ ИЗВОР
БЕЛИ ИСКЪР
БЕЛИ ЛОМ
БЕЛИ ОСЪМ
БЕЛИ ПЛАСТ
БЕЛИЛА
БЕЛИМЕЛ
БЕЛИНЦИ
БЕЛИЦА
БЕЛИЦА
БЕЛИЦА
БЕЛИЦА
БЕЛИЦА
БЕЛИЦА
БЕЛИШ
БЕЛО ПОЛЕ
БЕЛО ПОЛЕ
БЕЛОВЕЦ
БЕЛОВИЦА
БЕЛОВО
БЕЛОГРАДЕЦ
БЕЛОГРАДЧИК
БЕЛОДОЛ
БЕЛОЗЕМ
БЕЛОКОПИТОВО
БЕЛОМОРЦИ
БЕЛОМЪЖИТЕ
БЕЛОПОЛЦИ
БЕЛОПОЛЯНЕ
БЕЛОПОПЦИ
БЕЛОСЛАВ
БЕЛОТИНЦИ
БЕЛЦОВ
БЕЛЧЕВЦИ
БЕЛЧИН
БЕЛЧИНСКИ БАНИ
БЕЛЬОВО
БЕЛЯКОВЕЦ
БЕЛЯНОВО
БЕНКОВСКИ
БЕНКОВСКИ
БЕНКОВСКИ
БЕНКОВСКИ
БЕНКОВСКИ
БЕНКОВСКИ
БЕРАЙНЦИ
БЕРЕНДЕ
БЕРЕНДЕ
БЕРЕНДЕ ИЗВОР
БЕРИЕВО
БЕРКОВИЦА
БЕРКОВСКИ
БЕРКОВЦИ
БЕРОНОВО
БЕРСИН
БЕСЛЕН
БЕСНУРКА
БИВОЛАРЕ
БИВОЛЯНЕ
БИЖОВЦИ
БИЖОВЦИ
БИКОВО
БИЛИНЦИ
БИЛКА
БИЛКИНИ
БИЛО
БИЛЯНСКА
БИНКОС
БИРКОВА
БИСЕР
БИСЕРЦИ
БИСТРА
БИСТРА
БИСТРЕНЦИ
БИСТРЕЦ
БИСТРЕЦ
БИСТРИЛИЦА
БИСТРИЦА
БИСТРИЦА
БИСТРИЦА
БИСТРОГЛЕД
БЛАГОВО
БЛАГОВО
БЛАГОЕВГРАД
БЛАГОЕВО
БЛАГОЕВО
БЛАГУН
БЛАЖИЕВО
БЛАТЕЦ
БЛАТЕЦ
БЛАТЕШНИЦА
БЛАТИНО
БЛАТНИЦА
БЛАТО
БЛАТСКА
БЛЕНИКА
БЛИЗНАК
БЛИЗНАЦИ
БЛИЗНАЦИ
БЛИЗНЕЦ
БЛЪСКОВО
БЛЪСКОВЦИ
БОАЗЪТ
БОБЕВЦИ
БОБЕШИНО
БОБОВ ДОЛ
БОБОВЕЦ
БОБОРАЦИ
БОБОШЕВО
БОВ
БОВ
БОГАТИНО
БОГАТОВО
БОГДАН
БОГДАН
БОГДАНИЦА
БОГДАНЛИЯ
БОГДАНОВ ДОЛ
БОГДАНОВО
БОГДАНОВО
БОГДАНОВЦИ
БОГДАНСКО
БОГДАНЦИ
БОГДАНЦИ
БОГДАНЧОВЦИ
БОГОЙНА
БОГОЛИН
БОГОМИЛ
БОГОМИЛОВО
БОГОМИЛЦИ
БОГОМОЛСКО
БОГОРОВО
БОГОРОВО
БОГОРОДИЦА
БОГОСЛОВ
БОГУТЕВО
БОГЬОВЦИ
БОДЕНЕЦ
БОДРОВО
БОЕВО
БОЕРИЦА
БОЖАК
БОЖАН
БОЖАНОВО
БОЖДОВО
БОЖЕВЦИ
БОЖЕНИЦА
БОЖЕНЦИТЕ
БОЖИЧЕН
БОЖУРЕЦ
БОЖУРИЦА
БОЖУРИЩЕ
БОЖУРКА
БОЖУРЛУК
БОЖУРОВО
БОЖУРОВО
БОЖУРОВО
БОЖУРЦИ
БОЗАДЖИИ
БОЗВЕЛИЙСКО
БОЗДУГАНОВО
БОЗЬОВА
БОИЛ
БОЙКОВЕЦ
БОЙКОВО
БОЙКОВЦИ
БОЙНИК
БОЙНИЦА
БОЙНО
БОЙНОВЦИ
БОЙЧЕВИ КОЛИБИ
БОЙЧЕТА
БОЙЧИНОВЦИ
БОЙЧОВЦИ
БОКИЛОВЦИ
БОЛТАТА
БОЛЯРИНО
БОЛЯРОВО
БОЛЯРСКИ ИЗВОР
БОЛЯРСКО
БОЛЯРЦИ
БОЛЯРЦИ
БОЛЯРЦИ
БОНЕВО
БОР
БОРЕЦ
БОРИЕ
БОРИКА
БОРИКА
БОРИКИ
БОРИКОВО
БОРИЛОВЕЦ
БОРИЛОВО
БОРИМА
БОРИМЕЧКОВО
БОРИНО
БОРИНОВО
БОРИНЦИ
БОРИСЛАВ
БОРИСЛАВЦИ
БОРИСОВО
БОРИСОВО
БОРНАРЕВО
БОРОВ ДОЛ
БОРОВАН
БОРОВЕЦ
БОРОВИНА
БОРОВИЦА
БОРОВИЦА
БОРОВИЧЕНЕ
БОРОВО
БОРОВО
БОРОВО
БОРОВО
БОРОВСКО
БОРОВЦИ
БОРСКОТО
БОРУЩИЦА
БОРЦИ
БОРЯНА
БОСЕВЦИ
БОСИЛИЦА
БОСИЛКОВО
БОСИЛКОВО
БОСИЛКОВЦИ
БОСНА
БОСНЕК
БОСТАНЦИ
БОСТИНА
БОТЕВГРАД
БОТЕВО
БОТЕВО
БОТЕВО
БОТЕВО
БОТЕВО
БОТРОВ
БОТУНЯ
БОТУРЧЕ
БОХОВА
БОХОТ
БОЧКОВЦИ
БОШУЛЯ
БОЯДЖИК
БОЯН
БОЯН БОТЕВО
БОЯНА
БОЯНОВО
БОЯНОВО
БОЯНОВЦИ
БОЯНЦИ
БРАДВАРИ
БРАКНИЦА
БРАКЬОВЦИ
БРАНИПОЛЕ
БРАНИЦА
БРАНИЧЕВО
БРАНИЩЕ
БРАНКОВЦИ
БРАНКОВЦИ
БРАТАН
БРАТАНИЦА
БРАТОВО
БРАТОВО
БРАТУШКОВО
БРАТЯ ДАСКАЛОВИ
БРАТЯ КУНЧЕВИ
БРАЦИГОВО
БРЕГАРЕ
БРЕГОВО
БРЕГОВО
БРЕЖАНА
БРЕЖАНИ
БРЕЖНИЦИТЕ
БРЕЗА
БРЕЗЕ
БРЕЗЕ
БРЕЗЕН
БРЕЗНИК
БРЕЗНИЦА
БРЕЗНИШКИ ИЗВОР
БРЕЗОВДОЛ
БРЕЗОВО
БРЕЗОВО
БРЕНИЦА
БРЕНИЦА
БРЕСТ
БРЕСТ
БРЕСТАК
БРЕСТАКА
БРЕСТЕ
БРЕСТНИК
БРЕСТНИЦА
БРЕСТНИЦА
БРЕСТОВА
БРЕСТОВЕНЕ
БРЕСТОВЕЦ
БРЕСТОВИЦА
БРЕСТОВИЦА
БРЕСТОВО
БРЕСТОВО
БРОД
БРОДИЛОВО
БРОШ
БРУСАРЦИ
БРУСЕВЦИ
БРУСЕН
БРУСЕН
БРУСИНО
БРУСНИК
БРЪНЕЦИТЕ
БРЪЧКОВЦИ
БРЪШЛЕН
БРЪШЛЯН
БРЪШЛЯНИЦА
БРЪЩЕН
БРЯГОВЕЦ
БРЯГОВИЦА
БРЯГОВО
БРЯГОВО
БРЯСТ
БРЯСТОВЕЦ
БРЯСТОВО
БРЯСТОВО
БРЯСТОВО
БУБИНО
БУДИЛЦИ
БУЗОВГРАД
БУЗЯКОВЦИ
БУЙНОВИЦА
БУЙНОВО
БУЙНОВО
БУЙНОВЦИ
БУК
БУКАК
БУКАТА
БУКАЦИТЕ
БУКОВА ПОЛЯНА
БУКОВЕЦ
БУКОВЕЦ
БУКОВЕЦ
БУКОВЕЦ
БУКОВЕЦ
БУКОВЛЪК
БУКОВО
БУКОВО
БУКОВО
БУКОРОВЦИ
БУЛАИР
БУНОВО
БУНОВО
БУНЦЕВО
БУРАНОВО
БУРГАС
БУРЕВО
БУРЯ
БУСИНЦИ
БУСМАНЦИ
БУТАН
БУТОВО
БУТРЕВА
БУТРОИНЦИ
БУХОВО
БУХОВЦИ
БУЧИН ПРОХОД
БУЧИНО
БУЧУКОВЦИ
БЪДЕЩЕ
БЪЗОВЕЦ
БЪЗОВЕЦ
БЪЗОВИЦА
БЪЗЪН
БЪЛГАРАНОВО
БЪЛГАРЕВО
БЪЛГАРЕНЕ
БЪЛГАРЕНЕ
БЪЛГАРЕНЕ
БЪЛГАРИ
БЪЛГАРИН
БЪЛГАРКА
БЪЛГАРОВО
БЪЛГАРСКА ПОЛЯНА
БЪЛГАРСКИ ИЗВОР
БЪЛГАРСКО СЛИВОВО
БЪЛГАРЧЕВО
БЪНЗАРЕТО
БЪРДАРЕВО
БЪРДАРИТЕ
БЪРДАРСКИ ГЕРАН
БЪРДЕНИ
БЪРДО
БЪРДОКВА
БЪРЗА РЕКА
БЪРЗЕЯ
БЪРЗИНА
БЪРЗИЦА
БЪРЗИЯ
БЪРКАЧ
БЪРКАЧЕВО
БЪРЛОЖНИЦА
БЪРЛЯ
БЪРЧЕВО
БЪТА
БЯГА
БЯЛ БРЯГ
БЯЛ ИЗВОР
БЯЛ ИЗВОР
БЯЛ КЛАДЕНЕЦ
БЯЛ КЛАДЕНЕЦ
БЯЛА
БЯЛА
БЯЛА
БЯЛА ВОДА
БЯЛА ВОДА
БЯЛА ПАЛАНКА
БЯЛА ПОЛЯНА
БЯЛА РЕКА
БЯЛА РЕКА
БЯЛА РЕКА
БЯЛА РЕКА
БЯЛА СЛАТИНА
БЯЛА ЧЕРКВА
БЯЛГРАДЕЦ
БЯЛКА
БЯЛКОВО
БЯЛКОВЦИ
БЯЛО ПОЛЕ
ВАЗОВО
ВАКАРЕЛ
ВАКЛИНО
ВАКЛИНОВО
ВАКСЕВО
ВАЛЕВЦИ
ВАЛЕТО
ВАРАНА
ВАРВАРА
ВАРВАРА
ВАРДИМ
ВАРДУН
ВАРНА
ВАРНЕНЦИ
ВАРНИК
ВАРОВНИК
ВАСИЛ ДРУМЕВ
ВАСИЛ ЛЕВСКИ
ВАСИЛ ЛЕВСКИ
ВАСИЛ ЛЕВСКИ
ВАСИЛ ЛЕВСКИ
ВАСИЛЕВО
ВАСИЛКОВСКА МАХАЛА
ВАСИЛОВЦИ
ВАСИЛОВЦИ
ВАСИЛЬОВО
ВАСКОВО
ВЕДРАРЕ
ВЕДРИНА
ВЕДРОВО
ВЕЗЕНКОВО
ВЕКИЛСКИ
ВЕЛЕНЦИ
ВЕЛЕШАНИ
ВЕЛИКА
ВЕЛИКАН
ВЕЛИКДЕНЧЕ
ВЕЛИКДЕНЧЕ
ВЕЛИКИ ПРЕСЛАВ
ВЕЛИКО ТЪРНОВО
ВЕЛИКОВО
ВЕЛИКОВО
ВЕЛИКОВЦИ
ВЕЛИНГРАД
ВЕЛИНО
ВЕЛИНОВО
ВЕЛИСЛАВ
ВЕЛИЧКА
ВЕЛИЧКОВО
ВЕЛИЧКОВО
ВЕЛКОВО
ВЕЛКОВЦИ
ВЕЛКОВЦИ
ВЕЛКОВЦИ
ВЕЛЧЕВО
ВЕЛЧЕВО
ВЕЛЧОВЦИ
ВЕЛЬОВО
ВЕЛЮВЦИ
ВЕЛЮЩЕЦ
ВЕНЕЛИН
ВЕНЕЦ
ВЕНЕЦ
ВЕНЕЦ
ВЕНКОВЕЦ
ВЕНЧАН
ВЕРЕН
ВЕРЕНЦИ
ВЕРИНСКО
ВЕРСКО
ВЕСЕЛЕЦ
ВЕСЕЛЕЦ
ВЕСЕЛИЕ
ВЕСЕЛИНА
ВЕСЕЛИНА
ВЕСЕЛИНОВО
ВЕСЕЛИНОВО
ВЕСЛЕЦ
ВЕТОВО
ВЕТРЕН
ВЕТРЕН
ВЕТРЕН
ВЕТРЕН
ВЕТРЕН ДОЛ
ВЕТРИНО
ВЕТРИНЦИ
ВЕТРИЩЕ
ВЕТРОВО
ВЕТРУШКА
ВЕХТИНО
ВЕХТОВО
ВЕЩИЦА
ВИДЕН
ВИДИН
ВИДИНЦИ
ВИДЛИЦА
ВИДНО
ВИДРАР
ВИДРАРЕ
ВИДРИЦА
ВИЕВО
ВИЗИЦА
ВИЛАРЕ
ВИНАРОВО
ВИНАРОВО
ВИНАРСКО
ВИНЕВО
ВИНИЦА
ВИНИЩЕ
ВИНОГРАД
ВИНОГРАДЕЦ
ВИНОГРАДИ
ВИРОВЕ
ВИРОВСКО
ВИС
ВИСКЯР
ВИСОК
ВИСОКА
ВИСОКА МОГИЛА
ВИСОКА ПОЛЯНА
ВИСОКА ПОЛЯНА
ВИСОКИТЕ
ВИСОКОВЦИ
ВИТАНОВЦИ
ВИТИНА
ВИХРЕН
ВИЧОВО
ВИШАН
ВИШЕГРАД
ВИШЛЕНЕ
ВИШНА
ВИШНЕВО
ВИШОВГРАД
ВЛАДАЯ
ВЛАДИМИР
ВЛАДИМИРОВО
ВЛАДИМИРОВО
ВЛАДИМИРОВО
ВЛАДИМИРОВЦИ
ВЛАДИНЯ
ВЛАДИСЛАВ
ВЛАДИСЛАВЦИ
ВЛАДИЧЕНЦИ
ВЛАДО ТРИЧКОВ
ВЛАДОВЦИ
ВЛАЙЧОВЦИ
ВЛАСАТИЛИ
ВЛАСАТИЦА
ВЛАХИ
ВЛАХОВО
ВЛАХОВЦИ
ВОДАТА
ВОДАЧ
ВОДЕН
ВОДЕН
ВОДЕН
ВОДЕНИЧАНЕ
ВОДЕНИЧАРОВО
ВОДЕНИЧАРСКО
ВОДЕНЦИ
ВОДИЦА
ВОДИЦА
ВОДНА
ВОДНИ ПАД
ВОДНО
ВОДНО
ВОДНЯНЦИ
ВОДНЯНЦИ
ВОДОЛЕЙ
ВОЖДОВО
ВОЙВОДА
ВОЙВОДЕНЕЦ
ВОЙВОДИНО
ВОЙВОДИНОВО
ВОЙВОДОВО
ВОЙВОДОВО
ВОЙКОВА ЛЪКА
ВОЙНЕГОВЦИ
ВОЙНЕЖА
ВОЙНИКА
ВОЙНИКОВО
ВОЙНИЦА
ВОЙНИЦИ
ВОЙНИЦИТЕ
ВОЙНИШКА
ВОЙНОВО
ВОЙНОВО
ВОЙНЯГОВО
ВОЙСИЛ
ВОКИЛ
ВОЛНО
ВОЛОВАРОВО
ВОЛОВАРЦИ
ВОЛОВО
ВОЛУЯК
ВОНЕЩА ВОДА
ВРАБЕВО
ВРАБЦИТЕ
ВРАБЧА
ВРАКУПОВИЦА
ВРАНЕНЦИ
ВРАНИ КОН
ВРАНИЛОВЦИ
ВРАНИНО
ВРАНИНЦИ
ВРАНСКО
ВРАНЯ
ВРАНЯ СТЕНА
ВРАНЯК
ВРАТА
ВРАТАРИТЕ
ВРАТИЦА
ВРАТЦА
ВРАЦА
ВРАЧАНЦИ
ВРАЧЕШ
ВРЕЛО
ВРЕСОВО
ВРЪВ
ВРЪДЛОВЦИ
ВСЕМИРЦИ
ВУКАН
ВУКОВО
ВЪБЕЛ
ВЪГЛАРОВО
ВЪГЛЕВЦИ
ВЪГЛЕН
ВЪГЛЕН
ВЪЗЕЛ
ВЪЛКАН
ВЪЛКОВ ДОЛ
ВЪЛКОВИЧ
ВЪЛКОВО
ВЪЛКОВЦИ
ВЪЛКОСЕЛ
ВЪЛНАРИ
ВЪЛЧА ПОЛЯНА
ВЪЛЧАН
ВЪЛЧАН ДОЛ
ВЪЛЧАНКА
ВЪЛЧАНОВО
ВЪЛЧЕ ПОЛЕ
ВЪЛЧЕДРЪМ
ВЪЛЧЕК
ВЪЛЧИ ДОЛ
ВЪЛЧИ ИЗВОР
ВЪЛЧИН
ВЪЛЧИТРЪН
ВЪЛЧОВЦИ
ВЪЛЧОВЦИ
ВЪРБА
ВЪРБА
ВЪРБАК
ВЪРБЕН
ВЪРБЕН
ВЪРБЕНЦИ
ВЪРБЕШНИЦА
ВЪРБИНА
ВЪРБИНО
ВЪРБИЦА
ВЪРБИЦА
ВЪРБИЦА
ВЪРБИЦА
ВЪРБИЦА
ВЪРБНИЦА
ВЪРБОВКА
ВЪРБОВО
ВЪРБОВО
ВЪРБОВО
ВЪРБОВЧЕЦ
ВЪРБЯНЕ
ВЪРГОВ ДОЛ
ВЪРЗИЛКОВЦИ
ВЪРЗУЛИЦА
ВЪРЛИ ДОЛ
ВЪРЛИ ДОЛ
ВЪРЛИНКА
ВЪРЛИНО
ВЪРТОП
ВЪРХАРИ
ВЪРШЕЦ
ВЪРШИЛО
ГАБАРЕ
ГАБАРЕВО
ГАБЕР
ГАБЕР
ГАБЕРОВО
ГАБЕРОВО
ГАБРА
ГАБРАКА
ГАБРЕНЕ
ГАБРЕШЕВЦИ
ГАБРИНА
ГАБРИЦА
ГАБРИЦА
ГАБРОВДОЛ
ГАБРОВИЦА
ГАБРОВНИЦА
ГАБРОВНИЦА
ГАБРОВО
ГАБРОВО
ГАБРОВО
ГАБРОВЦИ
ГАБЪР
ГАБЪРНИЦА
ГАВРАИЛОВО
ГАВРИЛ ГЕНОВО
ГАГАНИЦА
ГАГОВО
ГАЙДАРИ
ГАЙКИНИ
ГАЙТАНЕВО
ГАЙТАНИНОВО
ГАЙТАНИТЕ
ГАЙТАНЦИ
ГАЛАТА
ГАЛАТИН
ГАЛИЧЕ
ГАЛИЩЕ
ГАЛОВО
ГАНЕВ ДОЛ
ГАНЧОВЕЦ
ГАРВАН
ГАРВАН
ГАРВАНОВО
ГАЩЕВЦИ
ГЕГА
ГЕЛА
ГЕЛЕМЕНОВО
ГЕНЕРАЛ ГЕШЕВО
ГЕНЕРАЛ ИНЗОВО
ГЕНЕРАЛ КАНТАРДЖИЕВО
ГЕНЕРАЛ КИСЕЛОВО
ГЕНЕРАЛ КОЛЕВО
ГЕНЕРАЛ КОЛЕВО
ГЕНЕРАЛ МАРИНОВО
ГЕНЕРАЛ ТОДОРОВ
ГЕНЕРАЛ ТОШЕВО
ГЕНЕРАЛ ТОШЕВО
ГЕНЕРАЛОВО
ГЕНОВЦИ
ГЕНЧОВЦИ
ГЕНЧОВЦИ
ГЕНЯ
ГЕОРГИ ДАМЯНОВО
ГЕОРГИ ДОБРЕВО
ГЕРГЕВЕЦ
ГЕРГИНИ
ГЕРМАН
ГЕЦОВО
ГЕША
ГЕШАНОВО
ГИГЕН
ГИГИНЦИ
ГИНЦИ
ГИРЧЕВЦИ
ГИТА
ГЛАВА
ГЛАВАН
ГЛАВАН
ГЛАВАНОВЦИ
ГЛАВАНОВЦИ
ГЛАВАНЦИ
ГЛАВАТАР
ГЛАВАТАРЦИ
ГЛАВАЦИ
ГЛАВИНИЦА
ГЛАВИНИЦА
ГЛАВНИК
ГЛАШАТАЙ
ГЛЕДАЦИ
ГЛЕДАЧЕВО
ГЛЕДКА
ГЛОГИНКА
ГЛОГИНО
ГЛОГОВЕЦ
ГЛОГОВИЦА
ГЛОГОВО
ГЛОДЖЕВО
ГЛОЖЕНЕ
ГЛОЖЕНЕ
ГЛУМОВО
ГЛУМЧЕ
ГЛУТНИЦИТЕ
ГЛУФИШЕВО
ГЛУХАР
ГЛУШКА
ГЛУШНИК
ГНЕЗДАРЕ
ГНЯЗДОВО
ГОВЕДАРЕ
ГОВЕДАРЦИ
ГОВЕЖДА
ГОДЕЧ
ГОДЕШЕВО
ГОДЛЕВО
ГОЗ
ГОЗДЕВИЦА
ГОЗДЕЙКА
ГОЛАК
ГОЛЕМ ЦАЛИМ
ГОЛЕМА РАКОВИЦА
ГОЛЕМА ФУЧА
ГОЛЕМАНИ
ГОЛЕМАНИТЕ
ГОЛЕМАНОВО
ГОЛЕМАНЦИ
ГОЛЕМИ БЪЛГАРЕНИ
ГОЛЕМИ СТАНЧОВЦИ
ГОЛЕМО БАБИНО
ГОЛЕМО БУЧИНО
ГОЛЕМО МАЛОВО
ГОЛЕМО СЕЛО
ГОЛЕЦ
ГОЛЕШ
ГОЛЕШ
ГОЛЕШОВО
ГОЛИЦА
ГОЛОБРАД
ГОЛОБРАДОВО
ГОЛЯМ ВЪРБОВНИК
ГОЛЯМ ДЕВЕСИЛ
ГОЛЯМ ДЕРВЕНТ
ГОЛЯМ ДОЛ
ГОЛЯМ ИЗВОР
ГОЛЯМ ИЗВОР
ГОЛЯМ ИЗВОР
ГОЛЯМ МАНАСТИР
ГОЛЯМ ПОРОВЕЦ
ГОЛЯМ ЧАРДАК
ГОЛЯМА БАРА
ГОЛЯМА БРЕСТНИЦА
ГОЛЯМА ВОДА
ГОЛЯМА ДОЛИНА
ГОЛЯМА ЖЕЛЯЗНА
ГОЛЯМА ЧИНКА
ГОЛЯМО АСЕНОВО
ГОЛЯМО БЕЛОВО
ГОЛЯМО БУКОВО
ГОЛЯМО ВРАНОВО
ГОЛЯМО ГРАДИЩЕ
ГОЛЯМО ДОЛЯНЕ
ГОЛЯМО ДРЯНОВО
ГОЛЯМО КАМЕНЯНЕ
ГОЛЯМО КРУШЕВО
ГОЛЯМО НОВО
ГОЛЯМО ПЕЩЕНЕ
ГОЛЯМО СОКОЛОВО
ГОЛЯМО ЦЪРКВИЩЕ
ГОЛЯМО ЧОЧОВЕНИ
ГОЛЯНОВЦИ
ГОМОТАРЦИ
ГОРАН
ГОРАНОВЦИ
ГОРАНОВЦИ
ГОРЕМЕ
ГОРЕН ЕНЕВЕЦ
ГОРЕН ЧИФЛИК
ГОРИЦА
ГОРИЦА
ГОРИЦА
ГОРИЦА
ГОРИЧАНЕ
ГОРИЧЕВО
ГОРНА АРДА
ГОРНА БЕЛА РЕЧКА
ГОРНА БЕШОВИЦА
ГОРНА БИРКОВА
ГОРНА БРЕЗНИЦА
ГОРНА БРЕСТНИЦА
ГОРНА ВАСИЛИЦА
ГОРНА ВЕРЕНИЦА
ГОРНА ВРАБЧА
ГОРНА ГЛОГОВИЦА
ГОРНА ГРАЩИЦА
ГОРНА ДИКАНЯ
ГОРНА ДЪБЕВА
ГОРНА ЗЛАТИЦА
ГОРНА КАБДА
ГОРНА КОВАЧИЦА
ГОРНА КОЗНИЦА
ГОРНА КРЕМЕНА
ГОРНА КРЕПОСТ
ГОРНА КРУШИЦА
ГОРНА КУЛА
ГОРНА ЛИПНИЦА
ГОРНА ЛУКА
ГОРНА МАЛИНА
ГОРНА МАХАЛА
ГОРНА МЕЛНА
ГОРНА МИТРОПОЛИЯ
ГОРНА ОРЯХОВИЦА
ГОРНА РИБНИЦА
ГОРНА РОСИЦА
ГОРНА СЕКИРНА
ГОРНА СТУДЕНА
ГОРНА СУШИЦА
ГОРНА ХАДЖИЙСКА
ГОРНА ХУБАВКА
ГОРНИ БОГРОВ
ГОРНИ ВАДИН
ГОРНИ ВЪРПИЩА
ГОРНИ ГЛАВАНАК
ГОРНИ ДАМЯНОВЦИ
ГОРНИ ДОМЛЯН
ГОРНИ ДРАГОЙЧА
ГОРНИ ДЪБНИК
ГОРНИ КОРИТЕН
ГОРНИ КРАЙ
ГОРНИ ЛОМ
ГОРНИ МАРЕНЦИ
ГОРНИ ОКОЛ
ГОРНИ РАДКОВЦИ
ГОРНИ РОМАНЦИ
ГОРНИ ТАНЧЕВЦИ
ГОРНИ ЦИБЪР
ГОРНИ ЦОНЕВЦИ
ГОРНИ ЮРУЦИ
ГОРНИК
ГОРНО АБЛАНОВО
ГОРНО АЛЕКСАНДРОВО
ГОРНО БЕЛЕВО
ГОРНО БОТЕВО
ГОРНО ВОЙВОДИНО
ГОРНО ВЪРШИЛО
ГОРНО ДРАГЛИЩЕ
ГОРНО ДРЯНОВО
ГОРНО ИЗВОРОВО
ГОРНО КАМАРЦИ
ГОРНО КИРКОВО
ГОРНО КОБИЛЕ
ГОРНО КОЗАРЕВО
ГОРНО КРАИЩЕ
ГОРНО КЪПИНОВО
ГОРНО ЛУКОВО
ГОРНО НОВКОВО
ГОРНО НОВО СЕЛО
ГОРНО ОЗИРОВО
ГОРНО ОСЕНОВО
ГОРНО ПАВЛИКЕНЕ
ГОРНО ПЕЩЕНЕ
ГОРНО ПОЛЕ
ГОРНО ПРАХОВО
ГОРНО САХРАНЕ
ГОРНО СЕЛО
ГОРНО СПАНЧЕВО
ГОРНО ТРАПЕ
ГОРНО УЙНО
ГОРНО ХЪРСОВО
ГОРНО ЦЕРОВЕНЕ
ГОРНО ЧЕРКОВИЩЕ
ГОРНО ЯБЪЛКОВО
ГОРНОВА МОГИЛА
ГОРНОСЕЛЦИ
ГОРНОСЛАВ
ГОРОВО
ГОРОВО
ГОРОЦВЕТ
ГОРОЧЕВЦИ
ГОРСКА
ГОРСКА ПОЛЯНА
ГОРСКИ ГОРЕН ТРЪМБЕШ
ГОРСКИ ДОЛЕН ТРЪМБЕШ
ГОРСКИ ИЗВОР
ГОРСКИ ИЗВОР
ГОРСКИ СЕНОВЕЦ
ГОРСКО
ГОРСКО АБЛАНОВО
ГОРСКО ДЮЛЕВО
ГОРСКО КАЛУГЕРОВО
ГОРСКО КОСОВО
ГОРСКО НОВО СЕЛО
ГОРСКО ПИСАРЕВО
ГОРСКО СЕЛО
ГОРСКО СЛИВОВО
ГОРТАЛОВО
ГОРУН
ГОРУНАКА
ГОРЧЕВО
ГОРЯНИ
ГОСПОДИНОВО
ГОСПОДИНОВО
ГОСПОДИНЦИ
ГОСТИЛИЦА
ГОСТИЛЯ
ГОСТИНЯ
ГОСТУН
ГОЦЕ ДЕЛЧЕВ
ГРАДЕВО
ГРАДЕЖНИЦА
ГРАДЕЦ
ГРАДЕЦ
ГРАДЕЦ
ГРАДЕШНИЦА
ГРАДИНА
ГРАДИНА
ГРАДИНА
ГРАДИНАРОВО
ГРАДИНИ
ГРАДИНКА
ГРАДИЩЕ
ГРАДИЩЕ
ГРАДИЩЕ
ГРАДНИЦА
ГРАДНИЦА
ГРАДСКО
ГРАДСКОВСКИ КОЛИБИ
ГРАДЪТ
ГРАМАДА
ГРАМАДЕ
ГРАМАДЕ
ГРАМАЖДАНО
ГРАМАТИКОВО
ГРАМАТИЦИ
ГРАНИТ
ГРАНИТЕЦ
ГРАНИТОВО
ГРАНИТОВО
ГРАНИЦА
ГРАНИЧАК
ГРАНИЧАР
ГРАНИЧАР
ГРАФ ИГНАТИЕВО
ГРАФИТОВО
ГРАШЕВО
ГРАЩИЦА
ГРЕЕВЦИ
ГРИВИЦА
ГРИВКА
ГРИВЯК
ГРИГОРЕВО
ГРОЗДЕН
ГРОЗДЬОВО
ГРОМШИН
ГРОХОТНО
ГРУЕВО
ГРЪБЛЕВЦИ
ГРЪЛСКА ПАДИНА
ГРЪНЧАРОВО
ГУБЕШ
ГУБИСЛАВ
ГУГУТКА
ГУДЕВИЦА
ГУЛИЙКА
ГУЛИЯ
ГУЛЯНЦИ
ГУМОЩНИК
ГУРБАНОВЦИ
ГУРГУЛИЦА
ГУРГУЛЯТ
ГУРКОВО
ГУРКОВО
ГУРКОВО
ГУРМАЗОВО
ГУСЛА
ГУСЛАР
ГУЦАЛ
ГЪБЕНЕ
ГЪЛЪБЕЦ
ГЪЛЪБЕЦ
ГЪЛЪБИНЦИ
ГЪЛЪБНИК
ГЪЛЪБОВО
ГЪЛЪБОВО
ГЪЛЪБОВО
ГЪЛЪБОВО
ГЪЛЪБОВЦИ
ГЪМЗОВО
ГЪРБИНО
ГЪРБИЩЕ
ГЪРДЕВЦИ
ГЪРЛО
ГЪРЛЯНО
ГЪРМЕН
ГЪРНАТИ
ГЪРНЯ
ГЪРЧИНОВО
ГЪСКОВО
ГЬОВРЕН
ГЮЕШЕВО
ГЮЛЬОВЦА
ГЮРГЕВО
ГЮРГИЧ
ДАВЕРИ
ДАВИДКОВО
ДАВИДОВО
ДАВИДОВО
ДАГОНОВО
ДАЕВЦИ
ДАЙНОВЦИ
ДАМЯНИЦА
ДАМЯНОВО
ДАСКАЛ-АТАНАСОВО
ДАСКАЛОВО
ДВЕ МОГИЛИ
ДВЕ ТОПОЛИ
ДВОРИЩЕ
ДВОРИЩЕ
ДЕБЕЛ ДЯЛ
ДЕБЕЛЕЦ
ДЕБЕЛЕЦ
ДЕБЕЛИ ЛАГ
ДЕБЕЛИ РЪТ
ДЕБЕЛТ
ДЕБЕЛЦОВО
ДЕБЕЛЯНОВО
ДЕБНЕВО
ДЕБОВО
ДЕБОЧИЦА
ДЕБРЕН
ДЕБРЕНЕ
ДЕБРЕНЕ
ДЕБРЪЩИЦА
ДЕВЕНЕ
ДЕВЕНЦИ
ДЕВЕСИЛИЦА
ДЕВЕСИЛОВО
ДЕВЕТАК
ДЕВЕТАКИ
ДЕВЕТАЦИТЕ
ДЕВЕТИНЦИ
ДЕВИН
ДЕВИНО
ДЕВИНЦИ
ДЕВНЯ
ДЕДЕЦ
ДЕДИНА
ДЕДИНО
ДЕДИНЦИ
ДЕДОВО
ДЕКОВ
ДЕЛВИНО
ДЕЛВИНО
ДЕЛЕЙНА
ДЕЛОВА МАХАЛА
ДЕЛЧЕВО
ДЕЛЧЕВО
ДЕЛЯН
ДЕЛЯН
ДЕЛЯНОВЦИ
ДЕННИЦА
ДЕННИЦА
ДЕНЧЕВЦИ
ДЕРВИШКА МОГИЛА
ДЕРМАНЦИ
ДЕТЕЛИНА
ДЕТЕЛИНА
ДЕЧКОВЦИ
ДЖАМУЗОВЦИ
ДЖАНКА
ДЖЕБЕЛ
ДЖЕЛЕПСКО
ДЖЕРМАН
ДЖЕРОВО
ДЖИГУРОВО
ДЖИНОТ
ДЖИНЧОВЦИ
ДЖУЛЮНИЦА
ДЖУЛЮНИЦА
ДЖУМРИИТЕ
ДЖУРКОВО
ДЖУРОВО
ДЖУРОВЦИ
ДИБИЧ
ДИВА СЛАТИНА
ДИВЕЦИ
ДИВЛЯ
ДИВОТИНО
ДИВЧОВОТО
ДИМАНОВО
ДИМИЕВЦИ
ДИМИТРИЕВО
ДИМИТРОВГРАД
ДИМИТРОВЦИ
ДИМИТРОВЧЕ
ДИМОВО
ДИМОВО
ДИМОВЦИ
ДИМОВЦИ
ДИМЧА
ДИМЧЕВО
ДИНЕВО
ДИНК
ДИНКАТА
ДИНКОВИЦА
ДИНКОВО
ДИНЯ
ДИРАЛО
ДИСЕВИЦА
ДИСМАНИЦА
ДИЧЕВО
ДИЧИН
ДЛЪГНЕВО
ДЛЪГНЯ
ДЛЪЖКА ПОЛЯНА
ДЛЪЖКО
ДЛЪХЧЕВО-САБЛЯР
ДОБОРСКО
ДОБРА ПОЛЯНА
ДОБРАВИЦА
ДОБРАЛЪК
ДОБРЕВА ЧЕРЕША
ДОБРЕВО
ДОБРЕВЦИ
ДОБРЕВЦИ
ДОБРЕВЦИ
ДОБРЕНИТЕ
ДОБРИ ВОЙНИКОВО
ДОБРИ ДОЛ
ДОБРИ ДОЛ
ДОБРИ ДОЛ
ДОБРИ ДОЛ
ДОБРИ ДЯЛ
ДОБРИ ЛАКИ
ДОБРИН
ДОБРИНА
ДОБРИНИЩЕ
ДОБРИНОВО
ДОБРИНОВО
ДОБРИНЦИ
ДОБРИЧ
ДОБРИЧ
ДОБРИЧ
ДОБРОВНИЦА
ДОБРОВО
ДОБРОГЛЕД
ДОБРОДАН
ДОБРОЛЕВО
ДОБРОМИР
ДОБРОМИРКА
ДОБРОМИРЦИ
ДОБРОПЛОДНО
ДОБРОСЕЛЕЦ
ДОБРОСЛАВЦИ
ДОБРОСТАН
ДОБРОТИНО
ДОБРОТИЦА
ДОБРОТИЦА
ДОБРОТИЧ
ДОБРУДЖАНКА
ДОБРУША
ДОБЪРСКО
ДОБЪРЧИН
ДОГАНОВО
ДОЖДЕВИЦА
ДОЙНОВЦИ
ДОЙРАНЦИ
ДОЙРАНЦИ
ДОЙРЕНЦИ
ДОКАТИЧЕВО
ДОКТОР ЙОСИФОВО
ДОКЬОВЦИ
ДОЛЕН
ДОЛЕН
ДОЛЕН ЕНЕВЕЦ
ДОЛЕНЕ
ДОЛЕНИ
ДОЛЕЦ
ДОЛЕЦ
ДОЛИЕ
ДОЛИНА
ДОЛИНА
ДОЛИСТОВО
ДОЛИЩЕ
ДОЛИЩЕ
ДОЛНА БАНЯ
ДОЛНА БЕЛА РЕЧКА
ДОЛНА БЕШОВИЦА
ДОЛНА ВАСИЛИЦА
ДОЛНА ВЕРЕНИЦА
ДОЛНА ВРАБЧА
ДОЛНА ГРАДЕШНИЦА
ДОЛНА ГРАЩИЦА
ДОЛНА ДИКАНЯ
ДОЛНА ДЪБЕВА
ДОЛНА ЗЛАТИЦА
ДОЛНА КАБДА
ДОЛНА КОЗНИЦА
ДОЛНА КРЕМЕНА
ДОЛНА КРЕПОСТ
ДОЛНА КРУШИЦА
ДОЛНА КУЛА
ДОЛНА ЛИПНИЦА
ДОЛНА МАЛИНА
ДОЛНА МАХАЛА
ДОЛНА МЕЛНА
ДОЛНА МИТРОПОЛИЯ
ДОЛНА НЕВЛЯ
ДОЛНА ОРЯХОВИЦА
ДОЛНА РИБНИЦА
ДОЛНА РИКСА
ДОЛНА СЕКИРНА
ДОЛНА СТУДЕНА
ДОЛНА ХУБАВКА
ДОЛНИ БОГРОВ
ДОЛНИ БОШНЯК
ДОЛНИ ВАДИН
ДОЛНИ ВИТ
ДОЛНИ ВЪРПИЩА
ДОЛНИ ГЛАВАНАК
ДОЛНИ ДАМЯНОВЦИ
ДОЛНИ ДРАГОЙЧА
ДОЛНИ ДЪБНИК
ДОЛНИ КОРИТЕН
ДОЛНИ ЛОМ
ДОЛНИ ЛУКОВИТ
ДОЛНИ МАРЕНЦИ
ДОЛНИ МАРЯН
ДОЛНИ ОКОЛ
ДОЛНИ ПАСАРЕЛ
ДОЛНИ РАДКОВЦИ
ДОЛНИ РАКОВЕЦ
ДОЛНИ РОМАНЦИ
ДОЛНИ ТАНЧЕВЦИ
ДОЛНИ ТОМЧЕВЦИ
ДОЛНИ ЦИБЪР
ДОЛНИ ЧИФЛИК
ДОЛНИ ЮРУЦИ
ДОЛНО АБЛАНОВО
ДОЛНО БЕЛЕВО
ДОЛНО БЕЛОТИНЦИ
ДОЛНО БОТЕВО
ДОЛНО ВОЙВОДИНО
ДОЛНО ВЪРШИЛО
ДОЛНО ГОЛЕМАНЦИ
ДОЛНО ДРАГЛИЩЕ
ДОЛНО ДРЯНОВО
ДОЛНО ИЗВОРОВО
ДОЛНО КАМАРЦИ
ДОЛНО КОБИЛЕ
ДОЛНО КОЗАРЕВО
ДОЛНО КЪПИНОВО
ДОЛНО ЛИНЕВО
ДОЛНО ЛУКОВО
ДОЛНО НОВКОВО
ДОЛНО НОВО СЕЛО
ДОЛНО НОВО СЕЛО
ДОЛНО ОЗИРОВО
ДОЛНО ОСЕНОВО
ДОЛНО ПОЛЕ
ДОЛНО ПРАХОВО
ДОЛНО РЯХОВО
ДОЛНО САХРАНЕ
ДОЛНО СЕЛО
ДОЛНО СПАНЧЕВО
ДОЛНО СЪДИЕВО
ДОЛНО УЙНО
ДОЛНО ЦЕРОВЕНЕ
ДОЛНО ЧЕРКОВИЩЕ
ДОЛНО ШИВАЧЕВО
ДОЛНО ЯБЪЛКОВО
ДОЛНОСЕЛЦИ
ДОЛНОСЛАВ
ДОМИЩЕ
ДОМЛЯН
ДОНДУКОВО
ДОНИНО
ДОНКИНО
ДОНКОВЦИ
ДОНЧЕВО
ДОНЧОВЦИ
ДОРКОВО
ДОСИТЕЕВО
ДОСПАТ
ДОСПЕЙ
ДОЧА
ДРАБИШНА
ДРАГАНА
ДРАГАНИЦА
ДРАГАНОВЕЦ
ДРАГАНОВО
ДРАГАНОВО
ДРАГАНОВО
ДРАГАНОВО
ДРАГАНОВЦИ
ДРАГАНОВЦИ
ДРАГАНОСКОВЦИ
ДРАГАНЦИ
ДРАГАНЧЕТАТА
ДРАГАШ ВОЙВОДА
ДРАГИЕВЦИ
ДРАГИЖЕВО
ДРАГИЙЦИ
ДРАГИНОВО
ДРАГИЧЕВО
ДРАГНЕВЦИ
ДРАГНЕВЦИ
ДРАГОВИЩИЦА
ДРАГОВИЩИЦА
ДРАГОВО
ДРАГОДАН
ДРАГОДАНОВО
ДРАГОЕВО
ДРАГОИЛ
ДРАГОЙНОВО
ДРАГОЙЧИНЦИ
ДРАГОМАН
ДРАГОМАНИ
ДРАГОМИР
ДРАГОМИРОВО
ДРАГОМИРОВО
ДРАГОМЪЖ
ДРАГОР
ДРАГОТИНЦИ
ДРАГУШ
ДРАГУШИНОВО
ДРАЖЕВО
ДРАЖИНЦИ
ДРАКА
ДРАКАТА
ДРАЛФА
ДРАМА
ДРАНГОВО
ДРАНГОВО
ДРАНГОВО
ДРАНДАРИТЕ
ДРАЧЕВО
ДРАШАН
ДРАШКОВА ПОЛЯНА
ДРЕАТИН
ДРЕН
ДРЕНКОВО
ДРЕНОВ
ДРЕНОВЕЦ
ДРЕНОВИЦА
ДРЕНОВО
ДРЕНОВО
ДРЕНТА
ДРЕНЦИ
ДРИНОВО
ДРИПЧЕВО
ДРОПЛА
ДРОПЛА
ДРУГАН
ДРУЖБА
ДРУЖЕВО
ДРУЖИНЦИ
ДРУМЕВО
ДРУМОХАР
ДРУМЧЕ
ДРЪМША
ДРЪНДАР
ДРЯНКА
ДРЯНКОВЕЦ
ДРЯНОВА ГЛАВА
ДРЯНОВЕЦ
ДРЯНОВЕЦ
ДРЯНОВЕЦ
ДРЯНОВЕЦ
ДРЯНОВО
ДРЯНОВО
ДРЯНОВО
ДРЯНОВО
ДУВАНЛИИ
ДУКОВЦИ
ДУЛОВО
ДУМНИЦИ
ДУНАВЕЦ
ДУНАВЦИ
ДУНАВЦИ
ДУНАВЦИ
ДУНЕВО
ДУНЯ
ДУПНИЦА
ДУРАНКУЛАК
ДУРОВЦИ
ДУРЧА
ДУХОВЕЦ
ДУШАНЦИ
ДУШЕВО
ДУШЕВСКИ КОЛИБИ
ДУШИНКОВО
ДУШИНЦИ
ДУШКА
ДЪБЕН
ДЪБЕНЕ
ДЪБНИК
ДЪБНИЦА
ДЪБОВА
ДЪБОВА
ДЪБОВА МАХАЛА
ДЪБОВАН
ДЪБОВЕЦ
ДЪБОВИК
ДЪБОВИЦА
ДЪБОВО
ДЪБОВО
ДЪБРАВА
ДЪБРАВА
ДЪБРАВА
ДЪБРАВАТА
ДЪБРАВИНО
ДЪБРАВИТЕ
ДЪБРАВИЦА
ДЪБРАВКА
ДЪЖДИНО
ДЪЖДОВНИК
ДЪЖДОВНИЦА
ДЪЛБОК ДОЛ
ДЪЛБОК ИЗВОР
ДЪЛБОКИ
ДЪЛГА ЛУКА
ДЪЛГАЧ
ДЪЛГИ ДЕЛ
ДЪЛГИ ПРИПЕК
ДЪЛГО ПОЛЕ
ДЪЛГО ПОЛЕ
ДЪЛГОДЕЛЦИ
ДЪЛГОПОЛ
ДЪНГОВО
ДЪРВАРИ
ДЪРЖАВА
ДЪРЖАВЕН
ДЪРЖАНИЦА
ДЪРЛЕВЦИ
ДЪРМАНЦИ
ДЪСКАРИТЕ
ДЪСКОТ
ДЪСКОТНА
ДЮЛЕВО
ДЮЛЕВО
ДЮЛИНО
ДЮЛИЦА
ДЮЛЯ
ДЯДОВО
ДЯДОВСКО
ДЯДОВЦИ
ДЯКОВО
ДЯНКОВО
ЕВЛОГИЕВО
ЕВРЕНОЗОВО
ЕГРЕК
ЕГЪЛНИЦА
ЕДИНАКОВЦИ
ЕДРЕВО
ЕДРИНО
ЕЗДИМИРЦИ
ЕЗЕРЕЦ
ЕЗЕРО
ЕЗЕРОВО
ЕЗЕРОВО
ЕЗЕРОТО
ЕЗЕРЧЕ
ЕКЗАРХ АНТИМОВО
ЕКЗАРХ ЙОСИФ
ЕЛЕНА
ЕЛЕНА
ЕЛЕНИНО
ЕЛЕНКА
ЕЛЕНОВ ДОЛ
ЕЛЕНОВО
ЕЛЕНОВО
ЕЛЕНОВО
ЕЛЕНСКА
ЕЛЕНЦИТЕ
ЕЛЕШНИЦА
ЕЛЕШНИЦА
ЕЛИН ПЕЛИН
ЕЛИН ПЕЛИН
ЕЛИСЕЙНА
ЕЛОВ ДОЛ
ЕЛОВДОЛ
ЕЛОВИЦА
ЕЛОВИЦА
ЕЛХОВЕЦ
ЕЛХОВО
ЕЛХОВО
ЕЛХОВО
ЕЛШИЦА
ЕЛЬОВО
ЕМЕН
ЕМОНА
ЕНЕВ РЪТ
ЕНЕВО
ЕНЕВО
ЕНИНА
ЕНИЦА
ЕНЧЕЦ
ЕНЧОВЦИ
ЕНЬОВЧЕ
ЕРДЕН
ЕРЕМИЯ
ЕРМА РЕКА
ЕРОВЕТЕ
ЕРУЛ
ЕСЕН
ЕСЕНИЦА
ЕТРОПОЛЕ
ЕФРЕЙТОР БАКАЛОВО
ЕФРЕМ
ЖАБЛЯНО
ЖАБОКРЪТ
ЖЕГЛАРЦИ
ЖЕГЛИЦА
ЖЕДНА
ЖЕЛЕЗАРИ
ЖЕЛЕЗАРЦИ
ЖЕЛЕЗИНО
ЖЕЛЕЗНА
ЖЕЛЕЗНИК
ЖЕЛЕЗНИК
ЖЕЛЕЗНИЦА
ЖЕЛЕЗНИЦА
ЖЕЛЕН
ЖЕЛЪД
ЖЕЛЪДОВО
ЖЕЛЮ ВОЙВОДА
ЖЕЛЯВА
ЖЕЛЯЗКОВЕЦ
ЖЕЛЯЗНО
ЖЕЛЯЗОВО
ЖЕНДА
ЖЕРАВИНО
ЖЕРАВНА
ЖЕРГОВЕЦ
ЖЕРНОВ
ЖИВКО
ЖИВКОВО
ЖИВКОВО
ЖИЖЕВО
ЖИЛЕНЦИ
ЖИЛИНО
ЖИНЗИФОВО
ЖИТАРНИК
ЖИТЕН
ЖИТЕН
ЖИТНИЦА
ЖИТНИЦА
ЖИТНИЦА
ЖИТНИЦА
ЖИТОСВЯТ
ЖИТУША
ЖРЕБЕВО
ЖРЕБИНО
ЖРЕБИЧКО
ЖЪЛТ БРЯГ
ЖЪЛТ КАМЪК
ЖЪЛТЕШ
ЖЪЛТИ БРЯГ
ЖЪЛТИ РИД
ЖЪЛТИКА
ЖЪЛТОПОП
ЖЪЛТУША
ЗАБЕЛ
ЗАБЕРНОВО
ЗАБЪРДО
ЗАВАЛА
ЗАВЕТ
ЗАВЕТ
ЗАВЕТНО
ЗАВИДОВЦИ
ЗАВОЙ
ЗАВОЯ
ЗАГОРЕ
ЗАГОРИЧЕ
ЗАГОРСКИ
ЗАГОРСКО
ЗАГОРЦИ
ЗАГОРЦИ
ЗАГОРЦИ
ЗАГРАЖДЕН
ЗАГРАЖДЕН
ЗАДРУГА
ЗАЕВИТЕ
ЗАИМЧЕВО
ЗАЙЧАР
ЗАЙЧАРИ
ЗАЙЧИНО
ЗАЙЧИНО ОРЕШЕ
ЗАМФИР
ЗАМФИРОВО
ЗАНОГА
ЗАНОГЕ
ЗАРАЕВО
ЗАРИЦА
ЗАРНИК
ЗАСЕЛЕ
ЗАСМЯНО
ЗАФИРОВО
ЗАХАРИ СТОЯНОВО
ЗАХАРИ СТОЯНОВО
ЗАЯ
ЗВЕГОР
ЗВЕЗДА
ЗВЕЗДА
ЗВЕЗДЕЛ
ЗВЕЗДЕЛИНА
ЗВЕЗДЕН
ЗВЕЗДЕЦ
ЗВЕЗДИЦА
ЗВЕЗДИЦА
ЗВЕНИМИР
ЗВЕРИНО
ЗВИНИЦА
ЗВЪНАРКА
ЗВЪНАРЦИ
ЗВЪНЕЦ
ЗВЪНИКА
ЗВЪНИЧЕВО
ЗВЪНЧЕ
ЗГАЛЕВО
ЗГОРИГРАД
ЗГУРОВО
ЗДРАВЕЦ
ЗДРАВЕЦ
ЗДРАВЕЦ
ЗДРАВЕЦ
ЗДРАВЕЦ
ЗДРАВКОВЕЦ
ЗДРАВЧЕЦ
ЗЕБИЛ
ЗЕЛЕНА МОРАВА
ЗЕЛЕНДОЛ
ЗЕЛЕНИГРАД
ЗЕЛЕНИК
ЗЕЛЕНИКА
ЗЕЛЕНИКОВО
ЗЕЛЕНИКОВО
ЗЕЛЕНО ДЪРВО
ЗЕМЕН
ЗЕМЕНЦИ
ЗЕМЛЕН
ЗЕТЬОВО
ЗЕТЬОВО
ЗИДАРОВО
ЗИДАРЦИ
ЗИМЕВИЦА
ЗИМЕН
ЗИМЗЕЛЕН
ЗИМНИЦА
ЗИМНИЦА
ЗИМНИЦА
ЗИМОВИНА
ЗИМОРНИЦА
ЗЛАТАР
ЗЛАТАРИ
ЗЛАТАРИЦА
ЗЛАТАРИЦА
ЗЛАТЕВЦИ
ЗЛАТИ ВОЙВОДА
ЗЛАТИНА
ЗЛАТИНИЦА
ЗЛАТИРЪТ
ЗЛАТИТРАП
ЗЛАТИЦА
ЗЛАТИЯ
ЗЛАТИЯ
ЗЛАТНА ЛИВАДА
ЗЛАТНА НИВА
ЗЛАТНА ПАНЕГА
ЗЛАТОВРЪХ
ЗЛАТОГРАД
ЗЛАТОКЛАС
ЗЛАТОЛИСТ
ЗЛАТОЛИСТ
ЗЛАТОПОЛЕ
ЗЛАТОСЕЛ
ЗЛАТОУСТОВО
ЗЛАТУША
ЗЛИДОЛ
ЗЛОГОШ
ЗЛОКУЧЕНЕ
ЗЛОКУЧЕНЕ
ЗМЕЕВО
ЗМЕИЦА
ЗМЕЙНО
ЗМЕЙОВО
ЗМИЕВО
ЗНАМЕНОСЕЦ
ЗОГРАФ
ЗОЙЧЕНЕ
ЗОРНИЦА
ЗОРНИЦА
ЗОРНИЦА
ЗОРНИЦА
ЗОРНИЦА
ЗОРНИЦА
ЗЪРНЕВО
ИВАЙЛО
ИВАЙЛОВГРАД
ИВАН ВАЗОВО
ИВАН ДИМОВ
ИВАН ШИШМАНОВО
ИВАНИВАНОВЦИ
ИВАНИЛИ
ИВАНКОВЦИ
ИВАНОВО
ИВАНОВО
ИВАНОВО
ИВАНОВО
ИВАНОВО
ИВАНОВЦИ
ИВАНОВЦИ
ИВАНОВЦИ
ИВАНСКИ
ИВАНЦИ
ИВАНЧА
ИВАНЧА
ИВАНЯНЕ
ИГАНОВО
ИГЛИКА
ИГЛИКА
ИГЛИКА
ИГНАТИЕВО
ИГНАТИЦА
ИГНАТОВО
ИГНАТОВЦИ
ИГНАТОВЦИ
ИГРАЛИЩЕ
ИДИЛЕВО
ИЗБЕГЛИИ
ИЗБУЛ
ИЗВОР
ИЗВОР
ИЗВОР
ИЗВОР
ИЗВОР
ИЗВОР МАХАЛА
ИЗВОРИЩЕ
ИЗВОРНИК
ИЗВОРОВО
ИЗВОРОВО
ИЗВОРОВО
ИЗВОРОВО
ИЗВОРСКО
ИЗВОРЧЕ
ИЗГРЕВ
ИЗГРЕВ
ИЗГРЕВ
ИЗГРЕВ
ИЗГРЕВ
ИЗГРЕВ
ИЗГРЕВ
ИЗГРЕВ
ИЗТОЧНИК
ИЛАКОВ РЪТ
ИЛЕВЦИ
ИЛИЙНО
ИЛИЙСКО
ИЛИНДЕН
ИЛИНДЕН
ИЛИНДЕНЦИ
ИЛИНИЦА
ИЛИЮВЦИ
ИЛИЯ
ИЛИЯ БЛЪСКОВО
ИМРЕНЧЕВО
ИНДЖЕ ВОЙВОДА
ИНОВО
ИРЕЧЕК
ИРЕЧЕКОВО
ИРИНЕЦИ
ИРНИК
ИСКРА
ИСКРА
ИСКРА
ИСКРА
ИСКРА
ИСКРЕЦ
ИСКРИЦА
ИСКЪР
ИСКЪР
ИСКЪР
ИСПЕРИХ
ИСПЕРИХОВО
ИСЬОВЦИ
ИХТИМАН
ИЧЕРА
ЙЕРУСАЛИМОВО
ЙОАКИМ ГРУЕВО
ЙОВКОВО
ЙОВОВЦИ
ЙОВЧЕВЦИ
ЙОГЛАВ
ЙОНКОВО
ЙОНЧОВО
ЙОРДАНОВО
КОКОРОВО
КАБИЛЕ
КАБЛЕШКОВО
КАБЛЕШКОВО
КАБЛЕШКОВО
КАВАРНА
КАВЛАК
КАВРАКИРОВО
КАДИЕВО
КАДРОВИЦА
КАЗАК
КАЗАНКА
КАЗАНЛЪК
КАЗАЦИТЕ
КАЗАЧЕВО
КАЗАШКА РЕКА
КАЗАШКО
КАЗИМИР
КАЗИЧЕНЕ
КАЙНАРДЖА
КАЛАЙДЖИЕВО
КАЛАЙДЖИИ
КАЛЕЙЦА
КАЛЕКОВЕЦ
КАЛЕН
КАЛЕНИК
КАЛЕНИК
КАЛЕНОВЦИ
КАЛИМАНЦИ
КАЛИМАНЦИ
КАЛИНА
КАЛИНА
КАЛИНКА
КАЛИНО
КАЛИПЕТРОВО
КАЛИТИНОВО
КАЛИЩЕ
КАЛНИЩЕ
КАЛОВО
КАЛОМЕН
КАЛОТИНА
КАЛОТИНЦИ
КАЛОФЕР
КАЛОЯН
КАЛОЯНОВЕЦ
КАЛОЯНОВО
КАЛОЯНОВО
КАЛОЯНЦИ
КАЛУГЕРЕНЕ
КАЛУГЕРОВО
КАЛУГЕРОВО
КАЛУГЕРОВО
КАЛЧЕВО
КАЛЧОВЦИ
КАМБЕЛЕВЦИ
КАМБУРОВО
КАМЕН
КАМЕН
КАМЕН
КАМЕН БРЯГ
КАМЕН ВРЪХ
КАМЕН ДЯЛ
КАМЕНА
КАМЕНАР
КАМЕНАР
КАМЕНАР
КАМЕНАРИ
КАМЕНАРЦИ
КАМЕНЕЦ
КАМЕНЕЦ
КАМЕНЕЦ
КАМЕНИК
КАМЕНИЦА
КАМЕНИЦА
КАМЕНИЧКА СКАКАВИЦА
КАМЕНКА
КАМЕННА РЕКА
КАМЕННА РИКСА
КАМЕНО
КАМЕНО ПОЛЕ
КАМЕНОВО
КАМЕНОВО
КАМЕНЦИ
КАМЕНЯК
КАМЕНЯК
КАМЕНЯНЕ
КАМЕЩИЦА
КАМИЛСКИ ДОЛ
КАМЧИЯ
КАНДИЛКА
КАНДОВИ
КАНИЦ
КАНТАРИ
КАНЯК
КАОЛИНОВО
КАПАТОВО
КАПИТАН АНДРЕЕВО
КАПИТАН ДИМИТРИЕВО
КАПИТАН ДИМИТРОВО
КАПИТАН ПЕТКО
КАПИТАН ПЕТКО ВОЙВОДА
КАПИТАНОВЦИ
КАПИЩЕ
КАРА МИХАЛ
КАРАБУНАР
КАРАВЕЛОВО
КАРАВЕЛОВО
КАРАВЕЛОВО
КАРАВЕЛЬОВО
КАРАГЕОРГИЕВО
КАРАДЖАЛОВО
КАРАДЖОВО
КАРАИВАНЦА
КАРАИВАНЦИ
КАРАИСЕН
КАРАЛИ
КАРАМАНИТЕ
КАРАМАНОВО
КАРАМАНЦИ
КАРАМИЧЕВЦИ
КАРАМФИЛ
КАРАН ВЪРБОВКА
КАРАНДИЛИ
КАРАНОВО
КАРАНОВО
КАРАНЦИ
КАРАПЕЛИТ
КАРАПОЛЦИ
КАРАШ
КАРБИНЦИ
КАРВУНА
КАРДАМ
КАРДАМ
КАРЛИЕВО
КАРЛОВО
КАРЛОВСКО
КАРЛУКОВО
КАРНОБАТ
КАСАПСКО
КАСИЛАГ
КАСНАКОВО
КАСПИЧАН
КАСПИЧАН
КАСТЕЛ
КАТЕРИЦА
КАТРАНДЖИИ
КАТРАНИЦА
КАТРИЩЕ
КАТУНЕЦ
КАТУНИЦА
КАТУНИЩЕ
КАТУНЦИ
КАЦЕЛОВО
КАЧУЛКА
КАШЕНЦИ
КАШИНА
КАЯЛОБА
КЕРЕКА
КЕРЕНИТЕ
КЕРМЕН
КЕСАРЕВО
КЕСТЕН
КЕСТЕНОВО
КИЕВЦИ
КИЛИФАРЕВО
КИПИЛОВО
КИПРА
КИРЕВЦИ
КИРЕЕВО
КИРИЛОВО
КИРИЛОВО
КИРКОВА МАХАЛА
КИРКОВО
КИРОВО
КИРЧЕВО
КИСЕЛЕВО
КИСЕЛИЦА
КИСЕЛКОВЦИ
КИСЕЛЧОВО
КИСИЙЦИТЕ
КИСЬОВЦИ
КИТАНЧЕВО
КИТЕН
КИТЕН
КИТИНО
КИТКА
КИТНА
КИТНИЦА
КИЧЕВО
КИЧЕНИЦА
КЛАДЕНЕЦ
КЛАДЕНЕЦ
КЛАДЕНЦИ
КЛАДЕНЦИ
КЛАДНИ ДЯЛ
КЛАДНИЦА
КЛАДОРУБ
КЛЕНОВИК
КЛЕПАЛО
КЛИКАЧ
КЛИМАШ
КЛИМЕНТ
КЛИМЕНТ
КЛИМЕНТОВО
КЛИМЕНТОВО
КЛИСУРА
КЛИСУРА
КЛИСУРА
КЛИСУРА
КЛИСУРИЦА
КЛИСУРСКИ МАНАСТИР
КЛОКОТНИЦА
КЛЪШКА РЕКА
КЛЮЧ
КМЕТОВЦИ
КМЕТЧЕТА
КНЕЖА
КНИЖОВНИК
КНЯЖЕВА МАХАЛА
КНЯЖЕВО
КНЯЖЕВСКО
КОБИЛИНО
КОБИЛЯК
КОБИЛЯНЕ
КОВАЧ
КОВАЧЕВЕЦ
КОВАЧЕВИЦА
КОВАЧЕВО
КОВАЧЕВО
КОВАЧЕВО
КОВАЧЕВЦИ
КОВАЧЕВЦИ
КОВАЧИТЕ
КОВАЧИЦА
КОВИЛ
КОЕВЦИ
КОЕВЦИ
КОЖАРИ
КОЖИНЦИ
КОЖЛЮВЦИ
КОЖУХАРЦИ
КОЗАНОВО
КОЗАР БЕЛЕНЕ
КОЗАРЕ
КОЗАРЕВЕЦ
КОЗАРЕВЕЦ
КОЗАРЕВО
КОЗАРКА
КОЗАРСКО
КОЗИ РОГ
КОЗИЦА
КОЗИЦА
КОЗИЧИНО
КОЗЛЕВО
КОЗЛЕЦ
КОЗЛОВЕЦ
КОЗЛОДУЙ
КОЗЛОДУЙЦИ
КОЗМА ПРЕЗВИТЕР
КОЗНИЦА
КОЗЯ РЕКА
КОЗЯК
КОИЛОВЦИ
КОЙНАРЕ
КОЙЧОВЦИ
КОКАЛЯНЕ
КОКИЧЕ
КОКОРЦИ
КОКОШАНЕ
КОЛАРИ
КОЛАРОВО
КОЛАРОВО
КОЛАРОВО
КОЛАРОВО
КОЛАРЦИ
КОЛЕНА
КОЛЕЦ
КОЛИБИТЕ
КОЛИШОВЦИ
КОЛОБЪР
КОЛЮ ГАНЕВ
КОЛЮ МАРИНОВО
КОМАРЕВО
КОМАРЕВО
КОМАРЕВО
КОМАРЕВО
КОМОЩИЦА
КОМУНАРИ
КОМУНИГА
КОМЩИЦА
КОНАК
КОНАРЕ
КОНАРЕ
КОНАРСКО
КОНАРСКОТО
КОНДОВО
КОНДОЛОВО
КОНДОФРЕЙ
КОНЕВЕЦ
КОНЕВО
КОНЕВО
КОНЕВО
КОННИЦИ
КОНОП
КОНСКА
КОНСТАНТИН
КОНСТАНТИНОВЕЦ
КОНСТАНТИНОВО
КОНСТАНТИНОВО
КОНСТАНТИНОВО
КОНТИЛ
КОНУШ
КОНУШ
КОНЧЕ
КОНЬОВЕЦ
КОНЬОВО
КОНЯВО
КОПАНИЦА
КОПИЛОВЦИ
КОПИЛОВЦИ
КОПИТНИК
КОПРЕЦ
КОПРИВА
КОПРИВЕЦ
КОПРИВЛЕН
КОПРИВЩИЦА
КОПРИНКА
КОПЧЕЛИИТЕ
КОРЕН
КОРИИТЕ
КОРИТАТА
КОРИТЕН
КОРИЯТА
КОРКИНА
КОРМЯНСКО
КОРНИЦА
КОРТЕН
КОС
КОСАРА
КОСАРКА
КОСАЧА
КОСЕВЦИ
КОСИЛКА
КОСОВЕЦ
КОСОВО
КОСОВО
КОСОВО
КОСОВО
КОСТА ПЕРЧЕВО
КОСТАДИНИТЕ
КОСТАДИНКИНО
КОСТАНДЕНЕЦ
КОСТАНДОВО
КОСТЕЛ
КОСТЕЛЕВО
КОСТЕН
КОСТЕНА РЕКА
КОСТЕНЕЦ
КОСТЕНЕЦ
КОСТЕНКОВЦИ
КОСТЕНЦИ
КОСТИ
КОСТИЕВО
КОСТИЛКОВО
КОСТИНБРОД
КОСТИНО
КОСТИЧОВЦИ
КОСТУР
КОСТУРИНО
КОСТУРИНЦИ
КОТЕЛ
КОТЕНОВЦИ
КОТЛАРИ
КОТЛЕНЦИ
КОТУЦИ
КОЧАН
КОЧАНИ
КОЧЕВО
КОЧЕРИНОВО
КОЧМАР
КОЧОВО
КОШАВА
КОШАРЕВО
КОШАРИТЕ
КОШАРИЦА
КОШАРНА
КОШНИЦА
КОШНИЧАРИ
КОШОВ
КРАВИНО
КРАВОДЕР
КРАГУЛЕВО
КРАЕВО
КРАИЩЕ
КРАИЩЕ
КРАЙГОРЦИ
КРАЙНА
КРАЙНА
КРАЙНИ ДОЛ
КРАЙНИЦИ
КРАЙНО СЕЛО
КРАЙНОВО
КРАЙПОЛЕ
КРАКРА
КРАЛЕВ ДОЛ
КРАЛЕВО
КРАЛЕВО
КРАЛИ МАРКО
КРАМОЛИН
КРАН
КРАНЕВО
КРАНОВО
КРАПЕЦ
КРАПЕЦ
КРАПЧЕНЕ
КРАСАВА
КРАСЕН
КРАСЕН
КРАСЕН ДОЛ
КРАСИМИР
КРАСИНО
КРАСНО ГРАДИЩЕ
КРАСНОВО
КРАСНОСЕЛЦИ
КРАЧИМИР
КРЕМЕН
КРЕМЕН
КРЕМЕНА
КРЕМЕНЕ
КРЕМЕНЕЦ
КРЕМЕНИК
КРЕПОСТ
КРЕПЧА
КРЕСЛЮВЦИ
КРЕСНА
КРЕТА
КРЕТА
КРИБУЛ
КРИВА БАРА
КРИВА БАРА
КРИВА КРУША
КРИВА РЕКА
КРИВИНА
КРИВИНА
КРИВИНИ
КРИВИЦА
КРИВНЯ
КРИВНЯ
КРИВО ПОЛЕ
КРИВОДОЛ
КРИВОНОС
КРИЛАТИЦА
КРИЛЮВЦИ
КРИН
КРИСЛОВО
КРИЧИМ
КРОМИДОВО
КРОЯЧ
КРОЯЧЕВО
КРУМ
КРУМОВГРАД
КРУМОВО
КРУМОВО
КРУМОВО
КРУМОВО
КРУМОВО ГРАДИЩЕ
КРУМЧЕВЦИ
КРУПЕН
КРУПНИК
КРУША
КРУША
КРУШАРЕ
КРУШАРИ
КРУШЕВ ДОЛ
КРУШЕВЕЦ
КРУШЕВО
КРУШЕВО
КРУШЕВО
КРУШЕВСКА
КРУШЕТО
КРУШКА
КРУШОВЕНЕ
КРУШОВИЦА
КРУШОВИЦА
КРУШОВИЦА
КРУШОВО
КРУШОВО
КРУШОЛАК
КРУШУНА
КРЪВЕНИК
КРЪН
КРЪНДЖИЛИЦА
КРЪНЧА
КРЪСТАВА
КРЪСТАТИЦА
КРЪСТЕВИЧ
КРЪСТЕНЯЦИТЕ
КРЪСТЕЦ
КРЪСТИЛЦИ
КРЪСТИНА
КРЪШНО
КУБАДИН
КУБРАТ
КУБРАТОВО
КУДЕЛИН
КУЗЬОВО
КУКЛЕН
КУКЛЯ
КУКОРЕВО
КУКУВИЦА
КУКУРАХЦЕВО
КУКУРЯК
КУЛА
КУЛАТА
КУЛИНА ВОДА
КУМАНИТЕ
КУМАНОВО
КУНДЕВО
КУНИНО
КУПЕН
КУПЕН
КУПЦИТЕ
КУРНОВО
КУРТОВО
КУРТОВО КОНАРЕ
КУТЕЛА
КУТЛОВИЦА
КУТОВО
КУТУГЕРЦИ
КУЦАРОВЦИ
КУЦИНА
КУЦОВО
КУШЛА
КЪКЛИЦА
КЪКРИНА
КЪЛНОВО
КЪНЧЕВО
КЪПИНЕЦ
КЪПИНОВО
КЪПИНОВО
КЪПИНОВЦИ
КЪРДЖАЛИ
КЪРЛАНОВО
КЪРНАЛОВО
КЪРНАРЕ
КЪРПАЧЕВО
КЪРПЕЛЕВО
КЪРТИПЪНЯ
КЪРТОЖАБЕНЕ
КЪРЧОВСКО
КЪРШАЛЕВО
КЪСАК
КЪТИНА
КЪШИН
КЪШЛЕ
КЬОЛМЕН
КЬОСЕВО
КЬОСЕВЦИ
КЮЛЕВЧА
КЮСТЕНДИЛ
ЛАГЕРИТЕ
ЛАГОШЕВЦИ
ЛАДАРЕВО
ЛАЗАРОВО
ЛАЗАРЦИ
ЛАКАТНИК
ЛАКАТНИК
ЛАЛЕ
ЛАЛКОВО
ЛАМБУХ
ЛАСКАР
ЛАСКАРЕВО
ЛАТИНКА
ЛЕБЕД
ЛЕБНИЦА
ЛЕВА РЕКА
ЛЕВИЩЕ
ЛЕВКА
ЛЕВОЧЕВО
ЛЕВСКИ
ЛЕВСКИ
ЛЕВСКИ
ЛЕВУНОВО
ЛЕВЦИ
ЛЕДЕНИК
ЛЕЛИНЦИ
ЛЕНИЩЕ
ЛЕНКОВО
ЛЕНОВО
ЛЕНСКО
ЛЕПИЦА
ЛЕСИДРЕН
ЛЕСИЧАРКА
ЛЕСИЧЕ
ЛЕСИЧЕРИ
ЛЕСИЧОВО
ЛЕСКА
ЛЕСКА
ЛЕСКОВДОЛ
ЛЕСКОВЕЦ
ЛЕСКОВЕЦ
ЛЕСКОВЕЦ
ЛЕСНОВО
ЛЕСОВО
ЛЕСУРА
ЛЕТНИЦА
ЛЕТНИЦА
ЛЕТОВНИК
ЛЕХОВО
ЛЕХЧЕВО
ЛЕШКО
ЛЕШНИКОВО
ЛЕШНИКОВЦИ
ЛЕШНИЦА
ЛЕШНИЦА
ЛЕЩАК
ЛЕЩАРКА
ЛЕЩЕН
ЛЕЯРОВО
ЛИВАДА
ЛИВАДЕ
ЛИК
ЛИЛЕКОВО
ЛИЛКОВО
ЛИЛЯК
ЛИЛЯНОВО
ЛИЛЯЧ
ЛИЛЯЧЕ
ЛИМЕЦ
ЛИПЕН
ЛИПЕЦ
ЛИПИНЦИ
ЛИПНИК
ЛИПНИЦА
ЛИПНИЦА
ЛИСЕЦ
ЛИСЕЦ
ЛИСЕЦ
ЛИСИ ВРЪХ
ЛИСИЦИТЕ
ЛИСИЯ
ЛИСОВО
ЛИСТЕЦ
ЛИСТЕЦ
ЛИТАКОВО
ЛОБОШ
ЛОВЕЦ
ЛОВЕЦ
ЛОВЕЦ
ЛОВЕЧ
ЛОВНИДОЛ
ЛОВСКО
ЛОВЦИ
ЛОВЧАНЦИ
ЛОГОДАЖ
ЛОЗА
ЛОЗАРЕВО
ЛОЗЕВО
ЛОЗЕН
ЛОЗЕН
ЛОЗЕН
ЛОЗЕН
ЛОЗЕН
ЛОЗЕНГРАДЦИ
ЛОЗЕНЕЦ
ЛОЗЕНЕЦ
ЛОЗЕНЕЦ
ЛОЗЕНИЦА
ЛОЗИЦА
ЛОЗИЦА
ЛОЗНИЦА
ЛОЗНИЦА
ЛОЗНО
ЛОКВАТА
ЛОКОРСКО
ЛОМ
ЛОМ ЧЕРКОВНА
ЛОМЕЦ
ЛОМНИЦА
ЛОМНИЦА
ЛОМНИЦА
ЛОМЦИ
ЛОПУШНА
ЛОПУШНЯ
ЛОПЯН
ЛУДОГОРЦИ
ЛУКОВИТ
ЛУКОВО
ЛУЛИЧКА
ЛЪВИНО
ЛЪВОВО
ЛЪГА
ЛЪЖНИЦА
ЛЪКА
ЛЪКА
ЛЪКАВИЦА
ЛЪКИ
ЛЪКИ
ЛЮБЕН
ЛЮБЕН
ЛЮБЕН КАРАВЕЛОВО
ЛЮБЕНЕЦ
ЛЮБЕНОВА МАХАЛА
ЛЮБЕНОВО
ЛЮБЕНОВО
ЛЮБЕНОВО
ЛЮБЕНЦИ
ЛЮБИМЕЦ
ЛЮБИНО
ЛЮБИЧЕВО
ЛЮБЛЕН
ЛЮБНИЦА
ЛЮБОВИЩЕ
ЛЮБОВКА
ЛЮБЧА
ЛЮЛИН
ЛЮЛИН
ЛЮЛКА
ЛЮЛЯК
ЛЮЛЯКОВО
ЛЮЛЯКОВО
ЛЮЛЯКОВО
ЛЮТАДЖИК
ЛЮТИБРОД
ЛЮТИДОЛ
ЛЮТОВО
ЛЯВА РЕКА
ЛЯЛИНЦИ
ЛЯСКОВЕЦ
ЛЯСКОВЕЦ
ЛЯСКОВО
ЛЯСКОВО
ЛЯСКОВО
ЛЯСКОВО
ЛЯСКОВО
ЛЯСКОВО
ЛЯТНО
ЛЯХОВО
ЛЯХОВО
МАГАРДЖИЦА
МАДАН
МАДАН
МАДАРА
МАДЖАРЕ
МАДЖАРИ
МАДЖАРОВО
МАДЖЕРИТО
МАЗАРАЧЕВО
МАЙОР УЗУНОВО
МАЙСКО
МАЙСТОРОВО
МАК
МАКАРИОПОЛСКО
МАКЕДОНЦИ
МАКОВО
МАКОЦЕВО
МАКРЕШ
МАЛА РАКОВИЦА
МАЛА ФУЧА
МАЛА ЦЪРКВА
МАЛЕВО
МАЛЕВО
МАЛЕНОВО
МАЛИ ВЪРБОВНИК
МАЛИ ДРЕНОВЕЦ
МАЛИ ИЗВОР
МАЛИНА
МАЛИНА
МАЛИНИ
МАЛИНОВО
МАЛКА АРДА
МАЛКА ВЕРЕЯ
МАЛКА ЖЕЛЯЗНА
МАЛКА ПОЛЯНА
МАЛКА СМОЛНИЦА
МАЛКА ЧЕРКОВНА
МАЛКА ЧИНКА
МАЛКИ БЪЛГАРЕНИ
МАЛКИ ВОДЕН
МАЛКИ ВЪРШЕЦ
МАЛКИ ИСКЪР
МАЛКИ СТАНЧОВЦИ
МАЛКИ ЦАЛИМ
МАЛКИ ЧИФЛИК
МАЛКО АСЕНОВО
МАЛКО БРЯГОВО
МАЛКО ВРАНОВО
МАЛКО ГРАДИЩЕ
МАЛКО ДРЯНОВО
МАЛКО ЙОНКОВО
МАЛКО КАДИЕВО
МАЛКО КАМЕНЯНЕ
МАЛКО КИРИЛОВО
МАЛКО КРУШЕВО
МАЛКО ПОПОВО
МАЛКО СЕЛО
МАЛКО ТРЪНОВО
МАЛКО ТЪРНОВО
МАЛКО ЧОЧОВЕНИ
МАЛКО ШАРКОВО
МАЛКОЧ
МАЛО БУЧИНО
МАЛО КОНАРЕ
МАЛО КРУШЕВО
МАЛО МАЛОВО
МАЛО ПЕЩЕНЕ
МАЛО СЕЛО
МАЛОГРАДЕЦ
МАЛОМИР
МАЛОМИР
МАЛОМИРОВО
МАЛОРАД
МАЛУША
МАЛЧИКА
МАЛЧОВЦИ
МАЛЧОВЦИ
МАЛЪК ДЕВЕСИЛ
МАЛЪК ДОЛ
МАЛЪК ИЗВОР
МАЛЪК ИЗВОР
МАЛЪК МАНАСТИР
МАЛЪК ПОРОВЕЦ
МАЛЪК ПРЕСЛАВЕЦ
МАЛЪК ЧАРДАК
МАМАРЧЕВО
МАНАСЕЛСКА РЕКА
МАНАСТИР
МАНАСТИР
МАНАСТИР
МАНАСТИРИЦА
МАНАСТИРИЩЕ
МАНАСТИРИЩЕ
МАНАСТИРСКО
МАНАСТИРЦИ
МАНДРА
МАНДРИЦА
МАНЕВЦИ
МАНОЛЕ
МАНОЛИЧ
МАНОЛОВО
МАНОЛСКО КОНАРЕ
МАНОЯ
МАНУШЕВЦИ
МАНЧЕВО
МАРАФЕЛЦИ
МАРАШ
МАРГОВЦИ
МАРИКОСТИНОВО
МАРИНКА
МАРИНО ПОЛЕ
МАРИНО ПОЛЕ
МАРИНОВЦИ
МАРИЦА
МАРКОВО
МАРКОВО
МАРКОВО
МАРКОВО РАВНИЩЕ
МАРТЕН
МАРТИНО
МАРТИНОВО
МАРУЛЕВО
МАРУЦЕКОВЦИ
МАРЧЕВО
МАРЧИНО
МАРЯН
МАСЛАРЕВО
МАСЛИНОВО
МАТЕШОВЦИ
МАТОЧИНА
МАХАЛАТА
МАХАЛНИЦИ
МАЦА
МЕДВЕН
МЕДЕВЦИ
МЕДЕН БУК
МЕДЕН КЛАДЕНЕЦ
МЕДЕНИ ПОЛЯНИ
МЕДЕШЕВЦИ
МЕДКОВЕЦ
МЕДНИКАРОВО
МЕДОВЕНЕ
МЕДОВЕЦ
МЕДОВИНА
МЕДОВНИЦА
МЕДОВО
МЕДОВО
МЕДОВО
МЕЖДА
МЕЖДЕН
МЕЖДЕНИ
МЕЗДРА
МЕЗДРЕЯ
МЕЗЕК
МЕЛНИК
МЕЛНИЦА
МЕЛЯНЕ
МЕНГИШЕВО
МЕНДОВО
МЕНЕНКЬОВО
МЕРДАНЯ
МЕРИЧЛЕРИ
МЕСТА
МЕТЛИКА
МЕТЛИЧИНА
МЕТЛИЧИНА
МЕТЛИЧКА
МЕТОДИЕВО
МЕТОДИЕВО
МЕТОХИЯ
МЕЧКА
МЕЧКА
МЕЧКАРЕВО
МЕЧКОВИЦА
МЕЧКОВЦИ
МЕЧКУЛ
МЕЧОВО
МЕЩИЦА
МИЗИЯ
МИЙКОВЦИ
МИКРЕ
МИКРЕВО
МИЛАДИНОВО
МИЛАДИНОВЦИ
МИЛАДИНОВЦИ
МИЛАДИНОВЦИ
МИЛАНОВО
МИЛАНОВО
МИЛЕ
МИЛЕВО
МИЛЕВЦИ
МИЛИНО
МИЛКОВИЦА
МИЛКОВО
МИЛКОВЦИ
МИЛКЬОВЦИ
МИЛОСЛАВЦИ
МИЛЧИНА ЛЪКА
МИНДЯ
МИНЕВЦИ
МИНЕРАЛНИ БАНИ
МИНЗУХАР
МИРКОВО
МИРОВЕЦ
МИРОВО
МИРОВО
МИРОВО
МИРОВЦИ
МИРОВЯНЕ
МИРОЛЮБОВО
МИРЧОВЦИ
МИРЯНЦИ
МИТИНО
МИТОВСКА
МИТРОВЦИ
МИХАЙЛОВО
МИХАЙЛОВО
МИХАЙЛОВЦИ
МИХАЛИЧ
МИХАЛИЧ
МИХАЛКОВО
МИХАЛЦИ
МИХИЛЦИ
МИХНЕВО
МИХОВЦИ
МИЧКОВЦИ
МИШЕВСКО
МИШЕМОРКОВ ХАН
МЛАДА ГВАРДИЯ
МЛАДЕЖКО
МЛАДЕН
МЛАДИНОВО
МЛАДОВО
МЛАМОЛОВО
МЛЕКАРЕВО
МЛЕЧЕВО
МЛЕЧИНО
МОГИЛА
МОГИЛА
МОГИЛА
МОГИЛЕЦ
МОГИЛИНО
МОГИЛИТЕ
МОГИЛИЦА
МОГИЛИЩЕ
МОГИЛОВО
МОГИЛЯНЕ
МОКРЕН
МОКРЕШ
МОКРЕШ
МОКРИЩЕ
МОМИН ПРОХОД
МОМИН СБОР
МОМИНА КЛИСУРА
МОМИНА СЪЛЗА
МОМИНА ЦЪРКВА
МОМИНО
МОМИНО
МОМИНО СЕЛО
МОМИНСКО
МОМКОВО
МОМЧИЛГРАД
МОМЧИЛОВО
МОМЧИЛОВЦИ
МОНТАНА
МОРАВА
МОРАВИЦА
МОРАВИЦА
МОРАВКА
МОРОВЕЦИТЕ
МОРТАГОНОВО
МОРЯНЦИ
МОСКОВЕЦ
МОСТ
МОСТИЧ
МОСТОВО
МОЧУРЕ
МОЩАНЕЦ
МРАКЕТИНЦИ
МРАМОР
МРАМОР
МРАМОР
МРАМОРЕН
МРАХОРИ
МРАЧЕНИК
МРЕЖИЧКО
МРЕЖИЧКО
МРЪЗЕЦИ
МУГЛА
МУЗГА
МУЛДАВА
МУРГА
МУРГАШ
МУРГОВО
МУРЕНО
МУРСАЛЕВО
МУРТИНЦИ
МУСАЧЕВО
МУСАЧЕВО
МУСЕВО
МУСЕЛИЕВО
МУСИНА
МУСОМИЩА
МУСТРАК
МУХОВО
МУЦЯ
МЪГЛЕН
МЪГЛЕНЕ
МЪГЛИЖ
МЪГЛИЩА
МЪДРЕВО
МЪДРЕЦ
МЪДРЕЦ
МЪДРИНО
МЪРВОДОЛ
МЪРЗЯН
МЪРТВИНАТА
МЪРЧАЕВО
МЪРЧЕВО
МЪТЕНИЦА
НАВЪСЕН
НАДАРЕВО
НАДАРЦИ
НАДЕЖДЕН
НАЙДЕН ГЕРОВО
НАЙДЕНОВО
НАНЕ
НАНОВИЦА
НАРЕЧЕНСКИ БАНИ
НАСАЛЕВЦИ
НАУМ
НАУЧЕНЕ
НАЦОВЦИ
НАЧЕВО
НЕБЕСКА
НЕВЕСТИНО
НЕВЕСТИНО
НЕВЕСТИНО
НЕВША
НЕГОВАН
НЕГОВАНОВЦИ
НЕГОВАНЦИ
НЕГУШЕВО
НЕДАН
НЕДЕЛЕВО
НЕДЕЛИНО
НЕДЕЛИЩЕ
НЕДЕЛКОВА ГРАЩИЦА
НЕДЕЛКОВО
НЕДОКЛАН
НЕДЯЛКОВЦИ
НЕДЯЛКОВЦИ
НЕДЯЛСКО
НЕЙКОВО
НЕЙКОВО
НЕЙКЬОВЕЦ
НЕЙЧОВЦИ
НЕНКОВО
НЕНОВО
НЕНОВЦИ
НЕОФИТ БОЗВЕЛИЕВО
НЕОФИТ РИЛСКИ
НЕПРАЗНЕНЦИ
НЕСЕБЪР
НЕСЛА
НЕШЕВЦИ
НИВЯНИН
НИКАЧКОВЦИ
НИКОЛА КОЗЛЕВО
НИКОЛАЕВКА
НИКОЛАЕВО
НИКОЛАЕВО
НИКОЛАЕВО
НИКОЛАЕВО
НИКОЛАЕВО
НИКОЛАЕВО
НИКОЛИЧЕВЦИ
НИКОЛОВО
НИКОЛОВО
НИКОЛОВО
НИКОЛОВЦИ
НИКОЛЧОВЦИ
НИКОЛЧОВЦИ
НИКОПОЛ
НИКУДИН
НИКЮП
НИСОВО
НИЧОВЦИ
НОВА БЯЛА РЕКА
НОВА ВЪРБОВКА
НОВА ЗАГОРА
НОВА КАМЕНА
НОВА ЛИВАДА
НОВА ЛОВЧА
НОВА МАХАЛА
НОВА МАХАЛА
НОВА НАДЕЖДА
НОВА ПОПИНА
НОВА ЧЕРНА
НОВА ШИПКА
НОВАКОВО
НОВАКОВО
НОВАКОВЦИ
НОВАЧЕВО
НОВАЧЕНЕ
НОВАЧЕНЕ
НОВГРАД
НОВИ ИЗВОР
НОВИ ИСКЪР
НОВИ ПАЗАР
НОВИ ПАЗАР
НОВИ ХАН
НОВИ ЧИФЛИК
НОВО БОТЕВО
НОВО БЪРДО
НОВО ГРАДИЩЕ
НОВО ДЕЛЧЕВО
НОВО ЖЕЛЕЗАРЕ
НОВО КОНОМЛАДИ
НОВО ЛЕСКИ
НОВО ОРЯХОВО
НОВО ПАНИЧАРЕВО
НОВО СЕЛО
НОВО СЕЛО
НОВО СЕЛО
НОВО СЕЛО
НОВО СЕЛО
НОВО СЕЛО
НОВО СЕЛО
НОВО ХОДЖОВО
НОВО ЯНКОВО
НОВОГОРЦИ
НОВОСЕЛ
НОВОСЕЛЕЦ
НОВОСЕЛИЩЕ
НОВОСЕЛЦИ
НОВОСЕЛЯНЕ
НОЕВЦИ
НОЖАРЕВО
НОЖАРОВО
НОЖЕРИТЕ
НОСЕИТЕ
НОЧЕВО
НЮШКОВЦИ
ОБЕДИНЕНИЕ
ОБЕЛ
ОБЗОР
ОБИДИМ
ОБИТЕЛ
ОБИЧНИК
ОБНОВА
ОБОРИЩЕ
ОБОРИЩЕ
ОБРЕТЕНИК
ОБРОЧИЩЕ
ОБРУЧИЩЕ
ОВЕН
ОВОЩАРЦИ
ОВОЩНА
ОВОЩНИК
ОВЧА МОГИЛА
ОВЧАГА
ОВЧАРИ
ОВЧАРОВО
ОВЧАРОВО
ОВЧАРОВО
ОВЧАРОВО
ОВЧАРЦИ
ОВЧАРЦИ
ОВЧЕВО
ОВЧЕПОЛЦИ
ОВЧИ КЛАДЕНЕЦ
ОГЛЕД
ОГНЕН
ОГНЯНОВО
ОГНЯНОВО
ОГНЯНОВО
ОГНЯНОВО
ОГОЯ
ОГРАДНА
ОГРАЖДЕН
ОДОРОВЦИ
ОДРАНИЦА
ОДРИНЦИ
ОДРИНЦИ
ОДЪРНЕ
ОДЪРЦИ
ОЗЪРНОВЦИ
ОКОЛИИТЕ
ОКОП
ОКОРШ
ОМАН
ОМАРЧЕВО
ОМАРЧЕВО
ОМУРТАГ
ОНОГУР
ОПАКА
ОПАН
ОПАНЕЦ
ОПАНЕЦ
ОПИЦВЕТ
ОПЛЕТНЯ
ОПЪЛЧЕНЕЦ
ОПЪЛЧЕНСКО
ОРАЧ
ОРЕХ
ОРЕХОВИЦА
ОРЕХОВО
ОРЕШ
ОРЕШАК
ОРЕШАК
ОРЕШАРИ
ОРЕШЕ
ОРЕШЕНЕ
ОРЕШЕНЕ
ОРЕШЕЦ
ОРЕШЕЦ
ОРЕШЕЦ
ОРЕШЕЦ
ОРЕШЕЦ
ОРЕШИНО
ОРЕШНИК
ОРЕШНИЦА
ОРИЗАРЕ
ОРИЗАРИ
ОРИЗАРИ
ОРИЗОВО
ОРЛИНЦИ
ОРЛИЦА
ОРЛОВ ДОЛ
ОРЛОВА МОГИЛА
ОРЛОВЕЦ
ОРЛОВО
ОРЛОВО
ОРЛОВЦИ
ОРЛЯК
ОРЛЯНЕ
ОРСОЯ
ОРЦЕВО
ОРЯХОВЕЦ
ОРЯХОВИЦА
ОРЯХОВО
ОРЯХОВО
ОСЕЛНА
ОСЕЛНА
ОСЕН
ОСЕН
ОСЕН
ОСЕНАРИТЕ
ОСЕНЕЦ
ОСЕНОВЕЦ
ОСЕНОВЛАГ
ОСЕНОВО
ОСЕНОВО
ОСЕТЕНОВО
ОСИКОВИЦА
ОСИКОВО
ОСИКОВО
ОСИКОВО
ОСИКОВСКА ЛАКАВИЦА
ОСИНА
ОСЛАРКА
ОСЛЕН КРИВОДОЛ
ОСМАР
ОСОИЦА
ОСТРА МОГИЛА
ОСТРА МОГИЛА
ОСТРЕЦ
ОСТРИ ПАЗЛАК
ОСТРИЦА
ОСТРИЦА
ОСТРОВ
ОСТРОВЕЦ
ОСТРОВИЦА
ОСТРОВО
ОСТРОВЧЕ
ОСТРОКАПЦИ
ОСТЪР КАМЪК
ОТЕЦ КИРИЛОВО
ОТЕЦ ПАИСИЕВО
ОХЛЮВЕЦ
ОХОДЕН
ОХРИД
ОЧИНДОЛ
ОЧУША
ОШАНЕ
ОШАНИТЕ
ОЩАВА
ПАВЕЛ
ПАВЕЛ БАНЯ
ПАВЕЛСКО
ПАВЛЕВЦИ
ПАВЛИКЕНИ
ПАВОЛЧЕ
ПАДАЛА
ПАДАЛО
ПАДЕШ
ПАДИНА
ПАДИНА
ПАДИНА
ПАДИНЕ
ПАЗАРДЖИК
ПАЗАРЦИ
ПАИСИЕВО
ПАИСИЙ
ПАЙДУШКО
ПАЛАМАРЦА
ПАЛАТ
ПАЛАТИК
ПАЛАТОВО
ПАЛАУЗОВО
ПАЛИЛУЛА
ПАЛИЦИ
ПАМИДОВО
ПАМУКЧИИ
ПАМУКЧИИ
ПАНАГЮРИЩЕ
ПАНАГЮРСКИ КОЛОНИИ
ПАНАЙОТ ВОЛОВО
ПАНАЙОТ ХИТОВО
ПАНАРЕТОВЦИ
ПАНИЦОВО
ПАНИЧАРЕВО
ПАНИЧЕРЕВО
ПАНИЧЕРИ
ПАНИЧИНО
ПАНИЧИЩЕ
ПАНИЧКОВО
ПАНОВЦИ
ПАНЧАРЕВО
ПАНЧЕВО
ПАПРАТ
ПАПРАТЛИВА
ПАРАМУН
ПАРИЛ
ПАРТИЗАНИ
ПАРТИЗАНИН
ПАРЧОВЦИ
ПАСКАЛЕВЕЦ
ПАСКАЛЕВО
ПАСПАЛ
ПАСТРА
ПАСТУХ
ПАТАЛЕНИЦА
ПАТИЦА
ПАТРЕШ
ПАТРЕШКО
ПАТРИАРХ ЕВТИМОВО
ПАУНОВО
ПАШИНЦИ
ПАШКУЛ
ПАШОВИ
ПАШОВО
ПЕВЕЦ
ПЕВЦИТЕ
ПЕЙКОВЦИ
ПЕЙНА
ПЕЙОВЦИ
ПЕЙЧИНОВО
ПЕЛАТИКОВО
ПЕЛИН
ПЕЛИШАТ
ПЕНКОВЦИ
ПЕНКЬОВЦИ
ПЕНЬОВО
ПЕПЕЛИНА
ПЕПЕЛИЩЕ
ПЕРИЛОВЕЦ
ПЕРНИК
ПЕРПЕРЕК
ПЕРУНИКА
ПЕРУЩИЦА
ПЕСНОПОЙ
ПЕСНОПОЙ
ПЕСОЧНИЦА
ПЕТ КЛАДЕНЦИ
ПЕТ МОГИЛИ
ПЕТ МОГИЛИ
ПЕТЕЛОВО
ПЕТКО КАРАВЕЛОВО
ПЕТКО СЛАВЕЙКОВ
ПЕТКОВО
ПЕТКОВО
ПЕТКОВЦИ
ПЕТКОВЦИ
ПЕТЛЕШКОВО
ПЕТЛИНО
ПЕТОКЛАДЕНЦИ
ПЕТРЕВЕНЕ
ПЕТРЕЛИК
ПЕТРИНО
ПЕТРИЧ
ПЕТРИЧ
ПЕТРОВ ДОЛ
ПЕТРОВ ДОЛ
ПЕТРОВО
ПЕТРОВО
ПЕТРОВЦИ
ПЕТЪРНИЦА
ПЕТЪРЧ
ПЕЦОВЦИ
ПЕЧЕНИЦА
ПЕЧИНСКА
ПЕШАКОВО
ПЕЩЕРА
ПЕЩЕРА
ПЕЩЕРА
ПЕЩЕРНА
ПЕЩЕРСКО
ПИПЕРЕВО
ПИПЕРИЦА
ПИПЕРКОВ ЧИФЛИК
ПИПЕРКОВО
ПИРАМИДАТА
ПИРГОВО
ПИРДОП
ПИРИН
ПИРИНЕЦ
ПИРНЕ
ПИСАНЕЦ
ПИСАНИЦА
ПИСАРЕВО
ПИСАРЕВО
ПИСАРОВО
ПИСАРОВО
ПИСМЕНОВО
ПИТОВО
ПИШУРКА
ПИЩАНЕ
ПИЩИГОВО
ПИЯВЕЦ
ПЛАЗИЩЕ
ПЛАКОВО
ПЛАКУДЕР
ПЛАНА
ПЛАНИНЕЦ
ПЛАНИНИЦА
ПЛАНИНИЦА
ПЛАНИНОВО
ПЛАНИНСКО
ПЛАНИНЦИ
ПЛАНИНЦИ
ПЛАЧИДОЛ
ПЛАЧКА
ПЛАЧКОВЦИ
ПЛЕВЕН
ПЛЕВУН
ПЛЕНИМИР
ПЛЕТЕНА
ПЛЕШИВЕЦ
ПЛЕШИНЦИ
ПЛИСКА
ПЛОВДИВ
ПЛОВДИВЦИ
ПЛОВКА
ПЛОДОВИТОВО
ПЛОСКА МОГИЛА
ПЛОСКИ
ПЛЪЗИЩЕ
ПЛЪСТИНА
ПОБЕДА
ПОБЕДА
ПОБЕДА
ПОБИТ КАМЪК
ПОБИТ КАМЪК
ПОБИТ КАМЪК
ПОБЪК
ПОВАЛИРЪЖ
ПОВЕТ
ПОДАЙВА
ПОДВИС
ПОДВИС
ПОДВРЪХ
ПОДГОРЕ
ПОДГОРЕЦ
ПОДГОРИЕ
ПОДГОРИЦА
ПОДГУМЕР
ПОДЕМ
ПОДКОВА
ПОДКРЕПА
ПОДЛЕС
ПОДРУМЧЕ
ПОДСЛОН
ПОДСЛОН
ПОЖАРЕВО
ПОЖАРЕВО
ПОЖЕРНИК
ПОИБРЕНЕ
ПОКРАЙНА
ПОКРОВАН
ПОКРОВНИК
ПОЛЕНА
ПОЛЕНИЦА
ПОЛЕТИНЦИ
ПОЛЕТКОВЦИ
ПОЛЕТО
ПОЛИКРАИЩЕ
ПОЛКОВНИК ДЯКОВО
ПОЛКОВНИК ЖЕЛЯЗОВО
ПОЛКОВНИК ИВАНОВО
ПОЛКОВНИК ЛАМБРИНОВО
ПОЛКОВНИК МИНКОВО
ПОЛКОВНИК САВОВО
ПОЛКОВНИК СВЕЩАРОВО
ПОЛКОВНИК СЕРАФИМОВО
ПОЛКОВНИК ТАСЛАКОВО
ПОЛКОВНИК ЧОЛАКОВО
ПОЛСКА СКАКАВИЦА
ПОЛСКИ ГРАДЕЦ
ПОЛСКИ ИЗВОР
ПОЛСКИ СЕНОВЕЦ
ПОЛСКИ ТРЪМБЕШ
ПОЛСКО КОСОВО
ПОЛСКО ПЪДАРЕВО
ПОЛЯНА
ПОЛЯНА
ПОЛЯНА
ПОЛЯНЕЦ
ПОЛЯНОВО
ПОЛЯНОВО
ПОЛЯНЦИ
ПОЛЯЦИТЕ
ПОМЕЖДИН
ПОМЕН
ПОМОРИЕ
ПОМОЩИЦА
ПОМОЩНИК
ПОНОР
ПОПАРИ
ПОПГЕРГЕВЦИ
ПОПГРИГОРОВО
ПОПГРУЕВО
ПОПИНА
ПОПИНЦИ
ПОПИЦА
ПОПКРАЛЕВО
ПОПОВЕЦ
ПОПОВИЦА
ПОПОВИЧ
ПОПОВО
ПОПОВО
ПОПОВЦИ
ПОПОВЦИ
ПОПОВЦИ
ПОПОВЯНЕ
ПОПРАЙКОВЦИ
ПОПРЕЛКА
ПОПРУСАНОВО
ПОПРУСЕВЦИ
ПОПСКА
ПОПСКА
ПОПСКО
ПОРДИМ
ПОРОИЩЕ
ПОРОЙ
ПОРОЙНА
ПОРОЙНО
ПОРОЙНО
ПОРОМИНОВО
ПОРТИТОВЦИ
ПОРУЧИК КЪРДЖИЕВО
ПОРУЧИК ЧУНЧЕВО
ПОСАБИНА
ПОСЕВ
ПОСТНИК
ПОТОК
ПОТОКА
ПОТОП
ПОТОЧАРКА
ПОТОЧЕ
ПОТОЧНИЦА
ПОЦЪРНЕНЦИ
ПРАВДА
ПРАВДА
ПРАВДИНО
ПРАВДОЛЮБ
ПРАВЕНЦИ
ПРАВЕЦ
ПРАВЕШКА ЛАКАВИЦА
ПРАВИЩЕ
ПРАВО БЪРДО
ПРАВОСЛАВ
ПРАВОСЛАВЕН
ПРАУЖДА
ПРАХАЛИ
ПРЕВАЛА
ПРЕКОЛНИЦА
ПРЕКРЪСТЕ
ПРЕЛЕЗ
ПРЕЛОМ
ПРЕОБРАЖЕНЦИ
ПРЕСЕКА
ПРЕСЕЛЕНЦИ
ПРЕСЕЛЕЦ
ПРЕСЕЛКА
ПРЕСИЯН
ПРЕСЛАВЕН
ПРЕСЛАВЕЦ
ПРЕСЛАВЦИ
ПРЕСОКА
ПРЕСПА
ПРЕСПА
ПРЕСТОЙ
ПРЕСЯК
ПРЕСЯКА
ПРИБОЙ
ПРИЛЕП
ПРИЛЕП
ПРИЛЕПЦИ
ПРИМОРСКО
ПРИМОРЦИ
ПРИПЕК
ПРИПЕК
ПРИПЕК
ПРИСАД
ПРИСАД
ПРИСАДЕЦ
ПРИСЕЛЦИ
ПРИСЕЛЦИ
ПРИСОВО
ПРИСОЙНА
ПРИСТОЕ
ПРОБУДА
ПРОВАДИЯ
ПРОГЛЕД
ПРОГРЕС
ПРОДАНОВЦИ
ПРОДАНОВЦИ
ПРОДАНОВЦИ
ПРОДАНЧА
ПРОЛАЗ
ПРОЛАЗНИЦА
ПРОЛЕЗ
ПРОЛЕША
ПРОЛОМ
ПРОПАСТ
ПРОСЕНА
ПРОСЕНИК
ПРОСЕЧЕН
ПРОСТОРНО
ПРОТОПОПИНЦИ
ПРОФЕСОР ЗЛАТАРСКИ
ПРОФЕСОР ИШИРКОВО
ПРОХЛАДА
ПРОХОД
ПРОХОРОВО
ПРЯПОРЕЦ
ПРЯПОРЕЦ
ПТИЧАР
ПТИЧЕВО
ПУДРИЯ
ПУШЕВО
ПЧЕЛА
ПЧЕЛАРИ
ПЧЕЛАРОВО
ПЧЕЛАРОВО
ПЧЕЛИН
ПЧЕЛИН
ПЧЕЛИНА
ПЧЕЛИНО
ПЧЕЛИНОВО
ПЧЕЛИЩЕ
ПЧЕЛНИК
ПЧЕЛНИК
ПЧЕЛНО
ПШЕНИЧЕВО
ПЪДАРЕВО
ПЪДАРИНО
ПЪДАРСКО
ПЪДАРЦИ
ПЪНЧЕВО
ПЪРВАН
ПЪРВЕНЕЦ
ПЪРВЕНЕЦ
ПЪРВЕНЦИ
ПЪРВИЦА
ПЪРВОМАЙ
ПЪРВОМАЙ
ПЪРВОМАЙЦИ
ПЪРЖИГРАХ
ПЪРЛИЧЕВО
ПЪРОВЦИ
ПЪРТЕВЦИ
ПЪРША
ПЪСТРЕН
ПЪСТРОВО
ПЪСТРОГОР
ПЪСТРООК
ПЪТНИКОВО
ПЯСЪЧЕВО
РАБИША
РАБОВО
РАБРОВО
РАВАДИНОВО
РАВДА
РАВЕН
РАВНА
РАВНА
РАВНА
РАВНА ГОРА
РАВНА ГОРА
РАВНА ГОРА
РАВНЕЦ
РАВНЕЦ
РАВНИЛ
РАВНИНАТА
РАВНИЩА
РАВНИЩЕ
РАВНО
РАВНО НИВИЩЕ
РАВНО ПОЛЕ
РАВНО СЕЛО
РАВНОВО
РАВНОГОР
РАДАН ВОЙВОДА
РАДАНОВО
РАДАНЧЕТО
РАДЕВО
РАДЕВО
РАДЕВЦИ
РАДЕЦКИ
РАДИБОШ
РАДИЕВО
РАДИЛОВО
РАДИНГРАД
РАДИНО
РАДИНОВО
РАДИШЕВО
РАДКО ДИМИТРИЕВО
РАДКОВЦИ
РАДЛОВЦИ
РАДНЕВО
РАДОВЕНЕ
РАДОВЕЦ
РАДОВО
РАДОВЦИ
РАДОВЦИ
РАДОЕВЦИ
РАДОЙНОВО
РАДОМИР
РАДОМИРЦИ
РАДОТИНА
РАДУИЛ
РАДУЙ
РАДУЛОВЦИ
РАДУНЦИ
РАДЮВЕНЕ
РАЕВЦИ
РАЖДАВИЦА
РАЗБОИЩЕ
РАЗБОЙНА
РАЗБОЙНА
РАЗВИГОРОВО
РАЗГРАД
РАЗГРАД
РАЗДЕЛ
РАЗДЕЛ
РАЗДЕЛНА
РАЗДЕЛНА
РАЗДЕЛЦИ
РАЗДОЛ
РАЗЛИВ
РАЗЛОГ
РАЗСОХА
РАЙКОВА МОГИЛА
РАЙКОВЦИ
РАЙНИНО
РАЙНОВО
РАЙНОВЦИ
РАЙНОВЦИ
РАЙНУШКОВЦИ
РАЙОВО
РАКЕВО
РАКИЛОВЦИ
РАКИТА
РАКИТА
РАКИТНА
РАКИТНИЦА
РАКИТНИЦА
РАКИТОВО
РАКЛИНОВО
РАКЛИЦА
РАКОВИЦА
РАКОВО
РАКОВО
РАКОВСКИ
РАКОВСКИ
РАКОВСКИ
РАКОВСКОВО
РАЛЕВО
РАЛЕВЦИ
РАЛИНОВЦИ
РАЛИЦА
РАЛИЦА
РАЛИЧЕВО
РАНЕНЦИ
РАНИ ЛИСТ
РАНИ ЛУГ
РАСНИК
РАСОВО
РАСТНИК
РАХОВЦИ
РАЧЕВЦИ
РАЧОВЦИ
РАШЕВЦИ
РАШКА ГРАЩИЦА
РАШКОВО
РАШОВИТЕ
РАШОВИЦА
РАЮВЦИ
РАЯНОВЦИ
РАЯНОВЦИ
РАЯНЦИ
РЕБРЕВЦИ
РЕБРО
РЕБРОВО
РЕБЪРКОВО
РЕДЕШКОВЦИ
РЕДИНА
РЕЖАНЦИ
РЕЖИНЦИ
РЕЗАЧ
РЕЗБАРЦИ
РЕЗОВО
РЕКА
РЕКИЧКА
РЕЛЬОВО
РЕПЛЯНА
РЕСЕЛЕЦ
РЕСЕН
РЕСИЛОВО
РЕЧАНИ
РЕЧИЦА
РЕЯНОВЦИ
РИБАРИЦА
РИБАРИЦА
РИБАРЦИ
РИБЕН
РИБЕН ДОЛ
РИБИНО
РИБНИК
РИБНИЦА
РИБНОВО
РИДИНО
РИДОВО
РИЛА
РИЛСКИ МАНАСТИР
РИЛЦИ
РИСИМАНОВО
РИТЯ
РИШ
РОБОВО
РОВИНА
РОГАЧ
РОГАЧЕВО
РОГЛЕЦ
РОГОЗАРИ
РОГОЗЕН
РОГОЗИНА
РОГОЗИНОВО
РОГОЗЧЕ
РОГОШ
РОДИНА
РОДОПИ
РОДОПСКО
РОЖДЕН
РОЖДЕНСКО
РОЖЕН
РОЗА
РОЗИНО
РОЗИНО
РОЗОВЕЦ
РОЗОВО
РОЗОВО
РОМАН
РОПОТ
РОСЕН
РОСЕН
РОСЕН
РОСЕНОВО
РОСЕНОВО
РОСИНА
РОСИЦА
РОСИЦА
РОСИЦА
РОСНО
РОСОМАН
РОХЛЕВА
РОЯК
РУДАРЦИ
РУДИНА
РУДИНА
РУДНИК
РУДНИК
РУДОЗЕМ
РУЕВЦИ
РУЕН
РУЕН
РУЕЦ
РУЖИНЦИ
РУЖИЦА
РУЖИЦА
РУЙНО
РУЙЧОВЦИ
РУМАНЯ
РУМЕЛИЯ
РУМЯНЦЕВО
РУНЯ
РУПИТЕ
РУПКИТЕ
РУПЦИ
РУПЦИ
РУПЧА
РУСАЛИНА
РУСАЛСКО
РУСАЛЯ
РУСЕ
РУСИНОВЦИ
РУСКА БЕЛА
РУСКОВЦИ
РУСОКАСТРО
РУСТАН
РУХОВЦИ
РУЧЕЙ
РЪЖАВЕЦ
РЪЖАНА
РЪЖДАК
РЪЖЕВО
РЪЖЕВО КОНАРЕ
РЪЖЕНА
РЪЖЕНОВО
РЪЖИЦА
РЪСОВО
РЪТ
РЪТЛИНА
РЯЗКОВЦИ
РЯХОВО
РЯХОВЦИТЕ
САВА
САВИН
САВИНО
САВОЙСКИ
САДИНА
САДОВЕЦ
САДОВИК
САДОВИЦА
САДОВО
САДОВО
САДОВО
САДОВО
САЖДЕНИК
САКАРЦИ
САЛАСУКА
САЛАШ
САЛМАНОВО
САМОВИЛА
САМОВОДЕНЕ
САМОДИВА
САМОКИТКА
САМОКОВ
САМОРАНОВО
САМОТИНО
САМСИИТЕ
САМУИЛ
САМУИЛОВА КРЕПОСТ
САМУИЛОВО
САМУИЛОВО
САМУИЛОВО
САМУИЛОВО
САНАДИНОВО
САНДАНСКИ
САНДРОВО
САН-СТЕФАНО
САПАРЕВА БАНЯ
САПАРЕВО
САРАЕВО
САРАНСКО
САРАНЦИ
САРАЯ
САТОВЧА
СБОР
СБОР
СБОРИНО
СБОРИЩЕ
СВАЛЕНИК
СВАТБАРЕ
СВЕЖЕН
СВЕТА ПЕТКА
СВЕТИ ВЛАС
СВЕТИ НИКОЛА
СВЕТЛЕН
СВЕТЛЕН
СВЕТЛИНА
СВЕТЛИНА
СВЕТЛИНА
СВЕТЛЯ
СВЕТОВРАЧЕНЕ
СВЕТОСЛАВ
СВЕТОСЛАВ
СВЕТОСЛАВЦИ
СВЕТУЛКА
СВЕЩАРИ
СВИДНЯ
СВИЛЕНГРАД
СВИНАРСКИ ДОЛ
СВИРАЧИ
СВИРКОВО
СВИРЦИ
СВИРЧОВО
СВИЩОВ
СВОБОДА
СВОБОДА
СВОБОДА
СВОБОДА
СВОБОДА
СВОБОДЕН
СВОБОДИНОВО
СВОБОДИЦА
СВОГЕ
СВОДЕ
СЕВАР
СЕВДАЛИНА
СЕВЕРНЯК
СЕВЕРЦИ
СЕВЛИЕВО
СЕДЕЛЕЦ
СЕДЕФЧЕ
СЕДЛАРЕВО
СЕДЛАРИ
СЕДЛАРЦИ
СЕДЛОВИНА
СЕДЯНКОВЦИ
СЕЙДОЛ
СЕЙКОВЦИ
СЕЙМЕНИТЕ
СЕКИРКА
СЕКУЛОВО
СЕЛАНОВЦИ
СЕЛИМИНОВО
СЕЛИЩЕ
СЕЛИЩЕ
СЕЛИЩЕ
СЕЛИЩЕН ДОЛ
СЕЛСКА ПОЛЯНА
СЕЛЦЕ
СЕЛЦЕ
СЕЛЦИ
СЕЛЧА
СЕЛЯНИН
СЕМЕРДЖИЕВО
СЕМЕРДЖИИТЕ
СЕМЕРЦИ
СЕМКОВЦИ
СЕМЧИНОВО
СЕННИК
СЕНОВО
СЕНОКЛАС
СЕНОКОС
СЕНОКОС
СЕНЦЕ
СЕПТЕМВРИ
СЕПТЕМВРИЙЦИ
СЕПТЕМВРИЙЦИ
СЕПТЕМВРИЙЦИ
СЕСЛАВ
СЕСТРИМО
СЕСТРИНСКО
СЕЧЕН КАМЪК
СЕЧИЩЕ
СИВ КЛАДЕНЕЦ
СИВА РЕКА
СИВИНО
СИГМЕН
СИЛЕН
СИЛИСТРА
СИМЕОНОВГРАД
СИМЕОНОВЕЦ
СИМЕОНОВО
СИМИТЛИ
СИНАГОВЦИ
СИНАПОВО
СИНДЕЛ
СИНДЕЛЦИ
СИНЕМОРЕЦ
СИНИ ВИР
СИНИ ВРЪХ
СИНИ РИД
СИНИГЕР
СИНИТОВО
СИНЧЕЦ
СИНЬО БЪРДО
СИНЬО КАМЕНЕ
СИНЯ ВОДА
СИПЕЙ
СИПЕЦ
СИРАКОВО
СИРАКОВО
СИРАКОВО
СИРИЩНИК
СИТОВО
СИТОВО
СИТОВО
СКАЛА
СКАЛА
СКАЛАК
СКАЛАК
СКАЛИНА
СКАЛИЦА
СКАЛИЩЕ
СКАЛНА ГЛАВА
СКАЛСКО
СКАНДАЛОТО
СКЛАВЕ
СКОБЕЛЕВО
СКОБЕЛЕВО
СКОБЕЛЕВО
СКОБЕЛЕВО
СКОБЕЛЕВО
СКОМЛЯ
СКОРЦИТЕ
СКРАВЕНА
СКРЕБАТНО
СКРИНО
СКРИНЯНО
СКРЪТ
СКУТАРЕ
СКЪРБИНО
СЛАВЕЕВО
СЛАВЕЕВО
СЛАВЕЙКОВО
СЛАВЕЙКОВО
СЛАВЕЙКОВО
СЛАВЕЙНО
СЛАВОВИЦА
СЛАВОВИЦА
СЛАВОТИН
СЛАВЩИЦА
СЛАВЯНИ
СЛАВЯНИН
СЛАВЯНОВО
СЛАВЯНОВО
СЛАВЯНОВО
СЛАВЯНЦИ
СЛАДКА ВОДА
СЛАДКОДУМ
СЛАДУН
СЛАДЪК КЛАДЕНЕЦ
СЛАКОВЦИ
СЛАМИНО
СЛАНА БАРА
СЛАНОТРЪН
СЛАТИНА
СЛАТИНА
СЛАТИНА
СЛАТИНА
СЛАТИНО
СЛАТИНО
СЛАЩЕН
СЛИВАК
СЛИВАРКА
СЛИВАРОВО
СЛИВАТА
СЛИВЕК
СЛИВЕН
СЛИВЕНЦИ
СЛИВИТО
СЛИВКА
СЛИВНИЦА
СЛИВНИЦА
СЛИВО ПОЛЕ
СЛИВОВИК
СЛИВОВИЦА
СЛИВОВНИК
СЛИВОВО
СЛИВОВО
СЛИВОВО
СЛИШОВЦИ
СЛОКОЩИЦА
СЛОМЕР
СЛЪНЧЕВО
СЛЪНЧОВЕЦ
СЛЪНЧОГЛЕД
СМИЛЕЦ
СМИЛЕЦ
СМИЛОВЦИ
СМИЛЯН
СМИН
СМИРНЕНСКИ
СМИРНЕНСКИ
СМИРНЕНЦИ
СМИРОВ ДОЛ
СМОЛЕВО
СМОЛИЧАНО
СМОЛНИК
СМОЛНИЦА
СМОЛСКО
СМОЛЧА
СМОЛЯН
СМОЛЯНОВЦИ
СМОЧАН
СМОЧЕВО
СМЯДОВО
СНЕЖА
СНЕЖИНА
СНЕЖИНКА
СНОП
СНЯГОВО
СНЯГОВО
СОВАТА
СОВОЛЯНО
СОЗОПОЛ
СОКОЛ
СОКОЛ
СОКОЛАРЕ
СОКОЛАРЦИ
СОКОЛЕНЦИ
СОКОЛЕЦ
СОКОЛИНО
СОКОЛИТЕ
СОКОЛИЦА
СОКОЛНИК
СОКОЛОВО
СОКОЛОВО
СОКОЛОВО
СОКОЛОВО
СОКОЛОВЦИ
СОКОЛСКО
СОКОЛЯНЕ
СОЛАРИ
СОЛИЩА
СОЛИЩЕ
СОЛНИК
СОМОВИТ
СОПИЦА
СОПОВО
СОПОТ
СОПОТ
СОПОТОТ
СОТИРЯ
СОФИЙЦИ
СОФИЯ
СОФРОНИЕВО
СПАНЦИ
СПАНЧЕВЦИ
СПАСОВО
СПАСОВО
СПАСОВЦИ
СПАТОВО
СПАХИЕВО
СПОЛУКА
СРАЦИМИР
СРАЦИМИРОВО
СРЕБРИНОВО
СРЕБЪРНА
СРЕДЕЦ
СРЕДЕЦ
СРЕДЕЦ
СРЕДИНА
СРЕДИНКА
СРЕДИЩЕ
СРЕДКОВЕЦ
СРЕДНА МАХАЛА
СРЕДНЕВО
СРЕДНИ КОЛИБИ
СРЕДНИ РЪТ
СРЕДНО ГРАДИЩЕ
СРЕДНО СЕЛО
СРЕДНО СЕЛО
СРЕДНОГОРОВО
СРЕДНОГОРЦИ
СРЕДНЯ
СРЕДОГРИВ
СРЕДОК
СРЕДОРЕК
СРЕДОРЕК
СРЕДОСЕЛЦИ
СРЕДСКА
СРЕДСКО
СРЕМ
СРЪНСКО
СТАВЕРЦИ
СТАЕВЦИ
СТАЙНОВЦИ
СТАЙЧИН ДОЛ
СТАЙЧОВЦИ
СТАКЕВЦИ
СТАЛЕВО
СТАЛИЙСКА МАХАЛА
СТАМБОЛИЙСКИ
СТАМБОЛИЙСКИ
СТАМБОЛОВО
СТАМБОЛОВО
СТАМБОЛОВО
СТАМБОЛОВО
СТАН
СТАНЕВО
СТАНЕЦ
СТАНИНЦИ
СТАНОВЕЦ
СТАНЧА
СТАНЧОВ ХАН
СТАНЬОВЦИ
СТАНЯНЦИ
СТАР ЧИТАК
СТАРА ЗАГОРА
СТАРА КРЕСНА
СТАРА РЕКА
СТАРА РЕКА
СТАРА РЕЧКА
СТАРЕЙШИНО
СТАРИ ЧАЛ
СТАРИЛКОВЦИ
СТАРО ЖЕЛЕЗАРЕ
СТАРО МЯСТО
СТАРО ОРЯХОВО
СТАРО СЕЛИЩЕ
СТАРО СЕЛО
СТАРО СЕЛО
СТАРО СЕЛО
СТАРО СЕЛО
СТАРО СЕЛО
СТАРОВО
СТАРОЗАГОРСКИ БАНИ
СТАРОПАТИЦА
СТАРОСЕЛ
СТАРОСЕЛЕЦ
СТАРОСЕЛЦИ
СТАРЦЕВО
СТАРЧЕВО
СТАРЧИЩЕ
СТЕВРЕК
СТЕЖЕРОВО
СТЕНСКО
СТЕФАН КАРАДЖА
СТЕФАН КАРАДЖА
СТЕФАН КАРАДЖА
СТЕФАН КАРАДЖОВО
СТЕФАН СТАМБОЛОВО
СТЕФАНОВО
СТЕФАНОВО
СТЕФАНОВО
СТЕФАНОВО
СТИКЪЛ
СТОБ
СТОЕВО
СТОЕВЦИ
СТОЖА
СТОЖЕР
СТОИЛ ВОЙВОДА
СТОИЛОВО
СТОЙКИТЕ
СТОЙКОВО
СТОЙКОВЦИ
СТОЙНОВО
СТОЙЧЕВЦИ
СТОЙЧОВЦИ
СТОКИТЕ
СТОЛЕТОВО
СТОЛЕТОВО
СТОЛНИК
СТОЛЪТ
СТОМАНЕВО
СТОМАНЕЦИТЕ
СТОМАНЦИ
СТОЯН МИХАЙЛОВСКИ
СТОЯН-ЗАИМОВО
СТОЯНОВО
СТОЯНОВО
СТОЯНОВЦИ
СТОЯНОВЦИ
СТРАДАЛОВО
СТРАЖА
СТРАЖА
СТРАЖАТА
СТРАЖЕВЦИ
СТРАЖЕЦ
СТРАЖЕЦ
СТРАЖИЦА
СТРАЖИЦА
СТРАЖНИЦА
СТРАЛДЖА
СТРАНДЖА
СТРАНДЖЕВО
СТРАНСКО
СТРАХИЛ
СТРАХИЛ ВОЙВОДА
СТРАХИЛИЦА
СТРАХИЛОВО
СТРАЦИН
СТРАШИМИР
СТРАШИМИРОВО
СТРЕЗИМИРОВЦИ
СТРЕЛЕЦ
СТРЕЛЕЦ
СТРЕЛКОВО
СТРЕЛЦИ
СТРЕЛЦИ
СТРЕЛЧА
СТРЕМОВО
СТРЕМЦИ
СТРИЖБА
СТРОЕВО
СТРОЙНО
СТРОЙНОВЦИ
СТРУИНДОЛ
СТРУИНО
СТРУМА
СТРУМЕШНИЦА
СТРУМЯНИ
СТРУПЕЦ
СТРУПЕЦ
СТРУЯ
СТРЪМЦИ
СТРЯМА
СТУБЕЛ
СТУДЕН ИЗВОР
СТУДЕН КЛАДЕНЕЦ
СТУДЕНА
СТУДЕНА
СТУДЕНА
СТУДЕНЕЦ
СТУДЕНЕЦ
СТУДЕНИЦА
СТУДЕНО БУЧЕ
СТЪРГЕЛ
СТЪРМЕН
СТЪРНИЦА
СУВОРОВО
СУГАРЕВО
СУЛИЦА
СУЛТАНИ
СУМЕР
СУНГУРЛАРЕ
СУСАМ
СУХА РЕКА
СУХА РЕКА
СУХАЧЕ
СУХИНДОЛ
СУХОВО
СУХОДОЛ
СУХОДОЛ
СУХОЗЕМ
СУХОЛОЕВЦИ
СУХОСТРЕЛ
СУШЕВО
СУШИНА
СУШИЦА
СУШИЦА
СУШИЦА
СЪБКОВЦИ
СЪБОТКОВЦИ
СЪБРАНО
СЪДИЕВО
СЪДИЕВО
СЪДИЙСКО ПОЛЕ
СЪЕДИНЕНИЕ
СЪЕДИНЕНИЕ
СЪЕДИНЕНИЕ
СЪЕДИНЕНИЕ
СЪРНАК
СЪРНЕВЕЦ
СЪРНЕВО
СЪРНЕВО
СЪРНЕГОР
СЪРНЕНЦИ
СЪРНЕЦ
СЪРНИНО
СЪРНИНО
СЪРНИЦА
СЪРНИЦА
СЪРПОВО
СЪРЦЕВО
СЯНОВО
СЯРОВЦИ
СЯРЦИ
ТАБАН
ТАБАЧКА
ТАБАШКА
ТАВАЛИЧЕВО
ТАЙМИЩЕ
ТАМАРИНО
ТАТАРЕВО
ТАТАРЕВО
ТАТАРИ
ТАТКОВО
ТАТУЛ
ТВЪРДИНЦИ
ТВЪРДИЦА
ТВЪРДИЦА
ТВЪРДИЦА
ТЕКЕТО
ТЕЛЕРИГ
ТЕЛИШ
ТЕЛЧАРКА
ТЕМЕНУГА
ТЕМЕНУГА
ТЕНЕВО
ТЕПАВА
ТЕПЛЕН
ТЕРВЕЛ
ТЕРВЕЛ
ТЕРЗИИТЕ
ТЕРЗИЙСКО
ТЕРЗИЙСКО
ТЕРТЕР
ТЕТЕВЕН
ТЕТОВО
ТЕШЕЛ
ТЕШОВО
ТИКАЛЕ
ТИМАРЕВО
ТИНТЯВА
ТИПЧЕНИЦА
ТИТЕВЦИ
ТИХОВЕЦ
ТИХОМИР
ТИХОМИРОВО
ТИЧА
ТИШАНОВО
ТИШЕВИЦА
ТИЯНОВЦИ
ТЛАЧЕНЕ
ТОДОР ИКОНОМОВО
ТОДОРЕЦИТЕ
ТОДОРИЧЕНЕ
ТОДОРОВО
ТОДОРОВО
ТОДОРОВЦИ
ТОДОРОВЦИ
ТОДОРЧЕТА
ТОДЮВЦИ
ТОКАЧКА
ТОЛОВИЦА
ТОМБЕТО
ТОМПСЪН
ТОМЧЕВЦИ
ТОНСКО ДАБЕ
ТОПОЛА
ТОПОЛИ
ТОПОЛИ ДОЛ
ТОПОЛИЦА
ТОПОЛКА
ТОПОЛНИЦА
ТОПОЛНИЦА
ТОПОЛОВГРАД
ТОПОЛОВЕЦ
ТОПОЛОВЕЦ
ТОПОЛОВО
ТОПОЛОВО
ТОПОЛЧАНЕ
ТОПОЛЧАНЕ
ТОПОЛЯНЕ
ТОПУЗЕВО
ТОПУЗИ
ТОПЧИИ
ТОПЧИЙСКО
ТОРБАЛЪЖИТЕ
ТОРОС
ТОТЛЕБЕН
ТОЧИЛАРИ
ТОШЕВЦИ
ТРАВЕ
ТРАВНИК
ТРАЙКОВО
ТРАКИЕЦ
ТРАКИЙЦИ
ТРАКИЯ
ТРАПЕСКОВЦИ
ТРАПИЩЕ
ТРАПОКЛОВО
ТРЕБИЩЕ
ТРЕКЛЯНО
ТРЕМ
ТРЕСКАВЕЦ
ТРИ КЛАДЕНЦИ
ТРИ МОГИЛИ
ТРИ МОГИЛИ
ТРИВОДИЦИ
ТРИГОРЦИ
ТРИГРАД
ТРИЛИСТНИК
ТРИФОНОВО
ТРОИЦА
ТРОСКОВО
ТРОЯН
ТРОЯН
ТРОЯНОВО
ТРОЯНОВО
ТРУД
ТРУДОВЕЦ
ТРЪБАЧ
ТРЪН
ТРЪНАК
ТРЪНИТО
ТРЪНИЦА
ТРЪНКОВО
ТРЪНКОВО
ТРЪНКОВЦИ
ТРЪНЧОВИЦА
ТРЪСТЕНИК
ТРЪСТЕНИК
ТРЪСТИКА
ТРЪСТИКОВО
ТРЪСТИКОВО
ТРЯВНА
ТУДЕН
ТУЛОВО
ТУМБАЛОВО
ТУМБЕВЦИ
ТУРИЯ
ТУРКИНЧА
ТУРОКОВЦИ
ТУРЯН
ТУТРАКАН
ТУТРАКАНЦИ
ТУХОВИЩА
ТУЧЕНИЦА
ТУШОВИЦА
ТЪЖА
ТЪКАЧ
ТЪНКА БАРА
ТЪНКИ РЪТ
ТЪНКОВО
ТЪНКОВО
ТЪНКОТО
ТЪПЧИЛЕЩОВО
ТЪРГОВИЩЕ
ТЪРГОВИЩЕ
ТЪРКАШЕНИ
ТЪРНА
ТЪРНАВА
ТЪРНАВА
ТЪРНАК
ТЪРНЕНЕ
ТЪРНИЧЕНИ
ТЪРНОВЛАГ
ТЪРНОВЦА
ТЪРНОВЦИ
ТЪРНОВЦИ
ТЪРНОСЛИВКА
ТЪРНЯНЕ
ТЪРСИНО
ТЪРХОВО
ТЪРЪН
ТЮЛЕНОВО
ТЮРКМЕН
ТЮТЮНЧЕ
ТЯНЕВО
ТЯНЕВО
УГЛЕДНО
УГЛЯРЦИ
УГОРЕЛЕЦ
УГОРЯЛКОВЦИ
УГЪРЧИН
УЗОВО
УЗУНДЖОВО
УЗУНИТЕ
УЗУНОВО
УМАРЕВЦИ
УРВАТА
УРОВЕНЕ
УРУЧЕВЦИ
УСОЙКА
УСТИНА
УСТРЕМ
УСТРЕН
УХЛОВИЦА
УШEВЦИ
УШИ
УШИНЦИ
ФАБРИКА
ФАЗАНОВО
ФАКИЯ
ФАТОВО
ФЕЛДФЕБЕЛ ДЕНКОВО
ФИЛАРЕТОВО
ФИЛИПОВО
ФИЛИПОВО
ФИЛИПОВЦИ
ФЛОРЕНТИН
ФОТИНОВО
ФОТИНОВО
ФРОЛОШ
ФУРЕН
ФЪРГОВО
ФЪРГОВЦИ
ФЪРЕВЦИ
ФЪРТУНИ
ХАДЖИ ДИМИТЪР
ХАДЖИДИМИТРОВО
ХАДЖИДИМИТРОВО
ХАДЖИДИМИТРОВО
ХАДЖИДИМОВО
ХАДЖИЕВО
ХАДЖИИТЕ
ХАДЖИЙСКО
ХАЙРЕДИН
ХАЛВАДЖИЙСКО
ХАН АСПАРУХОВО
ХАН КРУМ
ХАНОВО
ХАРАЧЕРИТЕ
ХАРВАЛОВЦИ
ХАРМАНЛИ
ХАСКОВО
ХАСОВИЦА
ХВОЙНА
ХВОСТЯНЕ
ХВЪРЧИЛ
ХЕРАКОВО
ХИРЕВО
ХИСАР
ХИСАРЯ
ХИТОВО
ХИТРИНО
ХЛЕВЕНЕ
ХЛЯБОВО
ХОДЖОВЦИ
ХОТАНЦА
ХОТНИЦА
ХОТОВО
ХРАБРИНО
ХРАБРОВО
ХРАБРОВО
ХРАБЪРСКО
ХРАСНА
ХРАСТОВО
ХРИСТИЯНОВО
ХРИСТО ДАНОВО
ХРИСТОВЦИ
ХРИСТОВЦИ
ХРИЩЕНИ
ХРОМИЦА
ХУБАВЕНЕ
ХУМА
ХУХЛА
ХЪНЕВЦИ
ХЪРЛЕЦ
ХЪРСОВО
ХЪРСОВО
ХЪРСОВО
ЦАКОНИЦА
ЦАЛАПИЦА
ЦАНИ ГИНЧЕВО
ЦАПАРЕВО
ЦАР АСЕН
ЦАР АСЕН
ЦАР АСЕН
ЦАР КАЛОЯН
ЦАР КАЛОЯН
ЦАР САМУИЛ
ЦАР СИМЕОНОВО
ЦАР ШИШМАНОВО
ЦАРАЦОВО
ЦАРЕВ БРОД
ЦАРЕВ ДОЛ
ЦАРЕВА ЛИВАДА
ЦАРЕВА ПОЛЯНА
ЦАРЕВЕЦ
ЦАРЕВЕЦ
ЦАРЕВЕЦ
ЦАРЕВЕЦ
ЦАРЕВО
ЦАРЕВЦИ
ЦАРЕВЦИ
ЦАРИМИР
ЦАРИНО
ЦАРИЧИНА
ЦАРИЧИНО
ЦАР-ПЕТРОВО
ЦАРСКИ ИЗВОР
ЦАЦАРОВЦИ
ЦАЦАРОВЦИ
ЦВЕКЛЮВЦИ
ЦВЕТИНО
ЦВЕТКОВА БАРА
ЦВЕТНИЦА
ЦВЯТКОВЦИ
ЦВЯТОВО
ЦЕГРИЛОВЦИ
ЦЕЛИНА
ЦЕНИНО
ЦЕНОВИЧ
ЦЕНОВО
ЦЕНОВО
ЦЕПЕРАНИТЕ
ЦЕРЕТЕЛЕВО
ЦЕРЕЦЕЛ
ЦЕРКОВСКИ
ЦЕРОВА КОРИЯ
ЦЕРОВЕЦ
ЦЕРОВИЦА
ЦЕРОВИЩЕ
ЦЕРОВО
ЦЕРОВО
ЦЕРОВО
ЦИКЛОВО
ЦИРКА
ЦОНЕВО
ЦОНКОВЦИ
ЦРЕШНОВО
ЦРЪКЛЕВЦИ
ЦРЪНЧА
ЦРЪНЧА
ЦЪРВАРИЦА
ЦЪРВЕНА ЯБЪЛКА
ЦЪРВЕНДОЛ
ЦЪРВЕНЯНО
ЦЪРВИЩЕ
ЦЪРКВА
ЦЪРКВИЦА
ЦЪРКВИЦА
ЦЪРКВИЩЕ
ЧАВДАР
ЧАВДАР
ЧАВДАРЦИ
ЧАВДАРЦИ
ЧАВЕИ
ЧАВКА
ЧАЙКА
ЧАЙКА
ЧАКАЛАРОВО
ЧАКАЛИ
ЧАКАЛИТЕ
ЧАКАЛЦИ
ЧАЛ
ЧАЛА
ЧАЛЪКОВИ
ЧАМЛА
ЧАРГАН
ЧАРДА
ЧАРКОВО
ЧЕГАНЦИ
ЧЕКАНЕЦ
ЧЕКАНЕЦ
ЧЕКАНЦИ
ЧЕКАНЧЕВО
ЧЕЛНИК
ЧЕЛОПЕК
ЧЕЛОПЕЧ
ЧЕЛОПЕЧЕНЕ
ЧЕЛЮСТНИЦА
ЧЕМИШ
ЧЕПЕЛАРЕ
ЧЕПИНО
ЧЕПИНЦИ
ЧЕПИНЦИ
ЧЕПЛЕТЕН
ЧЕПЪРЛИНЦИ
ЧЕРВЕН
ЧЕРВЕН
ЧЕРВЕН БРЕГ
ЧЕРВЕН БРЯГ
ЧЕРВЕНА
ЧЕРВЕНА ВОДА
ЧЕРВЕНА ЛОКВА
ЧЕРВЕНА МОГИЛА
ЧЕРВЕНА СКАЛА
ЧЕРВЕНАКОВО
ЧЕРВЕНКОВЦИ
ЧЕРВЕНЦИ
ЧЕРГАНОВО
ЧЕРЕНЧА
ЧЕРЕПОВО
ЧЕРЕША
ЧЕРЕШИЦА
ЧЕРЕШКА
ЧЕРЕШКИТЕ
ЧЕРЕШНИЦА
ЧЕРЕШОВИЦА
ЧЕРЕШОВО
ЧЕРЕШОВО
ЧЕРЕШОВО
ЧЕРЕШОВСКА РЕКА
ЧЕРКАСКИ
ЧЕРКОВИЦА
ЧЕРКОВИЩЕ
ЧЕРКОВНА
ЧЕРКОВНА
ЧЕРКОВНА
ЧЕРКОВНА
ЧЕРКОВО
ЧЕРНА
ЧЕРНА
ЧЕРНА ВОДА
ЧЕРНА ГОРА
ЧЕРНА ГОРА
ЧЕРНА МЕСТА
ЧЕРНА МОГИЛА
ЧЕРНА МОГИЛА
ЧЕРНА НИВА
ЧЕРНА СКАЛА
ЧЕРНЕВО
ЧЕРНЕВЦИ
ЧЕРНИ БРЯГ
ЧЕРНИ ВИТ
ЧЕРНИ ВРЪХ
ЧЕРНИ ВРЪХ
ЧЕРНИ ВРЪХ
ЧЕРНИ ДЯЛ
ЧЕРНИ ОСЪМ
ЧЕРНИ РИД
ЧЕРНИГОВО
ЧЕРНИК
ЧЕРНИЦА
ЧЕРНИЧЕ
ЧЕРНИЧЕВО
ЧЕРНИЧЕВО
ЧЕРНИЧИНО
ЧЕРНО МОРЕ
ЧЕРНО ПОЛЕ
ЧЕРНОВРЪХ
ЧЕРНОГЛАВЦИ
ЧЕРНОГОР
ЧЕРНОГОРОВО
ЧЕРНОГОРОВО
ЧЕРНОГРАД
ЧЕРНОДЪБ
ЧЕРНОЗЕМ
ЧЕРНОЗЕМЕН
ЧЕРНОКАПЦИ
ЧЕРНОЛИК
ЧЕРНОМОРЕЦ
ЧЕРНОМОРЦИ
ЧЕРНООК
ЧЕРНООКИ
ЧЕРНООКОВО
ЧЕРНООКОВО
ЧЕРНООЧЕНЕ
ЧЕРНЬОВО
ЧЕРНЬОВЦИ
ЧЕСТИМЕНСКО
ЧЕТИРЦИ
ЧЕХЛАРЕ
ЧЕШЛЯНЦИ
ЧЕШМА
ЧЕШНЕГИРОВО
ЧИБАОВЦИ
ЧИЛИК
ЧИЛНОВ
ЧИНТУЛОВО
ЧИПРОВЦИ
ЧИРЕН
ЧИРПАН
ЧИСТОВО
ЧИТАКОВЦИ
ЧИФЛИК
ЧИФЛИК
ЧИФЛИК
ЧИЧЕВО
ЧИЧИЛ
ЧОБА
ЧОБАНКА
ЧОКМАНОВО
ЧОКОБА
ЧОЛАКОВА
ЧОМАКОВО
ЧОМАКОВЦИ
ЧОРБАДЖИЙСКО
ЧОРУЛ
ЧУБРА
ЧУБРИКА
ЧУДИНЦИ
ЧУДОМИР
ЧУЙПЕТЛОВО
ЧУКАРКА
ЧУКАРОВО
ЧУКАТА
ЧУКИЛИТЕ
ЧУКОВЕЗЕР
ЧУКОВЕЦ
ЧУКОВЕЦ
ЧУКОВО
ЧУКОВО
ЧУПРЕНЕ
ЧУРЕК
ЧУРЕН
ЧУРИЛОВО
ЧУРИЧЕНИ
ЧУРКА
ЧУРУКОВО
ЧУЧУЛИГА
ЧУЧУЛИГОВО
ЧУЧУР
ШАБЛА
ШАНОВО
ШАРАНИ
ШАРЕНСКА
ШАРКОВО
ШАТРОВО
ШЕЙНОВО
ШЕМШЕВО
ШЕРЕМЕТЯ
ШИВАРОВО
ШИВАЧЕВО
ШИЛИВЕРИ
ШИЛКОВЦИ
ШИПИКОВА МАХАЛА
ШИПКА
ШИПКОВИЦА
ШИПКОВО
ШИПОК
ШИПОТ
ШИПОЧАНЕ
ШИПОЧАНО
ШИПЧЕНИТЕ
ШИРОКА ЛЪКА
ШИРОКА ПОЛЯНА
ШИРОКИ ДОЛ
ШИРОКО ПОЛЕ
ШИРОКОВО
ШИШЕНЦИ
ШИШКОВИЦА
ШИШКОВЦИ
ШИШМАНОВО
ШИШМАНЦИ
ШИЯКОВО
ШКОРПИЛОВЦИ
ШОДЕКОВЦИ
ШОПИТЕ
ШОПЦИ
ШУБЕЦИ
ШУМА
ШУМАТА
ШУМЕН
ШУМЕНЦИ
ШУМНАТИЦА
ШУШНЯ
ЩЕРНА
ЩИПСКО
ЩИТ
ЩРЪКЛЕВО
ЩЪРКОВО
ЪГЛЕН
ЮГОВО
ЮДЕЛНИК
ЮЛИЕВО
ЮНАК
ЮНАЦИ
ЮНАЦИТЕ
ЮНДОЛА
ЮНЕЦ
ЮПЕР
ЮРУКОВО
ЯБЛАНИЦА
ЯБЛАНИЦА
ЯБЛАНОВО
ЯБЪЛКОВЕЦ
ЯБЪЛКОВО
ЯБЪЛКОВО
ЯБЪЛКОВЦИ
ЯБЪЛЧЕВО
ЯБЪЛЧЕНИ
ЯВОР
ЯВОРЕЦ
ЯВОРНИЦА
ЯВОРОВЕЦ
ЯВОРОВО
ЯВОРОВО
ЯВРОВО
ЯГНИЛО
ЯГОДА
ЯГОДИНА
ЯГОДОВО
ЯГОДОВО
ЯЗДАЧ
ЯЗОВЕЦ
ЯКИМ ГРУЕВО
ЯКИМОВО
ЯКОВИЦА
ЯКОВО
ЯКОВЦИ
ЯКОРУДА
ЯЛБОТИНА
ЯЛОВО
ЯМБОЛ
ЯМИНО
ЯМНА
ЯНА
ЯНИНО
ЯНКОВО
ЯНКОВЦИ
ЯНОВО
ЯНТРА
ЯНТРА
ЯНЬОВЕЦ
ЯРДЖИЛОВЦИ
ЯРЕБИЦА
ЯРЕБИЦА
ЯРЕБИЧНА
ЯРЕБИЧНО
ЯРЕБКОВИЦА
ЯРЛОВИЦА
ЯРЛОВО
ЯРЛОВЦИ
ЯРОСЛАВЦИ
ЯСЕН
ЯСЕН
ЯСЕНИТЕ
ЯСЕНКОВО
ЯСЕНОВЕЦ
ЯСЕНОВО
ЯСЕНОВО
ЯСНА ПОЛЯНА
ЯСНО ПОЛЕ
ЯСТРЕБ
ЯСТРЕБИНО
ЯСТРЕБНА
ЯСТРЕБОВО
ЯСТРЕБОВО
ЯХИНОВО