АВСТРАЛИЙСКИ СЪЮЗ
АЗЕРБАЙДЖАНСКА РЕПУБЛИКА
АЛЖИРСКА ДЕМОКРАТИЧНА НАРОДНА РЕПУБЛИКА
АМЕРИКАНСКА САМОА
АМЕРИКАНСКИ ВИРДЖИНСКИ ОСТРОВИ
АНГИЛА 
АНТАРКТИКА
АНТИГУА И БАРБУДА
АРАБСКА РЕПУБЛИКА ЕГИПЕТ
АРУБА
БАРБАДОС
БАХАМСКА ОБЩНОСТ
БЕЛИЗ
БЕРМУДА
БОЛИВАРСКА РЕПУБЛИКА ВЕНЕЦУЕЛА
БОСНА И ХЕРЦЕГОВИНА
БРИТАНСКИ ВИРДЖИНСКИ ОСТРОВИ
БРИТАНСКИ ТЕРИТОРИИ В ИНДИЙСКИЯ ОКЕАН
БРУНЕЙ ДАРУССАЛАМ
БУРКИНА ФАСО
ВЕЛИКО ХЕРЦОГСТВО ЛЮКСЕМБУРГ
ГВАДЕЛУПА
ГИБРАЛТАР
ГРЕНАДА
ГРЕНЛАНДИЯ
ГРУЗИЯ
ГУАМ
ДЕМОКРАТИЧНА РЕПУБЛИКА ИЗТОЧЕН ТИМОР
ДЕМОКРАТИЧНА РЕПУБЛИКА КОНГО
ДЕМОКРАТИЧНА РЕПУБЛИКА САО ТОМЕ И ПРИНСИПИ
ДЕМОКРАТИЧНА СОЦИАЛИСТИЧЕСКА РЕПУБЛИКА ШРИ ЛАНКА
ДЕПАРТАМЕНТ ГЪРНЗИ
ДЕПАРТАМЕНТ ДЖЪРСИ
ДОМИНИКАНСКА ОБЩНОСТ
ДОМИНИКАНСКА РЕПУБЛИКА
ДЪРЖАВАТА ЕРИТРЕЯ
ДЪРЖАВАТА ИЗРАЕЛ
ДЪРЖАВАТА КАТАР
ДЪРЖАВАТА КУВЕЙТ
ЕВРОПЕЙСКИ СЪЮЗ
ЗАПАДНА САХАРА
ИЗТОЧНА РЕПУБЛИКА УРУГВАЙ
ИРЛАНДИЯ
ИСЛЯМСКА РЕПУБЛИКА АФГАНИСТАН
ИСЛЯМСКА РЕПУБЛИКА ИРАН
ИСЛЯМСКА РЕПУБЛИКА МАВРИТАНИЯ
ИСЛЯМСКА РЕПУБЛИКА ПАКИСТАН
ИТАЛИАНСКА РЕПУБЛИКА
КАЙМАНОВИ ОСТРОВИ
КАНАДА
КИРГИЗКА РЕПУБЛИКА
КИТАЙСКА НАРОДНА РЕПУБЛИКА
КИТАЙСКА РЕПУБЛИКА, ТАЙВАН 
OСТРОВИ КУК
OСТРОВИ ОЛАНД
OСТРОВИ ПИТКЕРН
OСТРОВ БУВЕ
OСТРОВ КЛИПЕРТОН