АБЕН
АБЛЕН
АВГУСТ
АВГУСТИАН
АВГУСТИН
АВЕЛ
АВЕР
АВЕРНО
АВКСЕНТИЙ
АВО
АВРААМ
АВРАМ
АВРЕЛИ
АВРЕЛИЙ
АВРОР
АГАПИ
АГАПИЙ
АГАТОПОД (Т)
АГЕНТ
АГЛАЙ
АГЛАР
АГНЕН
АГНЕШ
АГОП
АГЪЦИ
АДАЛБЕРТ
АДАМ
АДЕАН
АДЕЛИН
АДЕМ
АДНАН
АДРИАН
АДРИЯН
АЕРОЗОЛ
АЗАЛИЯ
АЙДЕМИР
АКАШИЯ
АКСАКУСТИ
АКСИДАН
АКСИНТИЯ
АЛБЕН
АЛБЕРТ
АЛБИЯНА
АЛДИН
АЛЕВАНДЪР
АЛЕГ
АЛЕК
АЛЕКЗАНДРИЯН
АЛЕКЗАНДЪР
АЛЕКО
АЛЕКС
АЛЕКСАНДИНА
АЛЕКСАНДРИЯН
АЛЕКСАНДЪР
АЛЕКСЕЙ
АЛЕКСИ
АЛЕКСО
АЛЕН
АЛЖИР
АЛИ
АЛИПИ
АЛТАЙ
АЛТЕМИР
АЛТИМИР
АЛЬОША
АМАДЕУС
АМБРОЗИО
АНАБЕЛКА
АНАГНОСТИ
АНАНИ
АНАСТАС
АНАСТАСИ
АНАСТАСИЙ
АНАТОЛ
АНАТОЛ-ВЕСЕЛ
АНАТОЛИ
АНАТОЛИЙ
АНГЕЛ
АНГЕЛИН
АНГЕЛИНА
АНГЕЛКО
АНГЕОЛАЯ
АНДЖО
АНДОН
АНДРЕА
АНДРЕАН
АНДРЕАС
АНДРЕЙ
АНДРЕЯН
АНДРИАН
АНДРИЯН
АНЕ
АНЕЛИН
АНЕСТИ
АНЕСТИСИАН
АНЖЕЛ
АНЖО
АНИБАЛ
АНИЕЛ
АНИМИР
АНИСЛАВ
АНКО
АНТАНИ
АНТИМ
АНТО
АНТОАН
АНТОН
АНТОНИ
АНТОНИЙ
АНТОНИЛ
АНТОНИМ
АНТОНИН
АНТОНИО
АНТОШ
АНУШ
АНЧО
АНЮ
АПОСТОЛ
АПРАМ
АРГИР
АРГО
АРИСТОТЕЛ
АРИТОН
АРКАДИ
АРКАДИЙ
АРЛИН
АРМАН
АРМЕН
АРНАУД
АРНАУТ
АРОН
АРСЕН
АРСЕНИ
АРСЕНИЙ
АРСО
АРТЕМ
АРТУР
АРХАНГЕЛ
АРЧИ
АСАСИН
АСАСИНСЛАВ
АСАСИНТРОН
АСЕН
АСИМАН
АСПАРУХ
АТА
АТАНАС
АТИЛА
АТОМ
АТОМЕН
АХИМ
АЦЕ
АЧО
БАГРЯН
БАЙКО
БАЙЛ
БАЙО
БАЙЧО
БАЛИН
БАЛКАН
БАЛОМИР
БАЛЧО
БАЛЬО
БАНКО
БАНО
БАНЧО
БАНЬО
БАНЮ
БАНЯ
БАРАБОН
БАРБАНЕСО
БАРТОЛОМИЛ
БАТАК
БАТИЛ
БАХАР
БАХНИ
БАХУРИН
БАЧО
БАШИБОЗУК
БАЮ
БАЯН
БЕГУНА
БЕЙХАН
БЕЛИМИР
БЕЛИН
БЕЛИСЛАВ
БЕЛО
БЕЛОМИР
БЕЛОСЛАВ
БЕЛЧО
БЕЛЯН
БЕНИСЛАВ
БЕНКО
БЕНО
БЕНЬО
БЕРИМИР
БЕРИН
БЕРИСЛАВ
БЕРИЯ
БЕРО
БЕРОСЛАВ
БЕТИНА
БЕТИНО
БЕЧО
БИЛЯН
БИНКО
БИНЬО
БИНЮ
БИСЕНТИ
БИСЕР
БЛАГО
БЛАГОВЕСТ
БЛАГОЙ
БЛАГОМИР
БЛАГОСВЕТ
БЛАЖЕ
БОГ
БОГДАН
БОГИНЯ
БОГОЙ
БОГОЛЮБ
БОГОМИЛ
БОГОСЛАВ
БОДРОМИР
БОЖАН
БОЖИДАР
БОЖИК
БОЖИЛ
БОЖИМИР
БОЖИН
БОЖИНЕЛ
БОЖКО
БОЖО
БОЖУР
БОИЛ
БОИЛА
БОЙКО
БОЙО
БОЙЧО
БОЛЕН
БОЛЕСЛАВ
БОНЕ
БОНИСЛАВ
БОНКО
БОНО
БОНЧО
БОНЧУК
БОНЬО
БОРАН
БОРВИЛ
БОРЕН
БОРИК
БОРИЛ
БОРИМИР
БОРИН
БОРИС
БОРИСЛАВ
БОРКО
БОРОМИР
БОРЧО
БОСИЛЕНА
БОСИЛКО
БОСКО
БОТО
БОТЬО
БОЦКО
БОЦО
БОЧКА
БОЧО
БОЮ
БОЯН
БОЯНКА
БОЯР
БРАЙКО
БРАН
БРАНДАН
БРАНИМИР
БРАНИСЛАВ
БРАНКО
БРАТАН
БРАТИСЛАВ
БРАТОВЧЕД
БРАТОЙ
БРАЯН
БРЕНО
БРИГАДИР
БРИГО
БРИЗ
БРОНИСЛАВ
БРУКЛИН
БРУНКО
БРУНО
БУДА
БУДИМИР
БУДИН
БУДЬОНИ
БУРАН
БУРЕН
БУРЯН
БЪЛГАР
БЪЛГАРИЯН
БЪНЧО
БЯЛКО
БЯНКО
ВАГИНЯН
ВАГНЕР-ГАБРИЕЛ
ВАДИМ
ВАКЛИН
ВАКЛУШ
ВАКО
ВАКРИЛ
ВАКРИЛЕН
ВАЛЕНТИН
ВАЛЕНТИНА
ВАЛЕРИ
ВАЛЕРИЙ
ВАЛИАНА
ВАЛИАНТ
ВАЛТЕР
ВАЛЧО
ВАНАИЛ
ВАНГЕЛ
ВАНДО
ВАНЕ
ВАНИСЛАВ
ВАНКО
ВАНЧЕ
ВАНЬО
ВАНЮШ
ВАРАДИН
ВАРДАН
ВАРДАР
ВАРТОЛОМЕЙ
ВАРЧО
ВАРШАВА
ВАСИЛ
ВАСИЛЕН
ВАСИЛИЙ
ВАСИЛИН
ВАСИЛИЯН
ВАСИЛЯ
ВАСИЯН
ВАСКО
ВАСО
ВАТО
ВАЦО
ВАЧКО
ВЕГО
ВЕДКО
ВЕДРИН
ВЕЖЕН
ВЕЙЛ
ВЕЛАДИН
ВЕЛЕМИР
ВЕЛИ
ВЕЛИАН
ВЕЛИАНТ
ВЕЛИЗАР
ВЕЛИК
ВЕЛИКО
ВЕЛИМИР
ВЕЛИН
ВЕЛИСЛАВ
ВЕЛИЧКО
ВЕЛИЯН
ВЕЛКО
ВЕЛЧО
ВЕЛЬО
ВЕНЕ
ВЕНЕЛИН
ВЕНЕЦ
ВЕНЕЦИЙ
ВЕНЕЦИЯН
ВЕНИАМИН
ВЕНИСЛАВ
ВЕНКИ
ВЕНКО
ВЕНСАН
ВЕНТИЛАТОР
ВЕНЦЕ
ВЕНЦЕЗАР
ВЕНЦЕСЛАВ
ВЕНЦИ
ВЕНЦИСЛАВ
ВЕНЦОМИР
ВЕНЧАН
ВЕРАДИН
ВЕРГИЛ
ВЕРГИН
ВЕРИМИР
ВЕРИН
ВЕРОСЛАВ
ВЕСЕЛ
ВЕСЕЛИН
ВЕСИСЛАВ
ВЕСКО
ВЕСО
ВЕСПАСИЯН
ВЕТКО
ВЕЧКО
ВИГАЛОТ
ВИГО
ВИДЕЛИН
ВИДЕН
ВИДИН
ВИДОЛ
ВИДОСЛАВ
ВИДЮ
ВИКЕНТИ
ВИКТОР
ВИЛИАН
ВИЛИЗАР
ВИЛИЗАРА
ВИЛИСЛАВ
ВИЛИЯН
ВИЛЯМ
ВИНЕТУ
ВИНКО
ВИНО
ВИНСЪНТ
ВИНЧЕНЦО
ВИОЛЕТ
ВИОЛИН
ВИСАРИОН
ВИТАЛИЙ
ВИТАН
ВИТКО
ВИТЛЯН
ВИТОМИР
ВИТОШ
ВИХРЕН
ВИХРОНИ
ВИХЪР
ВИЧО
ВИША
ВИШАН
ВИШЕТИН
ВИШНЮ
ВЛАД
ВЛАДИЛЕН
ВЛАДИМЕР
ВЛАДИМИР
ВЛАДИМИРА
ВЛАДИН
ВЛАДИНКО
ВЛАДИСЛАВ
ВЛАДИЯН
ВЛАСО
ВЛАСОМИР
ВОВКА
ВОГИЛ
ВОИН
ВОЙМИР
ВОЙО
ВОЙСЛАВ
ВОЛЕН
ВОЛОДЯ
ВРАБЧО
ВРЪБЧО
ВСЕВЕЛОД
ВУЛ
ВУЛЮ
ВЪЙКО
ВЪЛКАДИН
ВЪЛКАН
ВЪЛКО
ВЪЛКОДАВ
ВЪЛО
ВЪЛЧАН
ВЪЛЧИН
ВЪЛЧО
ВЪЛЧОЯН
ВЪЛЮ
ВЪРБАН
ВЪРБИН
ВЪТКО
ВЪТЬО
ВЪТЮ
ВЪЧКО
ВЯЧЕСЛАВ
ВЯЧИСЛАВ
ГАБРИЕЛ
ГАБЪР
ГАВИН
ГАВРАИЛ
ГАВРИЛ
ГАДЬО
ГАЙ
ГАЙКО
ГАЛАБИН
ГАЛАКТИОН
ГАЛЕН
ГАЛЕНТИН
ГАЛИЕН
ГАЛИМИР
ГАЛИН
ГАЛИЯН
ГАНИ
ГАНИМИР
ГАНИСЛАВ
ГАНЦОМИР
ГАНЧО
ГАНЬО
ГАРО
ГАТЬО
ГАЦО
ГАЧО
ГВАРДИАНА
ГЕЛЕМИР
ГЕНАДИ
ГЕНАДИ ВАЛЕРИЕВ
ГЕНАДИЙ
ГЕНИСЛАВ
ГЕНКО
ГЕНО
ГЕНЧО
ГЕНЬО
ГЕО
ГЕОДИМ
ГЕОМИЛ
ГЕОРГИ
ГЕРАСИМ
ГЕРГАН
ГЕРГЕЙ
ГЕРГЕЛЮБ
ГЕРГИН
ГЕРГО
ГЕРДАН
ГЕРМАН
ГЕРО
ГЕРОЙ
ГЕРЧО
ГЕТИСЛАВ
ГЕТКО
ГЕТО
ГЕЦО
ГЕЧКО
ГЕЧО
ГЕШО
ГИВЕЗА
ГИЗДАЛЕН
ГИКО
ГИЛДРОЙ
ГИНА
ГИНЕСЛАВ
ГИНЬО
ГИНЮ
ГИРГИНА
ГИРО
ГИЦИМИР
ГИЧО
ГЛАВОМИР
ГЛИНКА
ГНЕВОТА
ГОГО
ГОДИСЛАВ
ГОЙКО
ГОНДО
ГОРАЗД
ГОРАН
ГОРДАН
ГОРИН
ГОРКА
ГОРКИ
ГОРОЦВЕТ
ГОРУН
ГОРЧО
ГОСПОДИН
ГОЦЕ
ГОЧО
ГОШО
ГРАДИМИР
ГРАНИТ
ГРАЧКО
ГРЕГОР
ГРЕНЛАДИ
ГРЕТИЕНА
ГРЕХИНА
ГРИГОР
ГРИША
ГРОЗДАН
ГРОЗДЕ
ГРОЗДЬО
ГРОЗЬО
ГРУД
ГРУДИ
ГРУДИК
ГРУДКО
ГРУДЬО
ГРУЙО
ГРУЙЧО
ГРУЮ
ГРЪБИ
ГУДЖО
ГУНДИ
ГУНЧО
ГУНЬО
ГУНЮ
ГУРКО
ГУТЮ
ГЪДЬО
ГЪЛЪБ
ГЪЛЪБИН
ГЪНЧО
ГЪРБИ
ГЪЧО
ГЬОКА
ГЮРГЕЛЕНА
ГЮРО
ДАВИД
ДАВИДКО
ДАЙАНА
ДАКО
ДАЛИН
ДАМЯН
ДАМЯНКА
ДАН
ДАНАИЛ
ДАНАЯ
ДАНЕ
ДАНИ
ДАНИЕЛ
ДАНИИЛ
ДАНИЛ
ДАНИМИЛ
ДАНИМИР
ДАНИСЛАВ
ДАНКО
ДАНО
ДАНЧО
ДАРЕН
ДАРИ
ДАРИАН
ДАРИЙ
ДАРИН
ДАРИНИЛ
ДАРИО
ДАРКО
ДАФИН
ДАЦО
ДАЧКО
ДАЧО
ДАШО
ДАЯН
ДЕАН
ДЕВАН
ДЕЙВИД
ДЕЛИАН
ДЕЛИСЛАВ
ДЕЛЧО
ДЕЛЯН
ДЕЛЯНА
ДЕМИН
ДЕМИР
ДЕМЯН
ДЕНИЗ
ДЕНИКА
ДЕНИМИР
ДЕНИС
ДЕНИСЛАВ
ДЕНИЯН
ДЕНЧО
ДЕНЬО
ДЕРДИДАС
ДЕСИЛИАН
ДЕСИМИР
ДЕСИСЛАВ
ДЕСЛАВ
ДЕСПИН
ДЕСПИНКА
ДЕСПОТ
ДЕТЕЛИН
ДЕТЕЛЮБ
ДЕЧКО
ДЕЧО
ДЕЧЮ
ДЕШО
ДЕЯН
ДЖАНЕР
ДЖАНКО
ДЖИХАД
ДЖОН-СТЕФАН
ДЖУЛИЕН
ДИАМАНДИ
ДИАМАНТИНА
ДИАН
ДИВАН (НА ДЯДО ДИАН И ДЯДО ИВАН)
ДИВИЗИЕ
ДИВИЗИЯ
ДИВИЛ
ДИДКО
ДИЕГО
ДИЙВИД
ДИКО
ДИЛЯН
ДИМАН
ДИМАС
ДИМИ
ДИМИСЛАВ
ДИМИТРАКИ
ДИМИТРИЯН
ДИМИТЪР
ДИМИЯН
ДИМО
ДИМОСЛАВ
ДИМЧО
ДИНКО
ДИНЧО
ДИНЬО
ДИНЮ
ДИОНИС
ДИЧКА
ДИЧКО
ДИЧО
ДИШКО
ДИЯН
ДОБЛЕСТИН
ДОБРЕН
ДОБРИ
ДОБРИЛ
ДОБРИН
ДОБРИНЕЙКО
ДОБРОВЕСТ
ДОБРОДАН
ДОБРОЛЮБ
ДОБРОМИЛ
ДОБРОМИР
ДОБРОСЛАВ
ДОБРЯН
ДОВАН
ДОДЮ
ДОЙНО
ДОЙЧИН
ДОЙЧО
ДОКО
ДОНАЛД
ДОНКО
ДОНЧО
ДОНЬО
ДОРИАН
ДОРИСЛАВ
ДОРИЯН
ДОРЧО
ДОСИСЛАВ
ДОСЬО
ДОТА
ДОЧКО
ДОЧО
ДОШО
ДРАГАН
ДРАГИЯ
ДРАГИЯ
ДРАГНИ
ДРАГНЬО
ДРАГНЮ
ДРАГО
ДРАГОВЕСТ
ДРАГОДАН
ДРАГОЙЧО
ДРАГОМИР
ДРАГОСЛАВ
ДРАГОСТИН
ДРАГОЯ
ДРАКО
ДРЕКО
ДРЕНКО
ДРЕНЬО
ДРОЗДСТОЙ
ДРОЗУНАЛА
ДРОПЛИНА
ДРУЖЕМИР
ДРУМИ
ДРУМЧО
ДУЛИ
ДУНЧО
ДУХО
ДУХОМИР
ДУШКО
ДУШО
ДЪБАН
ДЪРГАДЪН
ДЯКО
ДЯНКО
ЕВГЕНИ
ЕВГЕНИЙ
ЕВДЕН
ЕВДОКИ
ЕВДОКИЙ
ЕВЕЛИН
ЕВИЛИН
ЕВИТА
ЕВЛАМПИ
ЕВЛОГИ
ЕВРЮ
ЕВСТАТИ
ЕВСТАТИЙ
ЕВСТАХИЙ
ЕВТИМ
ЕГОР
ЕДВИН
ЕДИСЛАВ
ЕДИТ
ЕДНОРОГ
ЕДРЮ
ЕДУАРД
ЕКИМ
ЕКТАР
ЕКТОР
ЕЛВИС
ЕЛЕАН
ЕЛЕКТРОН
ЕЛЕМАГ
ЕЛЕН
ЕЛЕНКО
ЕЛИАН
ЕЛИАС
ЕЛИЕЗЕР
ЕЛИЗАБЕТ
ЕЛИН
ЕЛИСЕЙ
ЕЛИСИЯ
ЕЛКО
ЕЛТИМИР
ЕЛЬО
ЕМА-БЕЛА
ЕМАНОИЛ
ЕМАНУЕЛ
ЕМАНУИЛ
ЕМИЛ
ЕМИЛИАН
ЕМИЛИЯН
ЕНДО
ЕНИС
ЕНЧО
ЕНЬО
ЕНЮ
ЕРВИН
ЕРЕДИН
ЕРЕМИЯ
ЕРИК
ЕРИНА
ЕРОЛ
ЕРОСЛАВ
ЕРСЕН
ЕСЕН
ЕТИЕН
ЕФКА
ЕЦКО
ЕЧКО
ЕЧО
ЖАДОМИР
ЖАН
ЖАНИ
ЖАНКО
ЖАРИН
ЖАРКО
ЖАРОСЛАВ
ЖАСМИН
ЖЕКО
ЖЕЛГЪЗКО
ЖЕЛЕЗ
ЖЕЛЕЗИН
ЖЕЛЕЗЧО
ЖЕЛКО
ЖЕЛЬО
ЖЕЛЮ
ЖЕЛЯЗ
ЖЕЛЯЗКО
ЖЕЛЯН
ЖЕРАР
ЖЕРМИНАЛ
ЖЕСЛАВ
ЖЕЧКО
ЖЕЧО
ЖИВЕН
ЖИВКО
ЖИВО
ЖИВОДАН
ЖИВОДАР
ЖИВОМИР
ЖИЗЕЛ
ЖИРАР
ЖИТИЯН
ЖИТОМИР
ЖМУНЦ
ЖОАН
ЖОЗЕМИР
ЖОЗЕФ
ЖОНАТАН
ЖОРЕС
ЖОРЖАН
ЖОРЖИ
ЖОРИ
ЖОРО
ЖОСИЯН
ЖУЛИАН
ЖУЛИЕН
ЖУЛИЕТ
ЖУЛИЯН
ЖУЛЬО
ЗАВАРИН
ЗАВЕН
ЗАМФИР
ЗАНГО
ЗАНКО
ЗАПРИН
ЗАПРЯН
ЗАРКО
ЗАФЕР
ЗАФИР
ЗАХАР
ЗАХАРИ
ЗАХАРИН
ЗАХО
ЗВЕЗДАН
ЗВЕЗДЕЛЮБ
ЗВЕЗДИН
ЗВЕЗДИСЛАВ
ЗВЕЗДИЯН
ЗВЕЗДОЛЕТ
ЗВЕЗДОМИР
ЗГУРА
ЗДРАВЕЛИН
ЗДРАВЕЦ
ЗДРАВКО
ЗДРАВОМИР
ЗДРАВЧО
ЗЕНГИН
ЗИКА
ЗИНКО
ЗИНОВИ
ЗЛАТАН
ЗЛАТИ
ЗЛАТИЛ
ЗЛАТИМИР
ЗЛАТИН
ЗЛАТИЯН
ЗЛАТКО
ЗЛАТОГОР
ЗЛАТОЗАР
ЗЛАТОМИР
ЗЛАТОСЛАВ
ЗЛАТОЦВЕТ
ЗЛАТЬО
ЗОЛТАН
ЗОРАН
ЗОРДАН
ЗОРИНА
ЗОРО
ЗЪРЛАТАН
ЗЮМБЮЛ
ИБРАХИМ
ИВ
ИВА
ИВАИЛ
ИВАЙЛА
ИВАЙЛО
ИВАЛИН
ИВАН
ИВАН-АДАЛБЕРТ
ИВАН-АЛЕКСАНДЪР
ИВАН-АСЕН
ИВАН-КАЛОЯН
ИВАН-МАРТИН
ИВАНИЛ
ИВАНИН
ИВАНКО
ИВАНЧО
ИВАЦ
ИВЕ
ИВЕЛ
ИВЕЛИН
ИВИЦА
ИВИЯН
ИВКАТА
ИВО
ИВОМИР
ИГНАСИЙ
ИГНАТ
ИГНАТИЙ
ИГОР
ИГРИЛ
ИДА
ИДЕАЛ
ИЗЕТ
ИЗОГРАФИЛ
ИКАР
ИКО
ИЛАРИОН
ИЛЕНИЯ
ИЛЕОМИР
ИЛИАН
ИЛИЙКО
ИЛИЙЧО
ИЛИН
ИЛИОМАР
ИЛИЧ
ИЛИЯ
ИЛИЯН
ИЛКО
ИЛЧО
ИМИЛИАН
ИНГЕМУНД
ИНКО
ИНОКЕНТИЙ
ИНЧО
ИПОЛИТ
ИРИАН
ИРИНЕЙ
ИРИНЕУС
ИРИЯН
ИРКО
ИРМА
ИРНИК
ИСАЙА
ИСАК
ИСИДОР
ИСКРЕН
ИСКЪР
ИСПЕРИХ
ИСТАН
ИСТАТКО
ИСТИЛЯН
ИСУС
ИТАН
ИТКО
ИХТИАНДЪР
ИЦО
ИЧО
ЙЕНО
ЙЕРЕМИЯ
ЙОАН
ЙОАН-АЛЕКСАНДЪР
ЙОАН-ИВО
ЙОВ
ЙОВАН
ЙОВИЦА
ЙОВКО
ЙОВО
ЙОВРО
ЙОВЦО
ЙОВЧО
ЙОЖИ
ЙОИЛ
ЙОЛАНД
ЙОЛИЯН
ЙОЛКО
ЙОЛО
ЙОНИ
ЙОНИСЛАВ
ЙОНИТА
ЙОНКО
ЙОНО
ЙОНЧО
ЙОРГО
ЙОРДАН
ЙОРИ
ЙОСИВ
ЙОСИФ
ЙОТИСЛАВ
ЙОТКО
ЙОТО
ЙОХАН
ЙОЦО
ЙОШКО
ЙОШО
КАБИЛ
КАБРИОЛЕТ
КАДАВРИ
КАЗИМИР
КАЙРЯК
КАЛИН
КАЛИСТРАТ
КАЛИЯН
КАЛОРЕКС
КАЛОФЕР
КАЛОЯН
КАЛОЯН-ПРЕСЛАВ
КАЛУДИ
КАЛЧО
КАЛЬО
КАЛЮ
КАМЕЛИ
КАМЕЛИЯН
КАМЕН
КАМИЛ
КАНАРЧЕ
КАНДО
КАНТ
КАНТОНЕР
КАНЮ
КАПЕЛАН
КАРАМАН
КАРАМФИЛ
КАРДАМ
КАРДАН
КАРЕЛ
КАРЕН
КАРИМ
КАРИН
КАРЛО
КАРМЕН
КАРОЛИН
КАРЧО
КАСАНДЪР
КАТАКОМБ
КАТАЛИНКА
КАТЕРИН
КЕВИН
КЕВОРК
КЕРИ
КИБЕР
КИМБА
КИМБО
КИМО
КИМОН
КИМЧО
КИН
КИНКА
КИНТА
КИПРИСЛАВ
КИПРИЯН
КИРИЕН
КИРИЛ
КИРКО
КИРЧО
КИРЯК
КИРЯКИ
КИРЯКО
КИС
КИТ
КИТО
КИТОДАР
КИТОМИР
КЛЕАНТИН
КЛИМ
КЛИМЕНТ
КНУТ
КОЗМА
КОЙНО
КОЙО
КОЙЧО
КОКО
КОЛЕ
КОЛОНИНА
КОЛЧО
КОЛЬО
КОЛЮ
КОМНИН
КОНДА (КОНДОВ)
КОНДЬО
КОНО
КОНСТАНТИН
КОНСТАНТИН-КИРИЛ
КОНСТАНТИН-КРИСТИАН
КОНУР
КОРЛЕВ
КОСТА
КОСТАДИН
КОСТАДИНА
КОСТАНТИН
КОСЬО
КОСЮ
КОТОРАН
КОТЮ
КОЦИ
КОЦИЛКО
КОЦО
КОЧО
КРАГИЛА
КРАЙО
КРАКАМИР
КРАЛИ
КРАЛЬО
КРАНАТИН
КРАСЕН
КРАСИМИР
КРАСИСЛАВ
КРАСНОДАР
КРАСНОМИР
КРАЧУН
КРАЮ
КРЕМЕН
КРЕОЛ
КРИГЕР
КРИНС
КРИС
КРИСПИН
КРИСТАЛИН
КРИСТИАН
КРИСТИБЕЛА
КРИСТИН
КРИСТИСЛАВ
КРИСТИЯН
КРИСТОФОР
КРИСТЯН
КРИТКО
КРУМ
КРУТИ
КРЪСТАН
КРЪСТИАН
КРЪСТИЛ
КРЪСТИН
КРЪСТИЯН
КРЪСТО
КРЪСТОМИР
КРЪСТЬО
КРЪСТЮ
КУБЕР
КУБРАТ
КУЗМА
КУЗМАН
КУЗО
КУЙО
КУМАН
КУМБА
КУНИ
КУНЧО
КУНЬО
КУНЮ
КУПЕН
КУПРИЯН
КУРП
КУРТИ
КУРТЬО
КУТО
КУЧО
КЪДРИН
КЪЛИ
КЪНЧАА
КЪНЧО
КЪТИ
КЪЦИ
КЪЦО
КЬНИ
ЛАВРЕН
ЛАДИСЛАВ
ЛАЗАР
ЛАЗАРИН
ЛАЗЕ
ЛАЗКО
ЛАЗО
ЛАКО
ЛАЛКО
ЛАЛО
ЛАЛЬО
ЛАМБИ
ЛАМБО
ЛАМБРИ
ЛАМБЮ
ЛАНСЕЛОТ
ЛАСКАЛ
ЛАСКАР
ЛАСТЪР
ЛАТИН
ЛАТКО
ЛАТЬО
ЛАТЮ
ЛАШКО
ЛЕА-МАРИЯ
ЛЕАНДЪР
ЛЕВ
ЛЕВЕНТ
ЛЕВЧО
ЛЕКО
ЛЕНИН
ЛЕНКО
ЛЕОН
ЛЕОНАРДО
ЛЕОНИД
ЛЕСЕ
ЛЕФТЕР
ЛЕЧО
ЛИЛКО
ЛИЛО
ЛИЛЧО
ЛИЛЯН
ЛИМОН
ЛИМОНЧО
ЛИПЕ
ЛИХИЯ
ЛИЧО
ЛОВЧО
ЛОЗАН
ЛОЗАНА
ЛОЗЕН
ЛОРА-СОФИЯ
ЛОРАНС
ЛОРЕНЦО
ЛУКА
ЛУКАН
ЛУКО
ЛУЛИ
ЛУЛЧО
ЛУСИО
ЛУСИЯ
ЛУЦИАН
ЛЪВ
ЛЪЧЕЗАР
ЛЬОТИ
ЛЮБАШ
ЛЮБЕН
ЛЮБИМ
ЛЮБИМА
ЛЮБИМО
ЛЮБИН
ЛЮБМИЛ
ЛЮБОДРАГ
ЛЮБОМИР
ЛЮБОСВЕТ
ЛЮБОСЛАВ
ЛЮДМИЛ
ЛЮДОЕБ
ЛЮЛИН
ЛЮСИЕН
ЛЮСИЯН
ЛЮСЬКА
ЛЮЦКАН
МАВРОДИ
МАВРОДИЯ
МАГ
МАГДАЛЕН
МАГДАЛИНА
МАГДАЛИЯН
МАГИЧ
МАГЪРДИЧ
МАЗЕН
МАЙЕР
МАКАРИЙ
МАКЛАРЪН
МАКС
МАКСИМ
МАКСИМИЛИЯН
МАКСИМИЛЯН
МАЛАМ
МАЛАМИР
МАЛЕН
МАЛЕНКО
МАЛИК
МАЛИН
МАЛОМИР
МАЛЧО
МАНДОЛИНА
МАНОЕЛ
МАНОЛ
МАНОЛИН
МАНОЛО
МАНТАС
МАНУИЛ
МАНУШ
МАНЧЕСТЪР ЮНАЙТЕД
МАНЧО
МАНЬО
МАНЮ
МАРАНГОНИ
МАРГАРИН
МАРГАРИТ
МАРЕК
МАРИАН
МАРИЙ
МАРИН
МАРИНЕЛ
МАРИНЧО
МАРИО
МАРИОЛЛИТА
МАРИОЧКА
МАРИТНА
МАРИЯН
МАРК
МАРК-АНТОНИЙ
МАРКО
МАРКУС
МАРТЕН
МАРТИН
МАРТИНИЯН
МАРТО
МАРУШ
МАРЧЕЛО
МАСЛИНА
МАТЕЙ
МАТЬО
МАТЮ
МАХНО
МАШО
МЕДИАН
МЕНКО
МЕНО
МЕРИЛИН
МЕСАК
МЕТАКСА
МЕТОДИ
МЕТОДИ-ТОМИ
МЕТОДИЙ
МЕЧО
МИДОЛ
МИКАЕЛ
МИКЛУХО
МИКО
МИКРОСЛАВ
МИЛАБЕЛА
МИЛАВАН
МИЛАДИН
МИЛАН
МИЛЕ
МИЛЕН
МИЛЕСЛАВ
МИЛЕТИ
МИЛИН
МИЛИНКА
МИЛКО
МИЛО
МИЛОДАР
МИЛОДРАГ
МИЛОЙКА
МИЛОКЯ
МИЛОМИР
МИЛОР
МИЛОСЛАВ
МИЛОСЛАВА
МИЛОТИН
МИЛОШ
МИЛТИАДИ
МИЛТИЯДИ
МИЛУШ
МИЛЧО
МИЛЬО
МИНДО
МИНКО
МИНЧО
МИНЬО
МИОДРАГ
МИР
МИРКО
МИРО
МИРОЛЮБ
МИРОН
МИРОСВЕТ
МИРОСЛАВ
МИРЧО
МИТ
МИТА
МИТКО
МИТО
МИТРАН
МИТРОФАН
МИТРЬО
МИТЪР
МИТЬО
МИТЮ
МИХАИЛ
МИХАЛ
МИХАЛА
МИХАЛАКИ
МИХО
МИХТАР
МИЧО
МИШКО
МИШО
МЛАДЕЛИН
МЛАДЕН
МОДЕСТИ
МОЛИ
МОМО
МОМЧИЛ
МОНЧО
МОНЬО
МОНЮ
МОРГАН
МОРЕН
МОРУН
МОСКО
МОЮ
МОЯН
МРАМОР
МСКАИДС
МУНЧО
МУНЬО
МУНЮ
МУРАВЕЙ
МУСТАФА
МУШО
МЪЙНО
МЪСТЪК
МЮМЮН
НАДАЛИН
НАДАРИН
НАДЕЖДА
НАДИЯН
НАДО
НАЖИ
НАЙДЕН
НАЙО
НАЙЧО
НАКЕ
НАКО
НАНКО
НАНКОВ
НАНО
НАНСИМИР
НАНЧО
НАНЮ
НАРЦИСЛАВ
НАСКО
НАСТИМИР
НАСТРАДИН
НАТАНАИЛ
НАТИ
НАТКО
НАУМ
НАФИСАТ
НАФТАЛИ
НАЦКО
НАЦО
НАЧИЯН
НАЧКО
НАЧО
НЕВЕЛИН
НЕВЕН
НЕВЕНКО
НЕВИЛИЯН
НЕВЯН
НЕГОСЛАВ
НЕДЕЛИН
НЕДЕЛЧО
НЕДИСЛАВ
НЕДКО
НЕДОЛЮБ
НЕДЬО
НЕДЮ
НЕДЯЛКО
НЕЙКО
НЕЙЧО
НЕЛКО
НЕЛЧО
НЕНЕ
НЕНКО
НЕНО
НЕНСИСЛАВ
НЕНЧО
НЕОКЛИ
НЕРЕС
НЕСТИМИР
НЕСТИСЛАВ
НЕСТОР
НЕТКО
НЕЦКО
НЕЧКО
НЕЧО
НЕШКО
НЕШО
НЕЩЯЛКО
НЕЩЯН
НИВЕЛ
НИВЕЛИН
НИДЕЛИН
НИКИ
НИКИФОР
НИКИХОР
НИКИЯН
НИКО
НИКОДИМ
НИКОЛА
НИКОЛАЙ
НИКОЛАС
НИКОЛИН
НИКОЛЧО
НИКОПОЛУС
НИКОСЛАВ
НИКОТИАНА
НИКОТИН
НИКУЛА
НИКЪЛЪС
НИНИ
НИНКО
НИНО
НИНОСЛАВ
НИНУШ
НИСТОР
НИТ
НИЧО
НОВАК
НОВИЦА
НОЙО
НОКТИЯДОСЛАВ
НОНКО
НООБ
НУРИ
НЯГОСЛАВ
НЯГУЛ
НЯГЪЛ
ОБРЕТЕН
ОБРЕТИМ
ОВАНЕС
ОГИН
ОГНЕМИР
ОГНЕН
ОГНЯН
ОКЕАН
ОЛЕГ
ОЛЕК
ОЛИМПИ
ОМАР
ОМУРТАГ
ОНИК
ОНУФРИ
ОНЧО
ОРЕЛ
ОРЛИН
ОРТОДОКСИ
ОРФЕЙ
ОРХИДЕЙ
ОРЦЕ
ОСКАР
ОХАНЕС
ПАВЕЛ
ПАВЕЛИН
ПАВИЛ
ПАВКО
ПАВЛИК
ПАВЛИН
ПАВЛИНЧО
ПАВЛОМИР
ПАИСИЙ
ПАКО
ПАЛМИ
ПАЛМИРО
ПАНАВРИ
ПАНАЙ
ПАНАЙОТ
ПАНДЕ
ПАНДЕЛИС
ПАНЕ
ПАНКРТИЙЯН
ПАНО
ПАНТАЛЕЙ
ПАНТЕЛЕЙ
ПАНТЕР
ПАНТО
ПАНТЮ
ПАНЧО
ПАОЛИНА
ПАРАСКЕВ
ПАРАХОД
ПАРАШКЕВ
ПАРАШКЕВАН
ПАРУШ
ПАСКАЛ
ПАСКО
ПАСПАНАХИЛ
ПАТО
ПАТРИК
ПАТЬО
ПАУЛИН
ПАУН
ПАЦО
ПАЧО
ПАШО
ПЕЙКО
ПЕЙО
ПЕЙОДОН
ПЕЙТАН
ПЕЙЧИН
ПЕЙЧО
ПЕКО
ПЕЛАЙ
ПЕЛЕ
ПЕНЕ
ПЕНКО
ПЕНЧИН
ПЕНЧО
ПЕНЬО
ПЕНЮ
ПЕО
ПЕПИНО
ПЕПИСЛАВ
ПЕПО
ПЕПОНАКИ
ПЕРИКЪЛ
ПЕРСИАНА
ПЕРСИЯН
ПЕРЧО
ПЕТИКОНГРЕС
ПЕТКАН
ПЕТКО
ПЕТО
ПЕТРАКИ
ПЕТРАН
ПЕТРАНА
ПЕТРИНЕЛ
ПЕТРОЗАР
ПЕТРОМИЛ
ПЕТРОМИР
ПЕТРОСЕНЗОРНИЧЕВ
ПЕТРОСЛАВ
ПЕТРОСЯН
ПЕТЪР
ПЕТЪР-ЕМИЛ
ПЕТЪР-ЙОАН
ПЕТЬО
ПЕЦИ
ПЕЧО
ПЕШКО
ПЕЮ
ПИМЕН
ПИН
ПИПО
ПИРИН
ПИРЛО
ПИШЛИМАРКО
ПЛАМЕН
ПЛАНИМИР
ПЛЬОКНИМИР
ПОЛ
ПОЛИМЕН
ПОЛИМИР
ПОНЧО
ПОРДИМ
ПОРОЛИН
ПОРТОКАЛ
ПОТНИК
ПРАВДОЛЮБ
ПРАВДОМИЛ
ПРАВДОМИР
ПРАВОСЛАВ
ПРЕСИАН
ПРЕСИЯН
ПРЕСЛАВ
ПРЕСО
ПРИМО
ПРИНО
ПРОДАН
ПРОЙКО
ПРОЙНО
ПРОЙО
ПРОЙЧО
ПРОКОПИ
ПРОКОПИЙ
ПРОЛЕТСИН
ПРОШКО
ПРЪВЧО
ПРЬЦКО
ПСИХОМИР
ПУЛЬО
ПУШО
ПЪН
ПЪРВАН
ПЪРВОЛЕТ
ПЪРО
ПЪЦКО
РАГНАР
РАД
РАДАЛИЯ
РАДАН
РАДИ
РАДИК
РАДИЛ
РАДИМИР
РАДИН
РАДИОН
РАДКО
РАДМИЛ
РАДНЮ
РАДО
РАДОВЕЙ
РАДОИЛ
РАДОЙ
РАДОМИЛ
РАДОМИР
РАДОСВЕТ
РАДОСЛАВ
РАДОСТ-СЛАВА
РАДОСТИН
РАДУЛ
РАДУЛОНА
РАДУШ
РАЗВИГОР
РАЗУМ
РАЗЦВЕТ
РАЙКО
РАЙНО
РАЙО
РАЙЧИН
РАЙЧО
РАЛЕ
РАЛИН
РАЛИЦА-БЕЛЛА
РАЛЧО
РАМИ
РАНГЕЛ
РАНГЕЛ-ЛЮБИМИ
РАНДЮ
РАНЧО
РАСАТЕ
РАТОСЛАВ
РАФАИЛ
РАЧКО
РАЧО
РАШКО
РАШО
РАЮ
РАЯН
РЕАН
РЕМ
РИКАРДО
РИНАЛДО
РИС
РИСТЯ
РИЧАРД
РИЧЕРД
РОБЕРТ
РОБЕРТО
РОБИН
РОБЪРТ
РОГЕЛИН
РОГЕЛИНА
РОГЕНА
РОДАН
РОДИОН
РОЗАЛИН
РОЗИН
РОЗОЦВЕТ
РОЙО
РОКСАН
РОМАН
РОМЕЛ
РОМЕЛИНА
РОМЕН
РОМЕО
РОМИЛ
РОМУЛ
РОСЕН
РОСЕНКА
РОСИМИР
РОСИЦВЕТ
РОСКА
РОСКО
РОСТИАНА
РОСТИМИР
РОСТИСЛАВ
РОЮ
РУБЕН
РУБИН
РУБРЯН
РУДЕНКО
РУЖДИ
РУЖКО
РУМЕН
РУМЕНИГЕ
РУМИЛ
РУМЦАЙС
РУПЕН
РУСАН
РУСИ
РУСИН
РУСИСЛАВ
РУСИЯНА
РУСКО
РУСЛАН
РУСОНЕРА
РУСТИСЛАВ
РУШЕН
РУШИ
РЪБЕН
САВА
САВЕ
САВИ
САВИН
САВО
САВЧО
САЛАМБОЙ
САМЕР
САМИ
САМУИЛ
САНДЕ
САНДО
САНДРО
САНДЬО
САНДЮ
САНИ
САНТИПА
САСО
САШКО
САШО
СВАТОМИР
СВЕЖЕН
СВЕТКО
СВЕТЛАН
СВЕТЛЕНА
СВЕТЛИ
СВЕТЛИН
СВЕТЛОЗАР
СВЕТЛОМИР
СВЕТЛЮ
СВЕТОЗАР
СВЕТОСЛАВ
СВЕТОСЛАВ-ГЕОРГИ
СВИЛЕН
СЕБАСТИАН
СЕБАХТИН
СЕВАН
СЕВАР
СЕВАСТИН
СЕВДАЛИН
СЕВДАН
СЕВЕЛИН
СЕВЕРИН
СЕДЕВЧО
СЕДЕФ
СЕДЕФЧО
СЕЛЕН
СЕЛЕНА
СЕНКО
СЕРАФИМ
СЕРГЕЙ
СЕСЛАВ
СИВИ
СИВКО
СИДЕР
СИДОНИЯ
СИДОР
СИЕН
СИЛАГИ
СИЛАН
СИЛВЕСТЪР
СИЛВИО
СИЛВИЯН
СИЛЕН
СИЛЯН
СИМЕОН
СИМО
СИРМАН
СИФОНЯ
СКОРБУТ
СЛАВ
СЛАВДО
СЛАВЕ
СЛАВЕЙ
СЛАВЕЙКО
СЛАВЕН
СЛАВИ
СЛАВИЛ
СЛАВИН
СЛАВКО
СЛАВОЛЮБ
СЛАВОМИР
СЛАВОТИН
СЛАВЧО
СЛАВЯН
СЛАДУН
СЛАП
СЛЕВИН
СЛОВОМИР
СЛЪНЧО
СМАРАГДИ
СМИЛЕН
СМИЛЕЦ
СМИЛКО
СМИЛЯН
СНЕЖАН
СНЕЖИН
СОКОЛ
СОТИР
СПАДУН
СПАРТАК
СПАС
СПАСЕН
СПАСИМИР
СПАСИЯН
СПИЛКО
СПИРИДОН
СПИРО
СРЕБРИН
СРЕБРО
СРЕБРЬО
СРЕБРЮ
СРЕТЕН
СТАВРИ
СТАВРО
СТАЙКО
СТАЛИН
СТАЛМИР
СТАМАТ
СТАМБОЛИН
СТАМЕН
СТАН
СТАНАЧКО
СТАНИЛ
СТАНИМИР
СТАНИСЛАВ
СТАНИСЛАС
СТАНИЦВЕТ
СТАНКЕ
СТАНКО
СТАНКУЛ
СТАНОЙ
СТАНОЯ
СТАНЧО
СТАНЬО
СТАНЮ
СТАТИ
СТАТУЛ
СТАФЕТКО
СТЕЛИАН
СТЕЛИЯН
СТЕЛОМИР
СТЕЛЯН
СТЕНЛИ
СТЕФАН
СТЕФКО
СТИЙКО
СТИЛИАН
СТИЛИЯН
СТОИЛ
СТОИЛКО
СТОИМЕН
СТОИМИР
СТОИЧКО
СТОЙКО
СТОЙНЕ
СТОЙНО
СТОЙО
СТОЙЧО
СТОЛИНА
СТОЛИПЕН
СТОМАН
СТОМАТОЛОГ
СТОНОГ
СТОЮ
СТОЯДИН
СТОЯН
СТОЯН-НИКОЛАЙ
СТОЯНИСЛАВ
СТОЯНЧО
СТОЯТЕЛ
СТРАТИ
СТРАТИЯ
СТРАХИЛ
СТРАХОМИР
СТРАЦИМИР
СТРАШИМИР
СТРЕЗО
СТЪКО
СУЛЬО
СЪБИ
СЪБИЛЯН
СЪБИМИР
СЪБИН
СЪБО
СЪБОТИН
СЪБЧО
СЪВЕСТИН
СЪЙКО
СЪНИ
СЪНЮ
СЪРДЕЧКО
СЪЧКО
СЯРО
ТАКО
ТАЛЬО
ТАМАЛАЙ
ТАНАС
ТАНЕ
ТАНКО
ТАНО
ТАНЧО
ТАНЬО
ТАРАПОНТИ
ТАРЕЛКО
ТАРЗАН
ТАРЛАПУТНЯК
ТАСИМ
ТАСКО
ТАФО
ТАЧО
ТАШКО
ТАШО
ТЕДИСЛАВ
ТЕЗЕЙ
ТЕЛЕРИГ
ТЕМЕЛАКИ
ТЕМЕЛКО
ТЕМЕНУГ
ТЕНИСЛАВ
ТЕНКО
ТЕНЧО
ТЕНЬО
ТЕО
ТЕОДОР
ТЕОДОРИН
ТЕОДОСИ
ТЕОДОСИЙ
ТЕОДОСЛАВ
ТЕОДОСТИН
ТЕОФАН
ТЕОФИЛ
ТЕОХАР
ТЕРВЕЛ
ТИГРОНИ
ТИЛО
ТИЛЬО
ТИМО
ТИМОН
ТИМОТЕЙ
ТИМЧО
ТИНКО
ТИНО
ТИНЧО
ТИХО
ТИХОЛ
ТИХОМИР
ТИХОН
ТИХОСЛАВ
ТИШО
ТОДЕ
ТОДОМИРКА
ТОДОР
ТОДОРАКИ
ТОДОРИН
ТОДОРИНА
ТОКИМИР
ТОЛЕК
ТОЛЮ
ТОМА
ТОМАС
ТОМЕН
ТОМИ
ТОМИНКА
ТОМИСЛАВ
ТОМО
ТОНЕ
ТОНИ
ТОНИМИР
ТОНИСЛАВ
ТОНКО
ТОНЧО
ТОНЬО
ТОПАЛКО
ТОПОЛКО
ТОТКО
ТОТЬО
ТОТЮ
ТОЦО
ТОШКО
ТОШО
ТРАЙКО
ТРАЙЧО
ТРАНДАФОР
ТРАНУЛИ
ТРАЯН
ТРЕНДАФ
ТРЕНДАФИЛ
ТРИФОН
ТРОШАН
ТРОШО
ТРОЯН
ТРУД
ТРЪНДЬО
ТРЪПКО
ТУДОР
ТУНДЕРТОР
ТУПАДИН
ТУФЧО
ТЯНА
ТЯНКО
УАЛИД
УВЕ
УГРИН
УДРЕН
УЗУМ
УЗУН
УИНС
УМА
УНГУМ
УНУФРИ
УНЧО
УРЖУМ
УРМАН
УРЮК
УСО
УТИ
ФАБИАНА
ФАЗАН
ФАКЛА
ФАТИК
ФАТИМА
ФАЧО
ФЕБ
ФЕДИ
ФЕДЯ
ФЕЛИКС
ФЕОДОР
ФЕРАРИО
ФЕРГО
ФЕРДИНАНД
ФИДАН
ФИДЕЛ
ФИЙЧО
ФИЛАТЕЙ
ФИЛИ
ФИЛИДАН
ФИЛИМОН
ФИЛИОН
ФИЛИП
ФИЛИПАС
ФИЛИПОПОЛ
ФИЛКО
ФИЛОМИР
ФИЛЧО
ФИЛЬО
ФИНДО
ФИНДОЛ
ФИРО
ФИРЧО
ФИЧО
ФЛОРИ
ФЛОРИАН
ФЛОРИН
ФЛОРО
ФОРИ
ФОСИЛ
ФОТИН
ФРАНК
ФРАНЦ
ФРАНЦИСЛАВ
ФРАЦИЛ
ФРЕДИ
ФРОДО
ФУГО
ФУКО
ФЪСТЪК
ФЪТЬО
ФЬОДОР
ХАВТЕЛИН
ХАНКО
ХАРАЛАМБИ
ХАРАЛАМПИ
ХАРАЛАН
ХАРБИНГЪР
ХАРИ
ХАРИЗАН
ХАРИТИИ
ХАРИТОН
ХАСАН
ХАСАТИН
ХАЧО
ХВОЙНЕ
ХЕБЪР
ХЕКТОР
ХЕРАКЛИТ
ХЕРНАНИ
ХЕРОДОТ
ХЕФЕСТИОН
ХИМИНАЙ
ХИНКО
ХИНО
ХИТКО
ХОРОЗ
ХРАБРИН
ХРАБЪР
ХРАНИМИР
ХРАНКО
ХРЕЛКО
ХРЕЛЬО
ХРИСИМ
ХРИСИМИР
ХРИСО
ХРИСТАЛИН
ХРИСТИВИЛИН
ХРИСТИЕЛА
ХРИСТИЛИАН
ХРИСТИЛИН
ХРИСТИЯН
ХРИСТО
ХРИСТО-НИКОЛА
ХРИСТОДОР
ХРИСТОЗАР
ХРИСТОЗОРНИЦИАН
ХРИСТОЗОРНИЦОМИЛ
ХРИСТОМИЛ
ХРИСТОМИР
ХРИСТОСКО
ХРИСТОСЛАВ
ХРИСТОФОР
ХРИСЧО
ХРОНДЕЛ
ХРУСАН
ХУБАВ
ХУБАВЕН
ХУБАН
ХУБЕН
ХЪРСО
ЦАКО
ЦАЛКО
ЦАНА
ЦАНИ
ЦАНИЗАР
ЦАНИМИР
ЦАНИСЛАВ
ЦАНКО
ЦАНО
ЦАНЮ
ЦАРИМИР
ЦАЧО
ЦВЕТАЙ
ЦВЕТАЛИН
ЦВЕТАЛИНА
ЦВЕТАН
ЦВЕТЕЛИН
ЦВЕТЕМИР
ЦВЕТИ
ЦВЕТИЛ
ЦВЕТИЛЕН
ЦВЕТИН
ЦВЕТИЯН
ЦВЕТКО
ЦВЕТЛИН
ЦВЕТОЗАР
ЦВЕТОЛЮБ
ЦВЕТОМИЛ
ЦВЕТОМИЛКА
ЦВЕТОМИР
ЦВЕТОСЛАВ
ЦВРЪЦЛЮ
ЦВЯТКО
ЦЕЗАР
ЦЕКО
ЦЕЛОФАН
ЦЕНИ
ЦЕНИСЛАВ
ЦЕНКО
ЦЕНО
ЦЕЦКО
ЦЕЦОМИР
ЦИКУЛИН
ЦИЛО
ЦИЛЬО
ЦОКО
ЦОЛО
ЦОНА
ЦОНЕ
ЦОНИ
ЦОНКО
ЦОНЬО
ЦОНЮ
ЦОЦО
ЦОЧО
ЦЪКИ
ЧАВДАР
ЧАНКЕТЕ
ЧАНКО
ЧАНО
ЧАНЬО
ЧАНЮ
ЧАРДАФОН
ЧАРОДЕЙ
ЧАУШ
ЧАЧО
ЧВОР
ЧЕДОМИР
ЧЕНКО
ЧЕНЮ
ЧЕПО
ЧЕРНОБИЛ
ЧЕРНОРИЗЕЦ
ЧЕРНЬО
ЧИЙО
ЧИКО
ЧИЛО
ЧОНАР
ЧОНИ
ЧОНО
ЧОНЮ
ЧОРА
ЧОЧО
ЧОЧОМИР
ЧУБРИК
ЧУДЕ
ЧУДО
ЧУДОМИР
ЧУДОСЛАВ
ЧУК
ШАБАН
ШАМО
ШАНКО
ШАНОУ
ШАРО
ШЕЙНА
ШЕКИ
ШЕНКО
ШЕНОЛ
ШИБИЛ
ШИДЕР
ШИЛЬО
ШИНКО
ШИНО
ШИПЧАН
ШИРКО
ШИШМАН
ШКОДРИ
ШМИЛЬО
ШМУЛЮ
ШПИЛКО
ШПИНЬО
ШУШО
ЩЕДРИН
ЩЕДЮ
ЩЕКИ
ЩЕНО
ЩЕНЮ
ЩЕРИОН
ЩЕРИЯН
ЩЕРКО
ЩЕРО
ЩЕРЬО
ЩЕРЮ
ЩИЛИЯН
ЩИЛЯН
ЩИРЯН
ЩОНО
ЩТЪРБАН
ЩТЪРКАН
ЩУРК
ЩУРЧО
ЩЪРБАН
ЩЪРКАН
ЪГЛЕН
ЪЛЕН
ЪРНЕСТ
ЪРУИН
ЪРЧО
ЬОБИРДАР
ЮГИ
ЮЛИ
ЮЛИАН
ЮЛИЙ
ЮЛИЯН
ЮРДАН
ЮРИ
ЮРИЙ
ЮСТИН
ЮСТИНИАН
ЯБЛЕН
ЯВИСЛАВ
ЯВЛЕН
ЯВОР
ЯГО
ЯГОДИН
ЯЗО
ЯКИМ
ЯКО
ЯКОБ
ЯКОВ
ЯКОСЛАВ
ЯМБОЛЕН
ЯН
ЯНАДИН
ЯНАКИ
ЯНАКИН
ЯНАЧКО
ЯНЕ
ЯНЕГ
ЯНЕДИН
ЯНЕК
ЯНЕСЛАВ
ЯНИ
ЯНИЕЛ
ЯНИК
ЯНИМИР
ЯНИС
ЯНИСЛАВ
ЯНИЧКО
ЯНКО
ЯНКУЛ
ЯНКУП
ЯНО
ЯНОМИЛ
ЯНТАР
ЯНУШ
ЯНЦИСЛАВ
ЯНЧЕ
ЯНЧО
ЯРНО
ЯРОМИР
ЯРОСЛАВ
ЯРЦЕ
ЯРЧО
ЯРЪМ
ЯРЮ
ЯСЕН
ЯСЕР
ЯСТРЕБ
ЯТАН
ЯЦО
ЯЧКО
ЯЧО
ЯШАР
ЯШКА
ЯШО
ЯШОН