2 лице
2-лица
анормален
премахнат
отвратителен
отвратително
ненавиждам
мерзост
осуетявам
недоносен
абортира
полирам
абразив
рязък
рязко
изчезвам
отсъствие
разсеян
отсъствуващ
абсурд
абсурд
глупаво
absurdness
злоупотреба
злоупотребява
злоупотреби
обиден
бездънен
бездънно
бездна
случаен
обръщам се към
проклет
обвинение
обвинения
обвинявам
обвинява
обвинявайки
обвинително
озлобен
язвителен
язвително
болка
болеше
болки
achey
болки
парлив
acridly
acridness
язвителен
acrimoniously
ожесточение
непреклонен
непреклонно
наркоман
пристрастен
завладяваща
наркомани
поучавам
admonisher
admonishingly
увещаване
предупреждение
фалшифицирам
фалшифициран
подправяне
adulterier
състезателна
противник
вреден
бедствие
измъчвам
скръб
мъчителен
обида
уплашен
отежнявам
утежняващо
влошаване
агресия
агресивен
агресивност
агресор
огорчавам
огорчен
aggrivation
втрещен
агонии
мъча
мъчителен
агонизиращо
агония
заседнал
тревожа
болнав
неразположение
безсмислен
аларма
разтревожен
тревожен
тревожно
отчужди
отчужден
отчуждение
твърдение
твърдения
твърдя
алергичен
алергии
алергия
сдържан
кавга
неяснота
двусмислен
двойственост на отношение
противоречив
засада
не както трябва
отрязвам
анархизъм
анархист
анархистично
анархия
анемичен
гняв
гневно
angriness
ядосан
силна болка
враждебност
унищожи
унищожаване
дразня
раздразнение
досада
раздразнен
досаден
дразнещо
като безпокои
аномален
аномалия
антагонизъм
антагонист
антагонистичен
антагонизира
анти-
антиамерикански
антиизраелски
анти-окупация
анти-пролиферация
антисемити
антисоциално
анти-ни
анти-бял
антипатия
остарял
противоположен
тревоги
безпокойство
неспокоен
тревожно
тревожност
апатичен
апатично
апатия
апокалипсис
апокалиптичен
застъпник
апологети
ужасявам
ужасявам
смутен
ужасен
ужасено
опасение
опасения
неспокоен
уплаха
своеволен
мистериозен
архаичен
труден
ревностно
заядлив
арогантност
арогантен
арогантно
засрамен
упорит
asininely
asinininity
подозрително
клеветя
клевета
клевети
емвам
наемен убиец
убивам
нападение
Assult
заблуден
на парчета
брутален
зверства
зверство
атрофия
атака
нападки
дързък
дръзко
audaciousness
дързост
audiciously
аскетичен
авторитарен
автократ
самодържавен
лавина
алчност
скъпернически
алчно
отмъщавам
неохотен
антипатия
aweful
ужасен
ужасно
ужаса
непохватен
неловкост
брадва
брътвеж
резервно влезли
обратно-дърво
Back-гори
болки в кръста
болки в гърба
backaching
клеветнича
злословене
назад
назадничавост
backwood
горски пущинаци
лошо
зле
преграда
объркан
объркване
загадъчен
стръв
сепвам
банален
банализирам
отрова
пропъждам
изгнание
фалирал
варварин
варварски
варварски
варварство
варварски
варварски
безплодна
необоснован
тряскам
разбит
срамежлив
Размазващо
копеле
копелета
очукан
стенобойна
чалнат
мечешки
зверски
лудница
луд
замърсявам
помолвам
просяк
оскъден
просия
измамвам
обиждам
закъснял
обкръжавам
опровергавам
омаловажавам
омаловажават
омаловажаване
войнствен
войнственост
воюваща страна
войнствено
оплаквам
оплаквайки
вглъбен
склонност
смъмрям
лишавам
тежка загуба
лишавам
обезумял
умолявам
сплита
обсипвам
опетнявам
жесток
издавам
предателство
предателства
предател
предателство
изневерява
окайвам
внимавай
обърквам
объркания
объркващо
bewilderingly
объркване
очаровам
отклонение
диагонален
пристрастия
блесвам
караниците
тръжна манипулация
bigotries
фанатизъм
кучка
злобен
остър
хапливо
горчив
горчиво
горчивина
странен
дрънкало
дрънкало
изнудване
глупости
вина
укорен
ироничен
подмамвам
богохулствувам
богохулнически
богохулство
взривен
крещящ
крещящо
говоря глупости
мрачен
мрачно
пустота
кървя
кървене
кърви
недостатък
сляп
ослепителен
ослепително
Blindside
мехур
мехури
подут
задръстване
тъпак
кръвопролитие
кръвожаден
кървав
на петна
удар
грешка
несръчен
гафове
тъп
размазване
bluring
замъглено
замъгляване
размазано
размазвания
избъбрям
който обича да се хвали
шикалкавя
фалшив
цирей
кипене
весел
бомба
бомбардирам
бомбардиране
надут
робство
щур
досадник
отегчен
скука
отвори
скучно е
кръпка
безпокоя
притеснявана
притеснява
притеснява
досаден
bowdlerize
бойкот
самохвален
bragger
безмозъчен
промиване на мозъка
прибързан
безразсъдно
brashness
келеме
перчене
меден
нагло
безсрамие
нарушение
почивка
разделям
разтурване
авария
скъсване
почивки
разделям
раздялата
подкупничество
сяра
четина
крехък
проби
счупен
с разбито сърце
потомство
сплашвам
натъртване
насинена
натъртвания
синини
безцеремонен
брутален
brutalizing
жестокости
бруталност
докарвам до оскотяване
brutalizing
брутално
звяр
скотски
BS
тока
буболечка
подслушване
бебешка количка
буболечки
обемисти
обемност
обемист
bulkyness
бик ****
бик ----
хулигани
глупости
bullshyt
побойник
тормоза
bullyingly
скитник
подутина
ударих
удрях
bumpping
подутини
неравен
неумело
некадърник
нескопосен
легло
тежест
обременителен
burdensomely
горя
изгорени
изгаряне
изгаряния
бюст
бюстове
на всяко гърне меродия
касапин
клане
бръмчене
византийски
кудкудякане
бедствия
бедствен
пагубно
бедствие
закоравял
клеветя
злословие
клевети
клеветнически
calumniously
клевета
рак
раков
канибал
изяжда
капитулирам
капризен
капризно
каприза
прекатурване
небрежен
нехайство
карикатура
сеч
шаран
анимационни
без пари
наказвам
кастрирани
жертва
катаклизъм
cataclysmal
катаклизъм
cataclysmically
катастрофа
катастрофи
катастрофален
катастрофално
катастрофи
каустик
язвително
предупредителен
пещера
порицание
ядосвам
плява
раздразнение
предизвикателен
хаос
хаотичен
наказвам
обуздавам
телесно наказание
бърборене
картечница
евтин
подценявам
евтино
измама
излъгани
измамник
изневерява
мами
кариран
мрачен
евтин
вия
детински
хлад
хладно
прекалено малко
дросел
холеричен
развълнуван
скучна работа
хроничен
нисък и набит
врява
шумен
конфликт
клише
изтъркано
клика
букаи
запушен
сабо
облак
замъгляване
мътен
невежи
тромав
несръчност
груб
самомнителен
заставям
принуда
принудителен
студ
студено
колапс
сключване на тайни споразумения
съглашателство
войнствен
самозапали
комичен
съчувствувам
банален
вълнение
вълнения
самодоволен
оплакват
оплакал
оплаквам се
се оплаква
оплакване
оплаквания
комплекс
сложен
усложнение
съучастник
принуждение
натрапчив
признавам
допусна
самонадеяност
надут
концен
concens
загриженост
обезпокоен
опасения
концесия
концесии
осъждам
осъдителни
осъждане
осъден
осъжда
унижавам
снизходително
покровителствено
снизхождение
признавам
изповед
самопризнания
ограничен
конфликт
конфликт
несъвместим
конфликти
обърквам
посрамиха
смущаващи
изправи срещу
конфронтация
конфликтен
обърквам
объркан
обърква
объркващ
объркване
обърквания
задръстен
конгестия
минуси
conscons
консервативен
очевиден
видно
конспирации
конспирация
конспиратор
заговорнически
конспирирам
смайване
заразен
замърсявам
заразен
замърсява
увреждащо
замърсяване
презрение
достоен за презрение
презрителен
презрително
споря
раздор
спорен
изкривявам
кривене
противоречат
противоречие
противоречив
любов към противоречието
противоречат
смогвам
скалъпен
спорен
полемика
заплетен
ръждясвам
корозия
корозии
корозивен
корумпиран
развален
корумпиране
корупция
корумпира
corruptted
-скъпо
скъп
контра-продуктивно
контрапродуктивно
coupists
алчен
страхливец
страхлив
кисел
цепнатина
напукан
пукнатини
хитро
craftly
хитър
схващане
тесен
спазми
ексцентричен
глупости
креп
игра на зарове
катастрофа
разби
катастрофи
трясък
тъп
страхлив
малодушно
мания
лудо
лудост
луд
скърцане
скърцане
скърцане
лековерен
пълзене
пълзящ
тръпки
зловещ
промъкнали
престъпление
престъпник
раболепнича
се сви
свива
инвалид
осакатен
сакатите
осакатяване
криза
критик
критичен
критика
критики
критикувам
критикувана
критикувайки
критиците
връзкарство
мошеник
изкривен
мошеници
пренаселено
crowdedness
суров
жесток
жесток
-жестоката
ужасно
cruelness
жестокости
жестокост
троша
разпадащата
кофти
мачкам
смачкан
смачква
любов
смачкан
смачкване
вик
престъпен
виновник
тромав
вагина
путки
cuplrit
проклятие
прокълнат
проклятия
рязък
ругатня
инат
убийствен
циничен
цинизъм
г * млн
щета
повреден
обезщетение
вредно
проклет
отвратителен
ужасно
проклятие
проклет
изобличаващ
заглушител
опасност
опасно
опасен
тъмен
помрачавам
затъмнена
тъмен
тъмнина
поразеник
подъл
обезсърчавам
обезсърчително
обезсърчаващо
шляя се
замайвам
замаян
мъртъв
безделник
застой
смъртоносен
инертна маса
глух
оскъдица
смърт
разгром
унижавам
унижение
debaser
спорен
развращава
debaucher
разврат
омаломощявам
инвалидизиращи
слабост
дълг
дългове
упадък
декадентски
гниене
разложен
измама
измамен
измамно
лъжливост
мами
измамник
измамници
лъжете
измама
измамен
измамно
протестирам
упадък
понижения
намаляващ
снижаване
немощен
немощ
омаловажавам
клевета
клевети
клеветнически
оклеветявам
дефект
дефектен
дефекти
отбранителен
предизвикателство
предизвикателен
предизвикателно
недостатъци
дефицит
недостатъчен
дефиле
осквернител
разкривявам
деформирани
мами
покоен
предизвиквам
дегенерат
degenerately
израждане
деградация
дегенерирам
унизителен
degradingly
дехуманизация
лишавам от човешки качества
благоволявам
обезкуражавам
мрачен
унило
униние
закъснение
отложен
забавяне
закъснения
престъпление
престъпник
несвързан
делир
заблуждавам
заблуден
потоп
илюзия
налудно
налудности
унижавам
унизителен
смърт
сривам
Demolisher
демон
дяволски
демонизира
демонизиран
демонизира
демонизиране
деморализирам
деморализиращо
demoralizingly
отричане
отказан
отрича
очерням
денонсира
плътен
вдлъбнатина
нащърбени
вдлъбнатини
денонсира
денонсиране
доноси
отричам
отричане
разрушават
плачевен
отчайващо
осъждам
осъждайки
deploringly
развалям
извратен
depravedly
неодобрявам
потискам
подтиснат
гнетящ
потискащо
депресия
депресии
отнемам
лишен
иронизирам
присмех
подигравателен
подигравателно
насмешливост
пренебрежителен
скверня
пустинен
дезертьорство
изсушават
изсъхнал
desititute
пуст
desolately
опустошение
отчаяние
отчаян
отчаяно
отчаян
отчаяно
отчаяние
презрян
despicably
презирам
презрян
грабя
despoiler
униние
униние
паднал духом
унило
деспот
деспотичен
деспотство
дестабилизация
destains
лишен
нищета
унищожи
разрушител
унищожаване
разрушителна
безцелен
възпиране
се влошава
влошаващото
влошаване
спирачка
мразя
омразен
detestably
омразния
detesting
ненавижда
злословя
detracted
отвлича
злословие
отнема
вреда
пагубен
опропастявам
опустошен
опустошава
опустошителен
унищожително
опустошение
отклонява
отклонение
дявол
дяволски
дяволски
дяволска работа
магии
нечестен
дяволски
непочтеност
лишен
диаболичен
дяволски
дяволски
диаметрално
diappointed
филипика
diatribes
пенис
диктатор
диктаторски
умирам
Умирай трудно
починал
умира
труден
затруднения
затруднение
неувереност
разнебитен
дилема
колебая се
блед
димер
врява
камбанен звън
несъстоятелност
спретнат
страшен
direly
direness
мръсотия
боклук
dirtbags
dirts
мръсен
правя неспособен
хора с увреждания
разединение
недостатък
неравностойно положение
неблагоприятен
недостатъци
disaffect
недоволен
развалям
не съм съгласен
неприятен
неприятно
несъгласие
несъгласен
несъгласие
не е съгласен
забраните
disapointed
disapointing
disapointment
разочаровам
разочарован
разочароващо
разочароващо
разочарование
разочарования
разочарова
неодобрение
неодобрение
не одобрявам
неодобрителен
обезоръжавам
безредие
бедствие
катастрофални
катастрофален
катастрофално
дезавуирам
отричане
липса на вяра
не вярвам
невярващ
отричам
discombobulate
обърквам
discomfititure
неудобство
безпокоя
обърквам
объркан
смущаващо
смущаващо
неутешим
безутешно
disconsolation
недоволство
недоволен
с недоволство
преустанови
прекъсване
непостоянен
раздор
несъответствие
несъгласен
обезсърчавам
обезкуражи
обезсърчаване
обезсърчителен
обезкуражително
неучтив
discourteously
discoutinous
дискредитиране
противоречив
дискриминира
дискриминация
дискриминиращ
презрение
презираше
надменен
пренебрежително
немилост
позор
посрамен
позорен
позорно
disgruntle
недоволен
отвращение
отвратен
отвращение
отвратителен
disgustfully
отвратителен
отвратително
обезсърчавам
отчайваща
dishearteningly
непочтен
нечестно
нечестност
безчестие
непочтен
dishonorablely
разочарование
разочарован
обезверяване
разочарованието
нежелание
без охота
неискрен
disingenuously
разпадне
разпадна
разпада
дезинтеграция
незаинтересованост
незаинтересован
неприязън
Не харесва
нехаресвания
нехаресването
изкълчени
нелоялен
нелоялност
мрачен
печално
dismalness
тревога
Уплашиха
поразителна
поразяващо
пренебрежително
пренебрежително
непослушание
непокорен
подчини
disoobedient
безредие
неподредена
безредно
дезорганизиран
заблуждавам
дезориентиран
не признавам
омаловажавам
пренебрежителен
пренебрежително
незадължителен
обезсърчавам
обезсърчен
отчаяно
нещо обезсърчаващо
измествам
изместена
сърдя
недоволен
неприятен
недоволство
непропорционален
опровергавам
спорен
спор
оспорва
безпокойство
тревожен
disquietingly
безпокойство
пренебрежение
disregardful
непочтен
лоша репутация
неуважение
disrespectable
disrespectablity
непочтителен
непочтително
disrespectfulness
неуважение
наруши
разрив
разрушителен
Дис
разочаровани
dissappointed
dissappointing
недоволство
незадоволителен
неудовлетворен
dissatisfies
не задоволявам
неудовлетворително
обижда
скривам
двуличник
раздор
несъгласие
отцепник
разногласия
лоша услуга
Disses
дисидентство
дисидент
дисиденти
разобличавайки
необщителен
разпуснат
разтваряне
дисонанс
дисонантен
dissonantly
разубеждавам
разубеждаващ
distains
отвращение
неприятен
отвращение
наруши
изопачен
изкривяване
изкривява
Разсейвам
разсейващ
разсейване
объркан
distraughtly
distraughtness
бедствие
западнал
печален
печално
недоверие
недоверчив
недоверие
безпокоя
смущение
обезпокоен
смущаващ
смущаващо
липса на единство
disvalue
различен
разногласия
divisively
разделение
dizzing
dizzingly
замаян
изкуфял
dodgey
упорит
упорито
догматичен
затишие
налагам
властен
donside
гибел
обречени
страшният съд
наркотик
съмнение
съмнителен
колебливо
съмнения
douchbag
отрепка
douchebags
песимистични
наведен
Даунър
проваляне
downfallen
пропадане
обезсърчен
downheartedly
склон
недостатък
недостатъци
спад
спадове
бозав
драконовски
драконов
влача
повлече
плъзгане
драгун
влека
отцеди
източи
източване
канализация
драстичен
драстично
недостатък
недостатъци
ужас
ужасен
ужасно
dreadfulness
тъжен
капеше
капе
Drippy
капе
безпилотни летателни апарати
униние
droops
отпадат
отпаднали
отпадат
отпадналите
суша
удавяне
пиян
пияница
пиян
съмнителен
колебливо
dubitable
некадърен
скучен
dullard
тъп
смайвам
бунище
дъмпингови
дъмпинг
сметища
тъпак
тъмница
подземия
будала
прах
прашен
намаляващите
умиращ
оглушителен
ексцентричен
ексцентричност
изображение
безочливост
егоцентричен
самовлюбеност
еготизъм
егоистично
егоистично
нечуван
грубо
изборния такелажник
елиминация
изтощен
скопен
затруднявам
неудобен
смутено
смущение
изстрадалия
забърквам
въвлечен
безредие
спешен случай
категоричен
категорично
празнота
посягам
посегателство
застрашава
врагове
враг
омаломощен
омаловажавам
да породи
поглъщам
заповядвам
враждебност
вбесявам
разярен
вбесявайки
заробвам
вплитам
заплитане
задържам
заклещване
завистлив
завистливо
enviousness
епидемия
двусмислен
изтрива
разяждам
ерозира
ерозия
заблуждавам
блуден
непостоянен
хаотично
погрешен
грешно
грешка
грешки
изригвания
приключение
въздържам се от
отчужден
укриват
избягване
уклончив
зло
злодей
злини
изтърбушвам
изостри
преувеличават
exagerated
exagerates
преувеличавам
преувеличение
вбесявам
раздразнено
дразнещ
вбесяващо
раздразнение
прекомерен
прекомерно
изключване
одирам
мъчителен
мъчително
извинение
извинения
кълна
ауспух
изтощен
изтощение
изпускателна система
exhorbitant
увещавам
изгнание
прекомерен
exorbitantance
exorbitantly
експулсира
скъп
изтича
просрочен
експлодирам
подвиг
експлоатация
експлозивен
експроприирам
отчуждаване
expulse
заличавам
унищожавам
изтребване
гасят
изтръгвам
изнудване
неприсъщ
екстравагантност
екстравагантен
екстравагантно
екстремизъм
екстремист
екстремисти
грозотия
е ** к
измислям
производство
шеговит
шеговито
провали
се провали
ако не
не успее
неуспех
неуспехи
губя съзнание
страхлив
невярващ
фалшив
падане
заблуди
измамен
fallaciously
лъжовност
заблуда
паднал
падане
изпадам
водопад
фалшив
лъжа
фалшиво
фалшифицирам
залитам
поколеба
глад
изгладнял
фанатик
фанатичен
фанатично
фанатизъм
фанатици
нереален
пресилен
фарс
фарсов
фарсов-още-провокативен
farcically
пресилено
фашизъм
фашистки
взискателен
придирчиво
fastuous
дебел
дебела котка
мазнини котки
фатален
фаталистично
фаталистично
фатално
дебела котка
fatcats
съдбовен
съдбовно
бездънен
умора
уморени
fatique
мастен
безсмислие
нелеп
нелепо
вина
неизправности
повреден
fawningly
вълнуваше
страх
страшен
страхливо
страхове
страховит
безпомощен
слаб
feeblely
слабоумен
измислям
финт
падна
разбойник
престъпен
яростно
свирепост
зловонен
треска
трескав
трески
фиаско
послъгвам
лъжльо
непостоянен
фикция
измислен
измислен
шавам
притеснен
демон
дяволски
свиреп
фигурант
мръсотия
мръсен
измъквам
дребен
фисури
юмрук
смайвам
поразен
спадащата
скандален
скандално
нюх
flairs
противовъздушна артилерия
люспа
flakey
flakieness
лющене
люспест
сигнална ракета
сигнални ракети
пламвам
flareups
с всички сили
излагам на показ
недостатък
погрешна
недостатъци
бягам
fleed
бягат
беглец
бяга
краткотраен
flicering
трепкане
трептене
трепти
неуравновесен
flimflam
крехък
флиртувам
склонен към флиртуване
етажна
писия
затъващата
подигравка
нервирам
враг
глупак
заблуждавайте
дързък
глупав
глупаво
глупост
забранявам
забранен
заплашителен
силен
лошо предчувствие
forebodingly
неустойка
подправен
разсеян
forgetfully
забрава
пропаднал
отчаяно
оставяй
изоставен
отричам се
мръсен
подло
мръсотия
капризен
fractiously
фрактура
чуплив
фрагментиран
крехък
неистов
трескаво
franticly
измама
измамлив
изпълнен
изтощавам
разчорлен
каприз
шибан
капризен
freakishly
изроди
замръзване
замръзва
замръзване
френетичен
френетично
неистов
ярост
гриза
раздразнителен
прагчета
триене
търкания
пържени
блузата
шибано
уплаха
плаша
плашещо
плашещо
страшен
ужасно
фригидна
слана
намръщване
замръзна
замръзнал
безплоден
безплодно
осуетявам
разочарован
осуетява
разочароващ
отчайващо
чувство на неудовлетвореност
фрустрации
мамка
шибан
празни приказки
беглец
в пълен разцвет
гърмя
несполучлив опит
дим
изпарения
фундаментализъм
страхлив
странно
забавен
яростен
яростно
фурор
ярост
врява
дребнав
налагам с пръчка
мухлясал
безполезен
напразно
безполезност
бухнал
дърдорене
гафел
гаф
оспорвам
gainsayer
жлъчка
протриване
gallingly
шикалка
гангстер
зяпам
боклук
блестящ
издихание
стеснителен
ярък
дангалак
тромав
дядка
геноцид
забогатявам
ужасно
гето
отблясъците
нечленоразделни звуци
безсмислици
подигравка
шеметен
влияя на
gimmicked
gimmicking
трикове
измамни
ослепителен блясък
скандално
нагъл
многоречиво
бъг
бъгове
злорадо
мрак
мрачен
заплашителен поглед
навъсен
пресищане
гризане
остен
подтикването
бог-ужасно
глупак
шантав
продължи
клюка
безсрамен
gracelessly
присадка
зърнест
грайфер
решетка
решетка
тежко
мазен
лакомия
алчен
скръб
недоволство
оплаквания
скърбя
траур
тежък
печално
мрачен
гримаса
мелене
хващам
колики
ужасен
пясъчен
брутен
грубо
гротеска
нацупеност
кисел
неоснователен
дива кокошка
ръмжене
злоба
яд
неохотно
неохотно
страшен
gruesomely
сърдит
оплакване
grumpier
grumpiest
кисело
grumpish
ядосан
лукавство
вина
виновно
виновен
наивен
страхливец
канавка
хамалски
хакове
измъчен
пазарлък
косопад
половинчато
вяло
предизвиквам халюцинации
халюцинация
възпрепятстват
затруднена
инвалид
вися
увисва
случаен
злополучен
словоизлияние
тормозя
тормозени
тормози
безпокойство
подслоняване
пристанища
твърд
трудно хит
твърда линия
поддръжник на твърда политика
твърдата
ожесточавам
закален
твърдоглав
коравосърдечен
хардлайнер
хардлайнери
затруднение
лишения
вреда
ощетен
вреден
вреди
харпия
брантия
забързаните
брана
груб
остро
hasseling
караница
спестявайки
главоболия
бързане
припряно
прибързан
мразя
мразен
омразен
омраза
hatefulness
хейтър
мразещи
мрази
мразехме
ненавист
надменно
надменен
свърталище
натрапчива
поразия
войнствената
накриво
риск
опасен
мътност
мъглив
за глава болки
главоболие
главоболие
Heartbreaker
сърцераздирателен
сърцераздирателно
безсърдечен
езичник
деспотичен
печален
сган
задавам неудобни въпроси
heckled
heckles
трескав
жив плет
хедонистичен
небрежен
мускулест
хегемонизъм
hegemonistic
хегемония
отвратителен
ад
настървен
пакостливо дете
ад
безпомощен
безпомощно
безпомощност
ерес
еретик
еретически
колеблив
hestitant
отвратителен
отвратително
hideousness
скъпоплатена
hiliarious
възпрепятстват
пречка
съскане
изсъска
съскане
хо-хум
съкровище
измама
букаи
свине
кух
hoodium
мамя
хулиган
безнадежден
безнадеждно
безнадеждност
орда
ужасяваща
ужасяващо
ужасен
ужасен
ужасяващ
потресен
ужасява
потрисам
ужасяващо
horrifys
заложник
враждебен
военни действия
враждебност
огнища
луда глава
буен
оранжерия
високомерие
търгаш
бучене
влажен
унижавам
унизителен
унижение
бръмчене
окачени
боли
hurted
болезнени
наранява
Боли
мошеник
свръх
hypocricy
лицемерие
лицемер
лицемери
лицемерен
лицемерно
хистерия
истеричен
истеричен
истерично
истерика
idiocies
идиотия
идиот
идиотски
идиотски
идиоти
празен
позорен
позорен
позорно
позор
невежество
невеж
игнорирам
прибързан
зле замислена
зле дефинирано
зле проектирани
злочест
грозноват
зле оформен
невъзпитан
лош
зле подредени
раздразнителен
малтретиран
малтретиране
зле ползване
онеправдан
незаконен
незаконно
незаконен
незаконен
неграмотен
заболяване
нелогичност
нелогичен
нелогично
илюзия
илюзии
илюзорен
въображаем
липса на равновесие
имбецил
бъркотия
незначителен
незрял
угроза
непосредствена
обездвижен
неумерен
невъздържано
нескромен
неморален
неморалност
неморално
недвижим
увреди
нарушен
безизходно положение
нетърпение
нетърпелив
нетърпеливо
дискредитирам
импеданс
възпрепятстват
пречка
предстоящ
неразкаян
несъвършен
несъвършенство
несъвършенства
несъвършено
империалистически
излагам на опасност
властен
повелително
недопустим
безличен
нагъл
буен
стремително
безбожие
въздействувам
нечестив
неумолим
неправдоподобен
implausibly
замесвам
въвличане
спуквам се
неучтив
неучтиво
неполитичен
настойчив
ненавременен
налагат
imposers
налагане
налагане
невъзможен
impossiblity
невъзможно
импотентен
изтощавам
обеднял
непрактичен
кълна
неточен
неточно
неточност
затварям
затваряне
невероятност
неправдоподобен
невероятно
неправилен
неправилно
неуместност
неблагоразумие
непредпазлив
наглост
нагъл
нагло
опровергавам
импулсивен
импулсивно
безнаказаност
нечист
примес
неспособност
неточности
неточност
неточен
неточно
бездействие
неактивен
несъответствие
недостатъчен
неадекватно
inadverent
inadverently
непрепоръчителен
inadvisably
нелеп
inanely
неподходящ
неподходящо
неизкусен
неспособност
нечленоразделен
невнимателен
недоловим
неспособен
incapably
непредпазлив
запалителен
тамян
непрестанен
непрестанно
подбуждат
подбуждане
нецивилизованост
студено
който не съзнава
непоследователност
непоследователен
несвързано
несъезмерим
несравним
несравнимо
Несъвместимост
несъвместимост
несъвместима
некомпетентност
некомпетентен
некомпетентно
непълен
неуслужлив
неразбираем
неразбиране
немислим
невъобразимо
нелеп
нелепо
непоследователен
маловажен
inconsequentially
inconsequently
необмислен
неразумно
несъответствие
несъответствия
непоследователност
непоследователен
неутешим
неутешимо
непостоянен
неудобство
неудобно
неправилен
неправилно
непоправим
непоправимо
недоверчив
недоверчиво
налагам
неприличие
неприличен
неприлично
нерешителност
нерешителен
нерешително
некоректна постъпка
незащитим
нетактичен
неопределен
indeterminably
неопределен
безразличие
безразличен
социално слаб
възмутен
възмутено
възмущение
унижение
неразличим
недискретен
indiscreetly
недискретност
безразборен
безразборно
недискриминиращи
неразличим
индоктринирам
индокриниране
ленив
отдавам се
неефективен
неефективно
неефективност
несполучлив
безрезултатно
ineffectualness
неефикасен
неефикасност
неефикасност
неефикасен
неефективно
тромавост
грубоват
неподходящ
ineloquent
ineloquently
нелеп
неспособност
непохватно
неравенства
неравенство
несправедлив
несправедливо
неравенствата
неизбежен
неизбежно
несъществен
неизбежен
неизбежно
непростим
непростимо
неумолим
неумолимо
неопитност
неопитен
неопитен
неумело
неизкупим
inexplainable
неразрешим
неразривно
скандален
позорно
позор
заразен
инфекция
инфекции
долен
малоценност
адски
изобилствувам
заразения
невярващ
неверници
Infiltrator
проникналите
немощен
възбуждам
възпаление
възпалителен
възпалената
надут
инфлационен
непреклонен
причинявам
нарушение
нарушават
нарушение
нарушения
вбесявам
разгневен
вбесяващ
вбесяващо
безславен
неблагодарник
неблагодарност
инхибира
инхибиране
негостоприемен
негостоприемство
нечовешки
нехуманен
безчовечност
враждебен
враждебно
порочен
неправда
неразумен
наранят
вреден
нараняване
несправедливост
несправедливости
инсинуация
неизползваеми
неподходящ
прекален
необикновено
ненормален
безумно
лудост
ненаситен
несигурен
несигурност
безчувствен
нечувствителен
insensitively
нечувствителност
коварен
коварно
незначителност
незначителен
незначително
неискрен
неискрено
неискреност
намеквам
намеквате
инсинуация
insociable
наглост
нахален
нахално
несъстоятелен
незаинтересованост
нестабилност
нестабилна
провокирам
подбудител
подбудители
непокорен
неоснователен
insubstantially
непоносим
непоносимо
недостиг
недостатъчен
недостатъчно
островен
обида
обиден
оскърбителен
обидно
обиди
непоносим
insupportably
непреодолим
insurmountably
метеж
intefere
inteferes
интензивен
меся се
смущения
се намеси
прекъсващ
прекъсвам
прекъсване
прекъсвания
сплашвам
смущаваща
заплашително
сплашване
нетърпим
intolerablely
нетолерантност
въодушевявам
неподатлив
непримиримост
непримирим
натрапвам
проникване
натрапчив
заливам
затрупани
нашественик
невалиден
обезсили
инвалидност
инвазивна
нападки
съблазнявам
обиден
invidiously
invidiousness
невидим
неволно
неволен
сприхав
сърдит
irately
гняв
дразнят
подразни
irking
дразни
неприятен
irksomely
irksomeness
irksomenesses
ироничен
ироничен
По ирония на съдбата
иронии
ирония
irragularity
ирационален
възпроизвежданите несъвършенства
ирационалност
нерационално
irrationals
непримирим
несъбираем
irrecoverableness
irrecoverablenesses
безвъзвратно
непоправим
непоправимо
irreformable
нередовен
нередност
ирелевантност
неуместен
непоправим
irreplacible
неудържим
нерешителен
неразрешим
безотговорен
безотговорно
irretating
безвъзвратен
необратим
раздразнителен
раздразнено
дразнител
дразня
раздразнена
дразнещ
раздразнение
раздразнения
изолирам
изолиран
изолация
проблем
въпроси
сърбеж
сърбеж
сърбеж
бърборя
измъчен
назъбен
конфитюр
шокиращ
предубеден
ревнив
ревниво
ревнивост
ревност
подигравка
подигравателни
jeeringly
подигравки
застраши
опасност
друсане
пастърма
нервнича
нерви
нервен
работа-убиване
без работа
шега
шегаджия
сътресение
тресене
трепкане
judders
нервен
боклуци
наркоман
склад за отпадъци
jutter
jutters
на кино
убивам
убит
убиец
убиване
killjoy
убива
негодник
нож
чукам
навързани
Kook
Kooky
липса
вял
липсваше
лакей
лакеи
липсващ
потъмнял
липсва
лаконичен
закъснение
изостана
изоставане
забавяния
МИГ-
съкратените
lambast
набивам
куц
куц-патица
елегия
плачевен
печално
замрял
гния
отпуснатост
замечтан
томително
като върлина
пропуск
изтекъл
погасява
сладострастен
отчаян
латентност
смешен
смешно
посмешище
закононарушител
новини за престъпления
разюздан
беззаконие
съкращения
съкращения-щастливи
мързелив
изтичане
изтичане
течове
течове
течове
спукан
курвар
развратник
развратен
разврат
пиявица
злобен поглед
подозрителен
левицата
лимон
дълъг
по-слабо развитите
по-малко известни
letch
смъртоносен
апатичен
летаргия
похотлив
похотливо
похотливост
отговорност
отговорен
лъжец
лъжци
безнравствен
licentiously
безнравственост
лъжа
излъга
Лийр
лъжи
животозастрашаваща
безжизнен
лимит
ограничаване
ограничения
ограничен
лимити
накуцване
апатичен
спорен
малко познат
вбесен
lividly
нежелаещ
никак не обичам
отвращение
loathly
гнусен
loathsomely
самотен
самота
самотен
самец
самотен
дълго време
скучен
копнеж
копнеж
вратичка
вратички
хлабав
плячка
нещастен
губя
загубеняк
губещи
губи
губи
загуба
загуби
загубен
силен
по-силно
отвратителен
без любов
нещастно влюбена
ниско класиран
смирен
нелеп
нелепо
печален
хладък
затишие
тромав
лунатик
lunaticism
залитане
примамка
потресаващ
лъжа
дебнат
лежащ
страховит
луд
вбесявам
подлудяващ
влудяващо
брош
лудо
луд
лудост
неприспособими
неприспособяване
болест
физическо неразположение
недоволен
malcontented
maledict
злоба
отмъстителен
злобно
злоба
злонамерен
злонамерено
злоба
зъл
злокачествен
зловонен
малтретиране
обезобразявам
обезобразени
mangles
пресоване
мания
маниак
маниакална
маниакална
манипулирам
манипулация
манипулативно
манипулатори
развалям
маргинален
незначително
мъченичество
мъченичество-търсещ
пюре
клане
кланета
матова
сладникав
mawkishly
mawkishness
оскъден
безсмислен
подлост
болен от шарка
бърникам
натрапчив
посредствен
посредственост
меланхолия
мелодраматичен
мелодраматично
срив
заплаха
заплашително
заплашително
лъжлив
лъжливост
слугински
безмилостен
безмилостно
бъркотия
побъркани
бъркотии
каша
разхвърлян
джудже
сдърпване
агресивност
безсмислен
безсмислено
мираж
тиня
разминете
разместена
misaligns
погрешно разбирам
не приличам на
misbecoming
извънбрачен
държа се зле
неморално поведение
неправилно предвиждам
погрешна сметка
Разни
зло
пакостлив
дяволито
погрешно схващане
погрешни схващания
мерзавец
мерзавци
Грешна посока
скъперник
жалък
miserableness
мизерно
нещастия
скъпернически
мизерия
стои зле
нещастие
опасение
опасения
заблуждение
заблуждавам
заблуден
изтървавам
злополука
дезинформират
дезинформирани
погрешно разбирам
подценявам
недооценяване
подвежда
подвеждащ
подвеждащо
mislike
изтървавам
погрешно произнасям
бъркаха
mispronounces
тълкувам погрешно
погрешно тълкуване
представям невярно
изопачаване
мис
пропуснал
пропуска
неточност
мъглявина
грешка
сбъркал
погрешно
грешки
mistified
любовница
недоверие
недоверчив
недоверчиво
мъгли
погрешно разбирам
недоразумение
недоразумения
неразбран
злоупотреба
стон
гангстер
имитация
подиграване
подигравки
подигравка
подигравателен
подигравателно
макети
безпокоя
безпокоене
монотонен
монотонност
чудовище
чудовища
чудовище
чудовищен
чудовищно
в лошо настроение
спорен
потискам
болезнен
болезнено
байц
язвително
умиращ
слабоумен
глупаво
идиоти
усмиряване
огорчена
унижавам
унизително
неподвижен
пъстър
тъгувам
присъствуващ на погребение
тъжен
печално
бъркотия
кален
клеветник
mudslinging
инат
мулти-поляризация
земен
убийство
убиец
убийствен
убийствено
тъмен
мускулна-огъване
сантиментален
мухлясал
тайнствен
мистериозно
мистерия
заблуждавам
мит
конче
заядлив
наивен
наивно
тесен
неприятно
лошотия
гаден
палав
гади ми се
nauseates
отвратителен
nauseatingly
наивен
мъгляв
nebulously
ненужен
ненужно
беден
престъпен
nefariously
отричам
отрицание
отрицателен
негативи
негативност
пренебрегване
пренебрегнат
небрежност
небрежен
възмездие
непотизъм
нервен
нервно
нервност
коприва
nettlesome
нервен
невротично
задирам
niggles
кошмар
кошмарен
кошмарно
nitpick
nitpicking
шум
шумове
-шумни
шумен
недоверие
несъществуваща
nonresponsive
глупости
миризлив
известност
прословут
пословично
вреден
неудобство
вцепенен
дебел
обект
възражение
нежелателен
възражения
наклонен
заличавам
заличен
забравил
противен
неприятно
неприличен
неприлично
сквернословие
неясен
затъмнено
замъглява
неизвестност
преследвам
завладяващ
маниакално
obsessiveness
остарял
препятствие
упорит
упорито
възпрепятства
запушен
Възпрепятстване
обструкция
препятства
натрапчив
тъп
спирам
запушена
запушва
запушване
нечетен
-странно
странното
чудатости
странност
странно
миризма
нарушение
обиждам
нарушител
нарушител
престъпления
офанзива
отвратително
offensiveness
натрапчив
зловещ
зловещо
пропуск
пропускам
едностранен
тежък
възмездно
яростна атака
упорит
опонент
опортюнистични
противопоставя
опозиция
опозиции
потискам
потисничество
потиснически
потискащо
тягостност
потисници
изпитание
сирак
остракирам
избухване
изблик
изблици
бездомник
врява
беглец
старомоден
възмущение
изнасилена
възмутителен
възмутително
outrageousness
безчинства
външен човек
над-действал
над-страхопочитание
над-базирана
свръх-свръх
над цени
надценяване
шаржирам
overacted
сплашат
преобръщам
пребалансиран
арогантен
overbearingly
претенциозен
прекалявам
прекален
просрочен
надцени
прегряване
Overkill
претоварен
пренебрегват
надплатената
overpayed
преигравам
подчинявам
скъп
надценявани
надминавам
опустошавам
помрачавам
надзор
недоглеждане
опростяване
опростен
свръхопростяването
гигантски
преувеличавам
надценени
преувеличаване
overstatements
преувеличава
претоварен
преобръщам
събаря
побеждавам
наднормено тегло
затрупвам
претоварени
поразителен
поразително
обзема
фанатизиран
overzealously
overzelous
болка
болезнен
painfull
болезнено
усилия
Блед
бледнее
нищожен
тиган
хаос
поощрявам
сводничество
panders
паника
паник
паникьосал
паникьосвам
панически
парадоксален
парадоксално
paralize
парализиран
параноя
параноичен
паразит
парий
пародия
пристрастие
партизанин
партизани
остарял
пасивен
пасивност
патетичен
покъртително
подкрепям
малочисленост
бедняк
бедняци
откупуване
особен
странно
педантичен
обелен
дразня
раздразнен
сърдит
свадливо
санкционират
наказание
коварен
perfidity
повърхностен
излагам на опасност
опасен
застрашително
загине
пагубен
утежнявам
объркан
сложен
недоумение
преследвам
преследване
упорит
упорито
упоритост
обезпокоявам
смутен
проникващ
извратен
перверзно
извращение
перверзия
извратен човек
извратен
перверзници
песимизъм
песимистичен
песимистично
вредител
невъзможен
вкаменено
изумявам
шиканирам
дребен
фобия
фобия
фалшив
стачен пост
демонстрации
протести
колове
придирчиви
прасе
прасета
грабеж
позорен стълб
пъпка
щипка
пике
жалък
жалък
жално
безжалостен
безмилостно
подаяние
жалко
плагиатствувам
чума
plasticky
играчка
апел
Правни
плебей
хал
парцел
плотери
маневра
грабеж
грабител
безсмислен
безсмислено
отрова
отровен
poisonously
жалък
незначителен
поляризация
споря
замърсявам
замърсителят
замърсители
замърсяването на
надут
беден
-бедни
бедната
лошо
позиране
цупене
бедност
безсилен
брътвене
резил
брътвеж
несигурен
несигурно
утайка
рязък
хищнически
затруднение
предрешавам
ущърб
предразсъдъци
в ущърб
предумишлен
занимавам вниманието на
нелеп
нелепо
самонадеяно
самонадеяно
преструвка
преструвам се
преструвка
претенциозен
претенциозно
извърта
скъп
-скъпи
убождане
бодил
бодли
горделив
prik
примитивен
затвор
затворник
проблем
проблематичен
проблеми
отлагам
procrastinates
отлагане
скверен
ругатни
забрани
възпиращ
възпрепятстващо
пропаганда
пропагандирам
собственически
преследване
протест
протестира
протестира
протести
продължителен
провокация
предизвикателен
провокирам
надничам
побойнически
войнствено
войнственост
удар
наказвам
наказуем
наказателна
балама
недорасъл
Куклен
кукли
озадачен
недоумение
озадачаващо
шарлатанин
колебание
угризения
затруднение
кавга
quarrellous
quarrellously
кавги
свадлив
отменям
ексцентричен
съмнителен
игра на думи
quibbles
кръшкач
бесен
расизъм
расист
расисти
колоритен
радикален
радикализация
коренно
радикали
гняв
дрипав
бесен
релса
рейк
силна възбуда
неистов
разнебитен
злоба
на случаен принцип
глождя
тирада
ranted
празнодумство
rantingly
тиради
изнасилване
изнасилен
изнасилване
пакостник
мръсници
обрив
дрънкалка
разтърси
дрънкалки
грабя
бълнуване
реакционер
бунтарски
отпор
порицание
своеволен
отрекат
спад
рецесия
безразсъден
безразсъдно
непредпазливост
откат
ресурси
излишество
излишен
отказ
отказвам
отказано
отказва
с което се отказва
опровержение
опровергавам
опровергана
отричат
опровергават
регрес
регресия
регресивен
разкайвам се
regreted
изпълнен със съжаление
със съжаление
съжалява
жалко
за съжаление
съжаляваше
отхвърляне
отхвърлена
отхвърляне
отхвърляне
отхвърля
рецидив
безмилостен
безмилостно
неумолимост
нежелание
неохотен
неохотно
разкаяние
разкаян
remorsefully
безмилостен
безмилостно
remorselessness
отричам
отричане
отблъсне
повтарящ се
осъдителен
reprehensibly
порицание
осъдителна
възпирам
потискане
репресивен
порицание
укор
укорителен
порицавам
укорително
отричам
отричане
repugn
отвращение
неприятен
repugnantly
отпор
отблъснати
отблъскват
отблъскващ
отвратително
противност
възмущавам
възмутен
възмущение
оставка
примирен
съпротивление
неспокоен
безпокойство
ограничи
ограничен
ограничение
ограничителен
възраждащ се
отмъщавам си
репресивен
забавям
бавноразвиващ се
retardedness
забавя
сдържан
оттеглям
отстъпление
оттегля
отмъщение
отмъстителен
отмъстително
обръщам
ругая
охулван
отменя
бунт
отвратителен
отвратителен
погнуса
който отклонява
превъзнасям
риторика
риторичен
ricer
присмех
осмива
смешен
абсурдно
широко разпространен
разрив
разцепление
твърд
твърдост
твърдост
дразня
раздразнени
Почивай в мир
смъквам
смъквам
изтръгнат
риск
рискове
рискован
съперник
съперничество
блокадите
скалист
мошеник
влакче на ужасите
гниене
гнил
груб
rremediable
боклук
груб
Рю
главорез
жабо
разруха
порутен
съсипват
пагубен
руини
куркане
слух
слухове
слухове
разбърквам
порутен
Бягай надалеч
скъсване
ръжда
ръжди
ръждясал
коловоз
безскрупулен
безмилостно
безпощадност
коловози
саботаж
чувал
пожертва
тъжен
натъжавам
печално
печал
провисване
увиснала
огъване
Saggy
спадове
мръсен
свещен
мъзга
сарказъм
саркастичен
подигравателно
язвителен
язвително
дръзки приказки
сатиричен
осмивам
дивак
яростно
диващина
диваци
люспест
измама
измами
скандал
скандализирам
скандализирани
скандален
скандално
скандали
scandel
scandels
оскъден
изкупителна жертва
белег
оскъден
едва
недостиг
плаша
уплашен
-страшно
страшното
плашещо
белези
белези
страшен
унищожителен
язвително
скептичен
лапам
scoffingly
гълча
скара
мъмрене
scoldingly
изгарящ
scorchingly
презрение
презрителен
презрително
мошеник
бич
мръщене
боричкане
бъркани
надпревара
кодиране
вторични суровини
драскотина
почеса
драскотини
надраскан
вик
писък
винт-нагоре
завинтва
прецакан
усукан
чехъл
надраскване
измет
като пяна
втори клас
второ ниво
потаен
заседнал
долнопробен
кипя
кипящата
самостоятелно преврат
самокритика
в разрез с поставената цел
саморазрушително
самоунижение
корист
користен
егоистично
selfinterested
егоистичен
егоистично
себелюбие
полу-изостаналост
изкуфял
сензационализира
безсмислен
безсмислено
сериозност
проповядвам
сервитут
настройвам
спънка
неуспехи
разлъчвам
тежък
суровост
ш * т
изтъркан
сенчест
сенчесто
клатя
съмнителен
плитък
фалшификация
касапница
срам
срамен
срамно
shamefulness
безсрамен
безсрамно
безсрамие
акула
рязко
разбивам
шимейлс
блещукане
шими
корабокрушение
клинча
кръшкач
лайна
тръпка
шок
потресен
скандален
шокиращо
калпав
мимолетен
недостиг
shortchange
недостатък
недостатъци
задух
недалновидно
късогледство
конфронтация
опърничава жена
писък
писклив
пискливо
сбръчквам
саван
забулено
свиване
отбягвам
отбягвани
болен
заболявам
отвратителен
болезнено
болнав
болест
забавям
глуха линия
обсада
sillily
глупав
опростен
опростенчески
грях
грешен
греховно
зловещ
зловещо
мивка
потъване
скелети
скептик
скептичен
скептично
скептицизъм
схематичен
оскъден
мършав
капризен
skittishly
кръшкам
застой
клевета
клеветник
клеветнически
клеветнически
клевети
шамар
стремителен
клане
заклани
роб
роби
мръсен
слуз
бачкане
бъхтеха
slogging
slogs
sloooooooooooooow
sloooow
slooow
sloow
небрежно
помия
ленивец
ленив
бавен
бавноподвижни
забавя
по-бавно
най-бавния
бавно
sloww
slowww
slowwww
плужек
муден
депресия
поскъпване
slumpping
обида
уличница
проститутките
хитър
пляскам
неголяма
трясък
намазка
миризма
миришеше
миришещ
мирише
вонящ
миришеше
дим
димна завеса
пуша
тлеещ
задушавам
пуша
тлеещ
петно
зацапано
зацапвания
зацапване
самодоволен
самодоволно
цинизми
smuttier
smuttiest
очернен
успявам да получа
стърчащ
закачане
дънери
раздразнителен
snappishly
примка
snarky
ръмжене
дебна
подло
подъл
подигравка
подигравателен
подигравателно
сноб
снобски
snobby
snobish
сноби
чип
така кал
сапунен
ридание
трезвен
отрезвителен
тържествен
грижа
мрачен
язва
тежко
болезненост
скръб
тъжен
печално
съжалявам
кисел
кисело
пика
потупвам
spendy
сипя
избълва
изхвърлили
изригване
разливане
стара мома
бездушен
злоба
злобен
ехидно
злоба
ломотене
разцепен
цепене
развалям
разваляне
spoilages
развален
spoilled
плячка
призрак
spookier
spookiest
призрачно
зловещ
лъжица хранени
лъжица-фуражите
spoonfed
спорадичен
пъпчив
фалшив
отблъскване
дърдорене
счепкване
кавги
разпилявам
скуош
скърцане
скърцане
писклив
писък
квичене
квичене
изпитвам срам
усилие
застоял
застоявам
застой
улегнал
петно
петна
изхабен
пат
сергия
партер
заекване
паническо бягство
застой
рязък
ярко
стряскам
потресаващ
стряскащо
гладуване
гладувам
статичен
крада
кражба
отнети топки
стръмен
стръмно
смрад
стереотип
изтъркан
стереотипно
кърма
яхния
лепкав
схванат
скованост
задушавам
задушлив
stiflingly
клеймо
клеймя
ужилване
парлив
stingingly
оскъден
смрад
смърди
засищащ
епитрахил
откраднат
подставено лице
подставени
бурен
разпиляни неща
скитник
деформация
пресилен
разтягане
странен
странно
непознат
странното
задушавам
на резки
напрегнат
стрес
напрежения
стресиращо
stressfully
пострадал
стриктен
строго
рязък
яростно
съперничество
стачка
строг
строго
поразен
борба
мъчеше
борби
борещ се
паянта
инат
упорито
упоритост
заби
застоял
препъване
препъна
препъва
пън
озадачават
пънове
шокирам
сензационна новина
закърнял
тъп
тъпото
глупост
глупаво
stupified
stupify
ступор
заекване
заекваше
заекване
заеква
кочина
възпрепятствани
под-номинална
унил
подложен
подчинение
покорявам
подчиняване
покорен
подчинен
призовка
призовки
робуване
раболепен
под нормалния стандарт
изваждам
подривна дейност
подривен
подмолно
събарям
умирам
суча
смучат
издънка
гадно
Sucky
съдя
съдени
sueing
съди
страдам
пострадал
потърпевш
страдащите
страдание
страда
задушавам
подслаждам
захарно покритие
със захар
самоубийствен
самоубийство
мръщя
сърдит
петно
разделям
потънал
потънал
повърхностен
повърхностност
повърхностно
излишен
суеверие
суеверен
потискат
потискане
предаване
податлив
заподозрян
подозрение
подозрения
подозрителен
подозрително
перчене
залети
потен
набъбна
подуване
измама
неточен удар
подут
симптом
симптоми
синдром
табу
лепкав
петно
опетнен
меся се
бъркотия
Tangled
възли
резервоар
пиян
резервоари
гневно избухване
закъснял
потъмнявам
опетнен
нечистотии
потъмняване
дрипав
присмех
подигравателен
подигравателно
Подигравките
опънат
безвкусен
труден
закачка
закачливо
досаден
досадно
дързост
нрав
силна буря
изкушение
нежност
напрегнат
напрежение
експериментален
колебливо
слаб
незначителна
хладен
ужасен
ужас
ужасно
терор
ужас-Генно
тероризъм
тероризирам
сприхаво
сприхав
tetchily
раздразнителен
неблагодарен
по дебел
жажда
трънлив
небрежен
необмислено
необмисленост
побеждавам
заплаха
заплашвам
заплашително
заплахи
тройка
пулсиране
пулсираше
пулсираща
тупти
дросел
гангстер
палец надолу
палци долу
осуети
времеемко
плах
плахост
плахо
боязливост
мъничък
тръпнеше
изтръпване
изморен
отегчителен
досаден
tiringly
мъка
дан
неустойчив
залитам
мъка
мъчени
порой
заплетен
изтезание
измъчван
мъчения
измъчват
мъчителен
мъчително
тоталитарен
докачлив
издръжливост
натрапвам
изтъквани
съмнителни хора
токсичен
злословя
трагедия
трагичен
трагично
предател
предателски
traitorously
скитник
погазвам
прегрешавам
престъпление
капан
traped
капан
боклук
изхвърлена
ненужен
травма
травматичен
травматично
травматизирам
травмирани
изопачаване
пародия
вероломен
коварно
предателство
измяна
предателство
трик
подмамени
мошеничество
труден
тривиален
омаловажава
беда
обезпокоен
размирник
беди
неприятен
troublesomely
тревожна
обезпокоително
кръшкач
падам
срина
мята
шумен
турбулентен
смут
извиване
усукан
обрати
с две лица
две лица
тираничен
тиранично
тирания
тиран
уф
-грозна
-грозната
грозота
грозен
скрит
ултиматум
ултиматуми
ултра-хардлайнер
ООН-видима
състояние
неприемлив
unacceptablely
неприемливо
недостъпна
необичаен
неосъществим
непосилни
непривлекателни
непривлекателен
неистински
Няма
неизбежно
непоносимо
unbearablely
невероятно
невероятно
незаинтересовани
несигурен
нецивилизован
нецивилизован
нечист
неясен
несъбираеми
неудобен
неудобно
uncomfy
неконкурентоспособна
безкомпромисен
безкомпромисно
непотвърдена
противоконституционен
неконтролирано
неубедителен
неубедително
неотзивчив
недодялан
uncreative
нерешителен
неопределен
undependability
undependable
подрязан
подмоли
подбиване
победен състезател
подценяват
подчинените
подкопае
подкопани
подкопава
подкопаване
заплатен ниско
малко мощните
маломерен
нежелан
неопределен
разкопча
непристоен
неразтворен
без документи
погубен
неоправдан
безпокойство
неспокойно
безпокойство
неспокоен
нерентабилна
безработен
неравен
неетично
неравен
безметежен
неочакван
неочаквано
необяснима
несправедливо
неверен
направи престъпление
непознат
неблагоприятен
безчувствен
недовършен
негоден
непредвиден
непримирим
нещастен
за жалост
неоснователен
недружелюбен
неосъществен
летящ
разпуснат
неблагодарен
нещастно
нещастие
нещастен
нездравословен
безполезен
едностранчивост
невъобразим
невъобразимо
маловажен
неосведомен
незастрахован
неразбираем
unintelligile
еднополюсен
несправедлив
неоправдан
неоправдано
неоправдано
несправедливо
нелюбезен
нелюбезно
неизвестен
unlamentable
unlamentably
незаконен
незаконно
незаконосъобразност
отприщи
нелицензиран
малко вероятно
без късмет
равнодушен
неестествен
неестествено
ненужен
ненужен
разстройвам
изнервена
изнервяща
изнервящо
незабелязан
ненаблюдаващ
неортодоксален
неправоверност
неприятен
unpleasantries
непопулярен
непредсказуемо
неприготвен
непродуктивен
нерентабилен
unprove
недоказан
недоказана
unproves
unproving
неквалифициран
обяснявам
разплитат
недостижим
нечетлив
нереалистично
неразумен
неразумно
неумолим
неумолимо
ненадеждност
ненадежден
нерешен
неотзивчив
неспокойствие
непокорен
опасен
незадоволителен
отвратителен
безскрупулен
безскрупулно
незащитен
неприличен
размествам
нерешен
обезпокоително
обезпокояващото
неквалифициран
неопитен
нездрав
неописуем
unspeakablely
неуточнен
нестабилен
несигурно
нестабилност
неустойчив
неуспешен
безуспешно
неподдържан
неотзивчиво
несигурен
неподозиращ
неустойчиво
несъстоятелен
неизпитан
немислим
невъобразимо
преждевременно
недокоснат
неверен
недостоверен
лъжлив
неизползваем
unusably
нестабилна
unuseably
необикновен
необикновено
unviewable
нежелан
неоправдан
unwatchable
нежелан
неразположен
тромав
неохотен
неохотно
нежелание
неразумен
неразумно
неприложима
недостоен
неотстъпчив
упреквам
катаклизъм
бунт
врява
шумен
гръмогласно
uproarous
uproarously
изкоренявам
разстроен
upseting
разстройства
разстройващо
upsettingly
спешно
безполезен
узурпира
узурпатор
напълно
скитник
неясен
неяснота
напразен
напразно
суета
разпален
яростно
отмъщение
отмъстителен
отмъстително
vengefulness
отрова
отровен
злобно
отдушник
следи
досаждам
раздразнение
неприятно
vexingly
клатя
вибрира
вибрира
вибриращи
вибрация
заместник
порочен
порочно
порочност
гоня
подъл
подлостта
хуля
долен
villainously
злодеи
злодей
villianous
villianously
villify
отмъстителен
отмъстително
отмъстителност
нарушават
нарушение
нарушител
нарушителите
насилствен
насилствено
пепелянка
вирулентност
вирулентен
яростно
вирус
гласовит
гръмогласно
летлив
летливост
бълвоч
повърна
повръщане
повръщане
вулгарен
уязвим
Wack
вой
валям
гаснене
Намаляващ
разпуснат
войната като
предпазливо
предпазливост
войнствен
предупреди
внимание
основа
наснован
предпазлив
размити
отпадъци
пропилян
разточителен
разточителството
пилеене
вода-надолу
разводнена
своенравен
слаб
отслаби
отслабване
-слаба
слабост
Слабости
умора
изморителен
изтощен
клин
плевел
плача
странен
странно
измъквам
хленчене
вой
плачлив
хленчещо
камшици
курва
курви
зъл
нечестие
порочност
див
диво
хитрини
отпадам
хитър
задръстени
потрепване
потреперване
поклащаше
колебания
неволя
злочест
печален
печално
женкар
женкар
носен
разтревожен
притеснено
суетлив човек
притеснения
тревожен
безпокоя
тревожна
обезпокоително
по-лошо
влоши
влошаване
най-лошото
безполезен
worthlessly
безполезност
рана
рани
кавга
гняв
опустошавам
причиниха
wreaks
развалина
изтръгвам
боря
нещастник
окаян
нещастно
окаяност
бръчка
сбръчкан
бръчки
wrip
wripped
wripping
гърчене
погрешно
неправилен
погрешно
кован
прозявам се
раз-два
Zapped
превключвате
фанатик
ревностен
ревностно
зомби