A +
изобилстват
изобилства
изобилие
изобилен
достъпен
достъпен
аплодирам
аплодирана
акламация
похвала
отличия
нерестриктивната
accomodative
постигнете
осъществен
постижение
постижения
точен
акуратно
постижим
постижение
постижения
achievible
проницателност
приспособим
адаптивна
адекватен
регулируем
възхитителен
възхитително
възхищение
уважавам
обожател
възхищавах
възхищение
възхитителен
обожавам
обожаваше
обожател
обожаващи
обожание
ловък
ловко
лаская
ласкателство
низкопоклоннически
напреднал
предимство
изгоден
изгодно
предимства
приключенско
авантюристичен
застъпник
застъпва
застъпници
приветливост
приветлив
приветливо
преструвка
привързаност
привързан
афинитет
твърдя
утвърждаване
утвърдителен
охолство
приток
позволя
достъпни
изгодно
afordable
пъргав
ловко
ловкост
приятен
agreeableness
любезно
всички около
съблазнителен
примамливо
алтруистичен
алтруистично
учудваш
изумени
изумление
изумява
удивителен
изумително
амбициозен
амбициозно
подобрявам
податлив
вежливост
дружелюбност
amiabily
симпатичен
дружелюбие
приятелски
по взаимно съгласие
разбирателство
предостатъчен
щедро
разсмивам
забавен
забавно
ангел
ангелски
апотеоз
обжалване
привлекателен
аплодирам
значителен
ценя
оценявам
оценява
одобрителен
одобрително
подходящ
одобрение
одобрявам
пламенен
пламенно
плам
изразявам
аспирация
стремежи
аспирирам
осигуряване
уверения
уверявам
положително
осигуряващ
учудвам
удивен
удивителен
удивително
учудване
поразявам
поразен
поразителен
поразително
проницателно
внимателен
атракция
атрактивен
атрактивно
настройвам
звуков
гласно
щастлив
автентичен
авторитетен
автономен
на разположение
твърдя
алчен
жадно
награда
възложена
награди
страхопочитание
страхопочитание
страхотен
Awesomely
якия
изпълнена с възхищение
Awsome
гръбнак
уравновесен
сделка
прелестен
красив
beautifullly
прекрасно
разхубавявам
красота
махвам
кимва
помаха
надделява
правдоподобен
believeable
възлюбен
благотворител
благодетелен
благотворен
полезно
бенефициент
облага
Ползи
благосклонност
доброжелателен
Предимства
най-доброто
Най-известен
най-добри резултати
най-продаван
По-добре
по-добре познат
по-добри от очакваното
beutifully
невинен
благославям
благословия
блаженство
блажен
блажено
весел
блокбъстър
разцвет
цвят
уплътнят
гиздав
премия
бонуси
стрела
бума
тласък
безграничен
щедър
brainiest
умен
чисто нов
смел
храброст
браво
пробив
пробиви
задух
спиращ дъха
удивително
полъх
ярък
ободрявам
по-светъл
ярката
блясък
brilliances
блестящ
брилянтно
жив
братски
възходящ
плаващ
лаская
спокоен
успокояващ
спокойствие
способност
способен
умело
покорявам
пленителен
безгрижен
пари обратно
отстъпки при
затруднен
празнувам
знаменит
празненство
празнична
шампион
шампион
непреодолим чар
харизматичен
благотворителен
чар
очарователен
очарователно
целомъдрен
по-евтин
евтиният
ура
радостен
весел
храня
съкровените
херувим
шик
рицарски
рицарство
учтивост
цивилизовам
яснота
класически
елегантен
чист
чистач
чистият
чистота
чисто
ясно
ясно очертани
изчиства
-ясно
ясно
почиства
хитър
хитро
съгласувам
съгласуваност
съгласуван
сплотен
цветен
миловиден
комфорт
комфортен
удобно
успокоителен
удобен
поверявам
похвален
похвално
задължение
просторен
компактен
компактно
съчувствие
съчувствен
съвместим
конкурентен
допълнение
допълнителен
допълнено
допълнения
съвместим
комплимент
безплатна
подробен
умилостивявам
отстъпчив
сбит
увереност
уверен
свойствен
поздравявам
поздравление
поздравления
поздравителен
съвестен
внимателен
последователен
последователно
градивен
ненадминат
доволство
продължителност
контрастни
принос
удобство
удобен
удобно
convience
convienient
convient
убедителен
убедително
готино
якото
кооперативен
в сътрудничество
крайъгълен камък
правилен
правилно
рентабилен
намаляване на разходите
контраатака
контра-атаки
кураж
смел
смело
courageousness
учтив
според етикецията
завет
уютен
творчески
доверие
правдоподобен
свеж
отчетливи
лек
панацея
лек
сладък
привлекателните костюми
Danke
danken
дързост
дръзко
любимец
елегантен
неустрашим
разсъмване
заслепяване
заслепен
ослепителен
мъртъв-евтин
умрели във
благоприличие
свестен
решителен
решителност
посветен
поражение
победен
побеждаване
поражения
защитник
уважение
пъргав
deginified
възхитителен
деликатес
деликатен
много вкусен
наслада
удоволствието
възхитителен
възхитително
delightfulness
надежден
надеждно
заслужено
достоен
желателен
желаейки
в желанието си да
съдба
разглобяем
благочестив
сръчен
сръчно
сръчен
достоен
въздигам
достойнство
усърдие
усърден
прилежно
дипломатически
много евтино
отличие
отличителен
изтъкнат
разнообразен
божествен
божествено
упражнявам контрол
доминиран
доминира
оглупявам
dotingly
несъмнено
страна на приказките
втрещен
dumbfounding
сляпо-доказателство
траен
динамичен
нетърпелив
нетърпение
пламенност
добросъвестен
сериозно
усърдие
лекота
облекчени
Улеснява
по-лесно
Най-лесният
лекота
облекчаване
лесно
лесен за използване
отстъпчив
жизнерадост
врящ
ebulliently
ecenomical
икономичен
екстаз
екстаз
възторжен
възторжено
поучавам
образован
ефективен
ефективно
ефикасност
ефикасен
ефикасен
ефикасен
ефикасно
без усилие
без усилие
изливане
прочувствен
възторжено
effusiveness
устрем
опиянявам
въодушевен
elatedly
главозамайване
електрифицирам
елегантност
елегантен
елегантно
издигам
елит
красноречие
красноречив
красноречиво
окуражавам
възвишение
изтъкнат
съпричастни
съпричастие
овласти
овластяване
очаровам
омагьосан
пленителен
приказно
насърчавам
насърчаване
обнадеждаващ
окуражително
правя скъп
скъп
одобрявам
одобрен
джиро
Подкрепя
одобрява
енергичен
стимулирам
енергийна ефективност
пестене на енергия
привлекателен
увлекателен
засили
подобрено
усилване
усилва
насладите
приятен
приятно
се забавлявахме
наслаждавайки
наслада
радва
просвещавам
просвещение
съживявам
облагородявам
достатъчно
enrapt
очаровам
възторжен
обогатявам
обогатяване
предприемчив
забавлявам
забавен
забавлява
омайвам
омайвам
очаровани
ентусиазирам
ентусиазъм
ентусиаст
ентусиазиран
ентусиазирано
примами
подлъгва
привлекателен
примамливо
завоюва
омаен
поверявам
завиден
завидно
завистлив
завистливо
enviousness
завист
справедлив
ергономични
заблуждават-свободен
учен
етичен
възхвалявам
еуфория
еуфорично
еуфорично
оценим
равно
съдбовен
вечен
емоционален
величая
екзалтация
издигнат
exaltedly
превъзнасяне
exaltingly
examplar
Примерна
excallent
превишава
превишен
превишаваща
извънредно
надвишава
Excel
exceled
отлично
excellant
надмина
превъзходство
превъзходителство
отличен
отлично
превъзхожда
изключителен
изключително
развълнуван
възбуден
възбудено
възбуденост
вълнение
вълнува
вълнуващ
вълнуващо
отлично
пример
примерен
развеселявам
вълнуваща
освежаващия
ободряване
реабилитирам
експанзивен
експедитивно
умело
изискан
изящно
величая
extoll
изключително
необикновен
жизнерадост
темпераментен
буйно
ликувам
тържествуващ
ликуване
извънаредно
око-улов
привличащи погледа
eyecatch
eyecatching
баснословен
приказно
улесняване
справедлив
сравнително
честност
вяра
верен
вярно
вярност
слава
прочут
известен
отлично
любител
fancinating
фантазия
фанфара
феновете
фантастичен
фантастично
омайвам
очарователен
пленително
очарование
модерен
модно
бърз
бързорастящи
забързан
по-бързо
Най-бързият
най-бързо развиващата
безупречен
предп
Любим
полза
благоприятен
облагодетелствуван
любим
като любим
услуга
безстрашен
безстрашно
осъществим
реално
подвиг
богат на функции
fecilitous
борбен
честитя
удачен
щастие
плодороден
ревностен
пламенно
горещ
fervidly
плам
празничен
вярност
огнен
глоба
глоба изглеждащи
ситно
фина
най-добрите
стегната
първи клас
първи в класа си
първокласен
наперен
лаская
ласкателен
ласкаво
безупречен
безотказно
гъвкавост
гъвкав
процъфтява
разцвет
гладък
трептене
любител
наивно
привързаност
съвсем прост
най-важен
предвидливост
страхотен
твърдост
случаен
случайно
щастлив
за щастие
богатство
ароматен
Безплатно
освободен
свобода
свободи
прясно
първокурсник
пресните
доброжелателство
приятелски
веселие
пестелив
плодотворен
FTW
изпълняване
шега
futurestic
футуристичен
веселост
весело
печалба
придобит
рентабилен
възмездно
набира
доходи
галантен
галантно
в изобилие
geekier
шантавите
скъпоценен камък
скъпоценни камъни
щедрост
щедър
щедро
гениален
гений
лек
нежния
истински
надарен
доволен
зарадвам
с удоволствие
радост
бляскав
радост
радостен
радостно
проблясък
проблясък
светя
блестящ
блясък
глиц
прославям
славен
славно
слава
светя
нажежен
glowingly
добре дошъл
Божи дар
божествен
Божи дар
злато
златист
добър
красив
доброта
добра воля
goood
gooood
разкошен
великолепно
грация
грациозен
грациозно
милостив
благосклонно
благост
грандиозен
величественост
благодарен
с благодарност
удовлетворение
задоволство
задоволява
поласкавам
удовлетворяващо
gratifyingly
благодарност
страхотен
най велик
величие
хилене
новаторски
гаранция
ръководство
невинен
съобразителност
излияния
удоволствие
страстен
градушка
тих
здрав
контролен печат
белези
освети
-удобно
лекота
Ръцете-надолу
красив
щедро
сръчен
-щастливи
щастливо
щастие
щастлив
работя упорито
-устойчив
издръжлив
безвреден
хармоничен
хармонично
хармонизира
хармония
напредък
лекувам
здравословен
здрав
окуражавам
показателен
прочувствен
от сърце
затрогващ
рай
небесен
помогна
полезен
подпомагане
герой
героичен
героично
героиня
heroize
Херос
високо качество
буен
весел
свят
почит
честен
честност
чест
почтен
удостоен
почитане
ура
обещаващ
гостоприемен
горещ
hotcake
горещи торти
най-горещите
прегръдка
хуманен
скромен
смирение
хумор
хумористичен
шеговито
хумор
шеговито
идеален
идеализирам
идеално
идол
обожавам
идол
идиличен
озарявам
илюминати
осветителен
осветявам
знаменит
ИТЕ
imaculate
въображаем
безупречен
безупречно
огромната
безпристрастен
безпристрастност
безпристрастно
възбуден
безпогрешен
безупречно
важно
впечатлявам
впечатлен
впечатлява
внушителен
впечатляващо
внушителност
подобряване на
подобрен
подобрение
подобрения
подобрява
подобряване
невероятен
невероятно
задължен
индивидуализиран
снизхождение
снизходителен
трудолюбив
неоценим
извънредно много
евтин
непогрешимост
непогрешим
непогрешимо
влиятелен
изобретателен
изкусно
изобретателност
наивен
находчиво
безвреден
иновация
иновативен
inpressed
проникновен
insightfully
вдъхновение
вдъхновяваща
вдъхновяват
вдъхновяващо
мигновено
поучителен
инструментален
интегрален
интегриран
интелигентност
интелигентен
разбираем
интересен
интереси
интимност
интимен
сложен
интрига
заинтригуващ
интригуващо
интуитивен
безценен
invaluablely
изобретателен
приятен
ободряваща
непобедимост
непобедим
неприкосновена
неприкосновен
неуязвим
незаменим
безупречен
непреодолим
неустоимо
въпрос без
челюст-отпадне
смайващото
развеселявам
весел
весел
радост
радостен
радостно
радостен
радостно
ликуващ
тържествуващо
ликувам
тържествуване
jubiliant
разумен
праведно
остър
силно
острота
дете-приятелски
мекота
любезно
доброта
добре осведомен
слава
с голям капацитет
възхвалявам
похвален
laudably
разточителен
щедро
почтен
законен
законно
водя
водещ
проводници
слаб
водена
легендарен
ливъридж
лекомислие
освобождавам
освобождение
свобода
спасител
безгрижен
запалка
привлекателен
като
харесали
харесвания
вкус
Лъвското сърце
оживено
логичен
дълготраен
мил
lovably
обичам
обичал
прелест
прекрасен
любовник
обича
нежен
ниска цена
ниска цена
ниски цени
малък риск
по-ниски цени
лоялен
лоялност
ясен
ясно присъствие
късмет
повече късмет
щастливият
luckiness
късметлия
доходен
светлинен
сочен
блясък
лъскав
буен
живея в охолство
луксозен
разкошно
лукс
лиричен
магия
магически
великодушен
великодушно
великолепие
великолепен
пищно
величествен
величие
лесно управляем
маневрен
чудо
почудиха
почудиха
чудесен
чудесен
чуден
marvelousness
чудеса
майстор
майсторски
майсторски
шедьовър
шедьоври
майстори
майсторство
безподобен
зрял
зряло
зрялост
смислен
запомнящ се
милостив
милостиво
милост
заслуга
похвален
весело
веселие
merriness
весел
хипнотизирам
хипнотизиран
mesmerizes
хипнотизиращ
mesmerizingly
най-щателен
щателно
мощно
могъщ
умопомрачителен
чудо
чудеса
чудотворен
чудо
чудотворната
модерен
скромен
скромност
важен
монументален
монументално
морал
мотивирани
многоцелеви
плавателен
чист
ясните примери
спретнато
приятен
добре
-хубав
хубавото
готин
пъргав
благороден
благородно
безшумен
ненасилие
ненасилствено
особено
забележителен
изхранвам
хранителен
храна
новост
подхранване
оазис
мания
мании
може да се получи
открито
откритост
оптимално
оптимизъм
оптимистичен
пищен
подреден
оригиналност
надминавам
надминава
превъзхождат
надмина
надвишаващ
превъзхожда
затъмнявам
надмина
надхитрям
неизплатен
изключително
изпреварвам
заблуждавам
овации
зарадвах
изпревари
застигнато
изпреварва
изпреварване
настигнаха
увертюра
без болка
безболезнен
безболезнено
разкошен
глезя
поглезете
pamperedly
pamperedness
марка бебешки пелени
панорамен
рай
първостепенен
Моля
страст
страстен
страстно
търпение
пациент
търпеливо
патриот
патриотичен
мир
миролюбив
спокоен
мирно
миротворци
праскова
безподобен
жизненост
pepped
Ободрявайки
весел
оживява
съвършен
съвършенство
перфектно
допустим
постоянство
постоянствувам
персонажи
персонализирана
феноменален
феноменално
живописен
благочестие
връхна точка
игрив
игриво
приятен
приятно
доволен
угодно
приятен
приятно
приятен
удоволсвено
удоволствие
изобилен
плюсове
плюш
плюсовете
поетичен
поетизирам
трогателен
уравновесеност
готова
полиран
учтив
учтивост
популярен
портативен
луксозен
положителен
положително
позитиви
мощен
мощно
възхвала
похвален
хвалеше
първостепенна
скъпоценен
точен
точно
превъзходен
предпочитам
за предпочитане
за предпочитане
предпочитан
preferes
предпочитащи
предпочита
премиер
престиж
престижната
хубаво
доста
безценен
гордост
принципен
привилегия
привилегирован
награда
проактивна
безпроблемна
разрешаващ проблеми
изумителен
удивително
чудо
продуктивен
продуктивно
опитен
професионализъм
дълбок
дълбоко
разкошен
изобилие
прогрес
прогресивен
плодовит
известност
виден
обещание
обещан
обещания
обещаващ
промотор
бърз
незабавно
надлежен
правилно
благоприятен
propitiously
професионалисти
просперира
благоденствие
процъфтяващ
prospros
защитят
защита
предпазен
горд
доказан
доказва,
провидение
доказване
мъжество
предпазливост
предпазлив
благоразумно
точен
чист
пречисти
целенасочен
старомоден
компетентен
квалифицира
по-бързо
тих
по-тих
сияние
сияен
бърз
разбирателство
прехласнат
възторг
raptureous
raptureously
възторжен
възторжено
рационален
рязкост
постижимо
четлив
лесно
готов
потвърждавам
потвърждение
реалистичен
реализуем
разумен
разумно
мотивирано
успокоение
успокоявам
възприемчив
възвърнат
препоръчвам
препоръчвам
препоръка
препоръки
препоръчително
примири
помирение
запис-настройка
възвръщам
възстановяване
поправка
поправи
изправителен
изкупи
компенсиращ
изкупление
прецизиране
рафиниран
изисканост
реформа
реформиран
реформиране
реформи
опресняване
освежени
освежителен
възстановяване
възстановява
царствен
царски
връзка
радвай се
радост
радостно
обновявам
подмладена
подмладяващ
отпуснат
ставам по-отстъпчив
надежден
надеждно
облекчение
наслада
забележителен
забележително
лекарство
опрощаване
заплащам
Ренесанс
продължен
известност
известен
заменим
почтен
репутация
еластичен
решителен
прославям
шумен
изобретателен
находчивост
отношение
уважаван
почтителен
почтително
отсрочка
блестящ
отговорно
отзивчив
спокоен
възстановено
преструктурира
преструктурирана
преструктуриране
прибиращ
пир
откровение
тача
благоговение
благоговейно
почтително
съживяване
възраждане
съживявам
съживява
революционер
революционизирам
революция
революционизира
награда
възнаграждаване
плодотворно
богат
-богати
богато
богатство
прав
изправям
праведен
праведно
правда
полагащото
с право
правилно
правота
безрисков
здрав
рок звезда
рок-звезди
рок звезда
Rockstars
романтичен
романтично
романтик съм
просторно
просторен
розов
сейф
благополучно
интелегентност
дълбокомислено
светец
святост
свят
полезен
поздрав
здравомислещ
задоволително
задоволителен
удовлетворен
удовлетворява
посрещам
задоволяващ
удовлетворени от работата
спестител
спестявания
спасител
акъл
панорамен
безшевни
подправен
сигурен
сигурно
селективен
самоопределение
самоуважение
самодоволство
самозадоволяване
самостоятелен
сензация
сензационен
сензационно
усещания
разумен
благоразумно
чувствителен
ведър
спокойствие
сексапилен
рязък
рязък
резкият
блестящо
shimmeringly
блясък
лъскав
значителен
мълчалив
-проста
простият
опростен
опростява
опростявам
опростяване
искрен
искрено
искреност
умение
квалифициран
сръчен
умело
Забива
лъскав
хлъзгав
интелигентен
-умни
умният
изящно
усмивка
усмивки
усмихнати
усмихнато
поразен
гладък
-гладка
изглажда
плавните
гладко
пъргав
шик
общителен
мек
по-мек
утеха
загрижен
загрижено
твърд
солидарност
утешавам
успокоително
сложен
прекалено емоционален
солидно
стабилност
просторен
блясък
искрящ
грандиозен
ефектно
бързо
бърз
омагьосвам
омагьосващ
spellbindingly
очарован
енергичен
духовен
прекрасен
великолепно
блясък
спонтанен
спортен
неопетнен
весел
стабилност
стабилизира
стабилен
неръждаема
Да изпъкнеш
състоянието на най-съвременните
величествен
величествен
верен
твърдо
непоклатимост
твърд
непоколебимо
твърдост
последователният
устойчивост
стабилен
звезден
stellarly
стимулират
стимулира
стимулиране
стимулиращият
stirringly
оправям
прост
аеродинамичен
поразителен
поразително
стремеж
силен
-силен
силният
изумен
зашеметяващ
зашеметяващо
изумителен
изумително
-здрави
здрав
стилен
стилно
стилизиран
учтив
ласкаво
възвишен
субсидира
субсидирани
субсидират
субсидиране
съществен
успявам
успели
постигане на успех
успее
успех
успех
успехи
успешен
успешно
е достатъчно
наситила
достатъчен по
достатъчен
достатъчно
подходящ
разкошен
бляскаво
разкош
супер
превъзходен
отлично
изключителен
превъзходство
гъвкав
подкрепа
подкрепена
поддръжник
поддържащ
подкрепяща
подпори
превъзходство
върховен
безпределно
supurb
supurbly
преодолявам
надмине
сюрреалистична
оцеляване
оцелял
устойчивост
устойчивото
надуване
swankier
swankiest
ефектен
метене
сладка
наторявам
скъпа
мелодично
сладост
бърза
бързина
талант
талантлив
таланти
измъчвам с неосъществими мечти
мъчителен
изкусително
изкушавам
примамлив
изкусително
упорит
упорито
упоритост
търг
нежно
ужасен
страшно
благодаря
благодарен
разредител
внимателен
замислено
замисленост
спестовност
пестелив
трепет
развълнуван
вълнуващ
вълнуващо
трепети
процъфтявам
преуспяващ
палец нагоре
палец
гъдел
спретнат
почитан
своевременен
бучене в ушите
дразня
възбуждащо
titillatingly
заедност
поносим
без такса
връх
най-доброто
най-високо качество
най-доброто
върхове
труден
строги
-трудните
тяга
тих
спокойствие
прозрачен
съкровище
неимоверно
в крак с модата
триумф
триумфален
триумфиращ
триумфално
тривиално
трофей
безпроблемна
коз
тромпет
Доверие
доверен
доверчив
доверчиво
благонадеждност
заслужаващ доверие
сигурен
честен
правдиво
правдивост
twinkly
ултра-свеж
невъзмутим
безсрамно
незасегнат
неопровержим
непобедим
безпристрастен
свободен
опростен
безусловен
невредим
непоколебим
разбираем
безспорен
undisputably
безспорен
необременен
недвусмислен
недвусмислено
невъзмутимо
безпрепятствен
незабравим
единство
неограничен
ненадминат
несравним
безспорен
безспорно
нереален
неограничен
ненадминат
щедър
непоколебим
оптимистичен
надстроява
надстройва
обновен
уважава
подкрепям
подем
повдигане
upliftingly
извисяване
Изисканият
използваем
използваема
полезен
удобен за потребителя
сменяема
храбър
храбро
доблест
ценен
разнообразие
почитам
проверим
същински
гъвкав
гъвкавост
жизнена
трептящо
победоносен
победа
видима
бдителност
бдителен
добродетел
добродетелен
добродетелно
мечтател
жив
ярък
отговарям
благоволявам
топло
-топло
отзивчив
топло
топлина
богат
добре дошли
добре
добре осветен
уравновесен
с добро поведение
благосъстояние
благовъзпитан
с големи връзки
добре възпитан
утвърдена
добре осведомен
добронамерен
всеизвестен
добре направен
добре управлявана
с добри обноски
добре позиционирана
добре приет
добре разглежда
закръглен
добре управлявана
доброжелатели
благополучие
прт
с цялото си сърце
благотворен
whooa
whoooa
владеещ
склонен
охотно
готовност
печеля
кьораво
може да бъде спечелена
победител
победители
спечелване
победи
мъдрост
мъдър
мъдро
остроумен
Спечелени
чудя се
чудесен
чудесно
wonderous
wonderously
чудеса
удивително
стремя се да спечеля
работа
изпълним
работил
върши работа
световноизвестния
заслужава си
си заслужава
достойнство
си заслужава
достоен
Брей
изумили
wowing
изуми
ура
млад
усърдие
зенит
жар
пъргав
